../libraries/mbed/targets/hal/TARGET_NXP/TARGET_LPC176X/can_api.c:151:6:can_irq_n	24	static
../libraries/mbed/targets/hal/TARGET_NXP/TARGET_LPC176X/can_api.c:81:5:can_mode	0	static
../libraries/mbed/targets/hal/TARGET_NXP/TARGET_LPC176X/can_api.c:123:5:can_filter	0	static
../libraries/mbed/targets/hal/TARGET_NXP/TARGET_LPC176X/can_api.c:166:6:can_irq_init	4	static
../libraries/mbed/targets/hal/TARGET_NXP/TARGET_LPC176X/can_api.c:172:6:can_irq_free	4	static
../libraries/mbed/targets/hal/TARGET_NXP/TARGET_LPC176X/can_api.c:182:6:can_irq_set	8	static
../libraries/mbed/targets/hal/TARGET_NXP/TARGET_LPC176X/can_api.c:321:6:can_free	0	static
../libraries/mbed/targets/hal/TARGET_NXP/TARGET_LPC176X/can_api.c:328:5:can_frequency	8	static
../libraries/mbed/targets/hal/TARGET_NXP/TARGET_LPC176X/can_api.c:295:6:can_init	24	static
../libraries/mbed/targets/hal/TARGET_NXP/TARGET_LPC176X/can_api.c:343:5:can_write	24	static
../libraries/mbed/targets/hal/TARGET_NXP/TARGET_LPC176X/can_api.c:403:5:can_read	40	static
../libraries/mbed/targets/hal/TARGET_NXP/TARGET_LPC176X/can_api.c:427:6:can_reset	0	static
../libraries/mbed/targets/hal/TARGET_NXP/TARGET_LPC176X/can_api.c:432:15:can_rderror	0	static
../libraries/mbed/targets/hal/TARGET_NXP/TARGET_LPC176X/can_api.c:436:15:can_tderror	0	static
../libraries/mbed/targets/hal/TARGET_NXP/TARGET_LPC176X/can_api.c:440:6:can_monitor	0	static
