../libraries/mbed/targets/hal/TARGET_NXP/TARGET_LPC176X/gpio_irq_api.c:27:13:handle_interrupt_in	40	static
../libraries/mbed/targets/hal/TARGET_NXP/TARGET_LPC176X/gpio_irq_api.c:82:5:gpio_irq_init	16	static
../libraries/mbed/targets/hal/TARGET_NXP/TARGET_LPC176X/gpio_irq_api.c:105:6:gpio_irq_free	0	static
../libraries/mbed/targets/hal/TARGET_NXP/TARGET_LPC176X/gpio_irq_api.c:109:6:gpio_irq_set	8	static
../libraries/mbed/targets/hal/TARGET_NXP/TARGET_LPC176X/gpio_irq_api.c:154:6:gpio_irq_enable	0	static
../libraries/mbed/targets/hal/TARGET_NXP/TARGET_LPC176X/gpio_irq_api.c:158:6:gpio_irq_disable	0	static
