../libraries/mbed/targets/hal/TARGET_NXP/TARGET_LPC176X/serial_api.c:300:6:uart1_irq	0	static
../libraries/mbed/targets/hal/TARGET_NXP/TARGET_LPC176X/serial_api.c:301:6:uart2_irq	0	static
../libraries/mbed/targets/hal/TARGET_NXP/TARGET_LPC176X/serial_api.c:302:6:uart3_irq	0	static
../libraries/mbed/targets/hal/TARGET_NXP/TARGET_LPC176X/serial_api.c:299:6:uart0_irq	0	static
../libraries/mbed/targets/hal/TARGET_NXP/TARGET_LPC176X/serial_api.c:85:6:serial_init	64	static
../libraries/mbed/targets/hal/TARGET_NXP/TARGET_LPC176X/serial_api.c:148:6:serial_free	0	static
../libraries/mbed/targets/hal/TARGET_NXP/TARGET_LPC176X/serial_api.c:154:6:serial_baud	56	static
../libraries/mbed/targets/hal/TARGET_NXP/TARGET_LPC176X/serial_api.c:250:6:serial_format	24	static
../libraries/mbed/targets/hal/TARGET_NXP/TARGET_LPC176X/serial_api.c:304:6:serial_irq_handler	8	static
../libraries/mbed/targets/hal/TARGET_NXP/TARGET_LPC176X/serial_api.c:333:6:serial_irq_set	8	static
../libraries/mbed/targets/hal/TARGET_NXP/TARGET_LPC176X/serial_api.c:347:5:serial_getc	0	static
../libraries/mbed/targets/hal/TARGET_NXP/TARGET_LPC176X/serial_api.c:357:6:serial_putc	12	static
../libraries/mbed/targets/hal/TARGET_NXP/TARGET_LPC176X/serial_api.c:363:5:serial_readable	0	static
../libraries/mbed/targets/hal/TARGET_NXP/TARGET_LPC176X/serial_api.c:367:5:serial_writable	0	static
../libraries/mbed/targets/hal/TARGET_NXP/TARGET_LPC176X/serial_api.c:380:6:serial_clear	0	static
../libraries/mbed/targets/hal/TARGET_NXP/TARGET_LPC176X/serial_api.c:387:6:serial_pinout_tx	0	static
../libraries/mbed/targets/hal/TARGET_NXP/TARGET_LPC176X/serial_api.c:391:6:serial_break_set	0	static
../libraries/mbed/targets/hal/TARGET_NXP/TARGET_LPC176X/serial_api.c:395:6:serial_break_clear	0	static
../libraries/mbed/targets/hal/TARGET_NXP/TARGET_LPC176X/serial_api.c:399:6:serial_set_flow_control	48	static
