Archive member included to satisfy reference by file (symbol)

C:\Users\Yuan Quan\ISC\Onboarding\ElecOnboarding24\Firmware\common\LPC15x9\libcommon.a(WDT.o)
                              ./src/peripherals.o (WDT::WDT(unsigned long))
C:\Users\Yuan Quan\ISC\Onboarding\ElecOnboarding24\Firmware\common\LPC15x9\libcommon.a(TimingCommon.o)
                              ./src/peripherals.o (TimingCommon::TimingCommon())
C:\Users\Yuan Quan\ISC\Onboarding\ElecOnboarding24\Firmware\common\LPC15x9\libcommon.a(hardware_common_mbed.o)
                              ./src/peripherals.o (hardware_common_mbed::hardware_common_mbed(mbed::Timer*, mbed::CAN*, WDT*))
C:\Users\Yuan Quan\ISC\Onboarding\ElecOnboarding24\Firmware\mbed\LPC15x9\libmbed.a(startup_LPC15xx.o)
                              (ResetISR)
C:\Users\Yuan Quan\ISC\Onboarding\ElecOnboarding24\Firmware\mbed\LPC15x9\libmbed.a(system_LPC15xx.o)
                              C:\Users\Yuan Quan\ISC\Onboarding\ElecOnboarding24\Firmware\mbed\LPC15x9\libmbed.a(startup_LPC15xx.o) (SystemInit)
C:\Users\Yuan Quan\ISC\Onboarding\ElecOnboarding24\Firmware\mbed\LPC15x9\libmbed.a(CAN.o)
                              ./src/peripherals.o (mbed::CAN::~CAN())
C:\Users\Yuan Quan\ISC\Onboarding\ElecOnboarding24\Firmware\mbed\LPC15x9\libmbed.a(Timer.o)
                              ./src/peripherals.o (mbed::Timer::Timer())
C:\Users\Yuan Quan\ISC\Onboarding\ElecOnboarding24\Firmware\mbed\LPC15x9\libmbed.a(assert.o)
                              C:\Users\Yuan Quan\ISC\Onboarding\ElecOnboarding24\Firmware\common\LPC15x9\libcommon.a(hardware_common_mbed.o) (mbed_assert_internal)
C:\Users\Yuan Quan\ISC\Onboarding\ElecOnboarding24\Firmware\mbed\LPC15x9\libmbed.a(board.o)
                              C:\Users\Yuan Quan\ISC\Onboarding\ElecOnboarding24\Firmware\mbed\LPC15x9\libmbed.a(assert.o) (mbed_die)
C:\Users\Yuan Quan\ISC\Onboarding\ElecOnboarding24\Firmware\mbed\LPC15x9\libmbed.a(gpio.o)
                              ./src/pins.o (gpio_init_out)
C:\Users\Yuan Quan\ISC\Onboarding\ElecOnboarding24\Firmware\mbed\LPC15x9\libmbed.a(ticker_api.o)
                              C:\Users\Yuan Quan\ISC\Onboarding\ElecOnboarding24\Firmware\mbed\LPC15x9\libmbed.a(Timer.o) (ticker_read)
C:\Users\Yuan Quan\ISC\Onboarding\ElecOnboarding24\Firmware\mbed\LPC15x9\libmbed.a(us_ticker_api.o)
                              C:\Users\Yuan Quan\ISC\Onboarding\ElecOnboarding24\Firmware\mbed\LPC15x9\libmbed.a(Timer.o) (get_us_ticker_data)
C:\Users\Yuan Quan\ISC\Onboarding\ElecOnboarding24\Firmware\mbed\LPC15x9\libmbed.a(wait_api.o)
                              C:\Users\Yuan Quan\ISC\Onboarding\ElecOnboarding24\Firmware\mbed\LPC15x9\libmbed.a(board.o) (wait_ms)
C:\Users\Yuan Quan\ISC\Onboarding\ElecOnboarding24\Firmware\mbed\LPC15x9\libmbed.a(can_api.o)
                              C:\Users\Yuan Quan\ISC\Onboarding\ElecOnboarding24\Firmware\mbed\LPC15x9\libmbed.a(CAN.o) (can_mode)
C:\Users\Yuan Quan\ISC\Onboarding\ElecOnboarding24\Firmware\mbed\LPC15x9\libmbed.a(gpio_api.o)
                              C:\Users\Yuan Quan\ISC\Onboarding\ElecOnboarding24\Firmware\mbed\LPC15x9\libmbed.a(gpio.o) (gpio_init)
C:\Users\Yuan Quan\ISC\Onboarding\ElecOnboarding24\Firmware\mbed\LPC15x9\libmbed.a(pinmap.o)
                              C:\Users\Yuan Quan\ISC\Onboarding\ElecOnboarding24\Firmware\mbed\LPC15x9\libmbed.a(gpio_api.o) (pin_mode)
C:\Users\Yuan Quan\ISC\Onboarding\ElecOnboarding24\Firmware\mbed\LPC15x9\libmbed.a(us_ticker.o)
                              C:\Users\Yuan Quan\ISC\Onboarding\ElecOnboarding24\Firmware\mbed\LPC15x9\libmbed.a(us_ticker_api.o) (us_ticker_init)
C:\Users\Yuan Quan\ISC\Onboarding\ElecOnboarding24\Firmware\mbed\LPC15x9\libmbed.a(cmsis_nvic.o)
                              C:\Users\Yuan Quan\ISC\Onboarding\ElecOnboarding24\Firmware\mbed\LPC15x9\libmbed.a(can_api.o) (NVIC_SetVector)
e:/uiuc/24fall/mcuxpressoide_11.9.1_2170/ide/plugins/com.nxp.mcuxpresso.tools.win32_11.9.1.202402080819/tools/bin/../lib/gcc/arm-none-eabi/12.3.1/thumb/v7-m/nofp\libgcc.a(_arm_mulsf3.o)
                              C:\Users\Yuan Quan\ISC\Onboarding\ElecOnboarding24\Firmware\mbed\LPC15x9\libmbed.a(wait_api.o) (__aeabi_fmul)
e:/uiuc/24fall/mcuxpressoide_11.9.1_2170/ide/plugins/com.nxp.mcuxpresso.tools.win32_11.9.1.202402080819/tools/bin/../lib/gcc/arm-none-eabi/12.3.1/thumb/v7-m/nofp\libgcc.a(_arm_addsubsf3.o)
                              C:\Users\Yuan Quan\ISC\Onboarding\ElecOnboarding24\Firmware\mbed\LPC15x9\libmbed.a(Timer.o) (__aeabi_i2f)
e:/uiuc/24fall/mcuxpressoide_11.9.1_2170/ide/plugins/com.nxp.mcuxpresso.tools.win32_11.9.1.202402080819/tools/bin/../lib/gcc/arm-none-eabi/12.3.1/thumb/v7-m/nofp\libgcc.a(_arm_muldivsf3.o)
                              C:\Users\Yuan Quan\ISC\Onboarding\ElecOnboarding24\Firmware\mbed\LPC15x9\libmbed.a(Timer.o) (__aeabi_fdiv)
[...]
Memory Configuration

Name             Origin             Length             Attributes
MFlash256        0x00000000         0x00040000         xr
Ram0_16          0x02000100         0x00003f00         xrw
Ram1_16          0x02004000         0x00004000         xrw
Ram2_4           0x02008000         0x00001000         xrw
*default*        0x00000000         0xffffffff

Linker script and memory map

LOAD ./src/main.o
LOAD ./src/peripherals.o
LOAD ./src/pins.o
LOAD C:\Users\Yuan Quan\ISC\Onboarding\ElecOnboarding24\Firmware\common\LPC15x9\libcommon.a
LOAD C:\Users\Yuan Quan\ISC\Onboarding\ElecOnboarding24\Firmware\mbed\LPC15x9\libmbed.a
START GROUP
LOAD e:/uiuc/24fall/mcuxpressoide_11.9.1_2170/ide/plugins/com.nxp.mcuxpresso.tools.win32_11.9.1.202402080819/tools/bin/../lib/gcc/arm-none-eabi/12.3.1/thumb/v7-m/nofp\libgcc.a
LOAD e:/uiuc/24fall/mcuxpressoide_11.9.1_2170/ide/plugins/com.nxp.mcuxpresso.tools.win32_11.9.1.202402080819/tools/bin/../lib/gcc/arm-none-eabi/12.3.1/thumb/v7-m/nofp\libc.a
LOAD e:/uiuc/24fall/mcuxpressoide_11.9.1_2170/ide/plugins/com.nxp.mcuxpresso.tools.win32_11.9.1.202402080819/tools/bin/../lib/gcc/arm-none-eabi/12.3.1/thumb/v7-m/nofp\libstdc++.a
LOAD e:/uiuc/24fall/mcuxpressoide_11.9.1_2170/ide/plugins/com.nxp.mcuxpresso.tools.win32_11.9.1.202402080819/tools/bin/../lib/gcc/arm-none-eabi/12.3.1/thumb/v7-m/nofp\libm.a
LOAD e:/uiuc/24fall/mcuxpressoide_11.9.1_2170/ide/plugins/com.nxp.mcuxpresso.tools.win32_11.9.1.202402080819/tools/bin/../lib/gcc/arm-none-eabi/12.3.1/../../../../arm-none-eabi/lib/thumb/v7-m/nofp\libcr_newlib_nohost.a
LOAD e:/uiuc/24fall/mcuxpressoide_11.9.1_2170/ide/plugins/com.nxp.mcuxpresso.tools.win32_11.9.1.202402080819/tools/bin/../lib/gcc/arm-none-eabi/12.3.1/thumb/v7-m/nofp\crti.o
LOAD e:/uiuc/24fall/mcuxpressoide_11.9.1_2170/ide/plugins/com.nxp.mcuxpresso.tools.win32_11.9.1.202402080819/tools/bin/../lib/gcc/arm-none-eabi/12.3.1/thumb/v7-m/nofp\crtn.o
LOAD e:/uiuc/24fall/mcuxpressoide_11.9.1_2170/ide/plugins/com.nxp.mcuxpresso.tools.win32_11.9.1.202402080819/tools/bin/../lib/gcc/arm-none-eabi/12.3.1/thumb/v7-m/nofp\crtbegin.o
LOAD e:/uiuc/24fall/mcuxpressoide_11.9.1_2170/ide/plugins/com.nxp.mcuxpresso.tools.win32_11.9.1.202402080819/tools/bin/../lib/gcc/arm-none-eabi/12.3.1/thumb/v7-m/nofp\crtend.o
END GROUP
                0x00040000                        __top_MFlash256 = 0x40000
                0x02004000                        __top_Ram0_16 = 0x2004000
                0x02008000                        __top_Ram1_16 = 0x2008000
                0x02009000                        __top_Ram2_4 = 0x2009000

.text           0x00000000     0x2e0c
 FILL mask 0xff
 *(.isr_vector)
 .isr_vector    0x00000000       0xfc C:\Users\Yuan Quan\ISC\Onboarding\ElecOnboarding24\Firmware\mbed\LPC15x9\libmbed.a(startup_LPC15xx.o)
                0x00000000                g_pfnVectors
                0x000000fc                        . = ALIGN (0x4)
                0x000000fc                        __section_table_start = .
                0x000000fc                        __data_section_table = .
                0x000000fc        0x4 LONG 0x2e14 LOADADDR (.data)
                0x00000100        0x4 LONG 0x2000100 ADDR (.data)
                0x00000104        0x4 LONG 0x544 SIZEOF (.data)
                0x00000108        0x4 LONG 0x2e14 LOADADDR (.data_RAM2)
                0x0000010c        0x4 LONG 0x2004000 ADDR (.data_RAM2)
                0x00000110        0x4 LONG 0x0 SIZEOF (.data_RAM2)
                0x00000114        0x4 LONG 0x2e14 LOADADDR (.data_RAM3)
                0x00000118        0x4 LONG 0x2008000 ADDR (.data_RAM3)
                0x0000011c        0x4 LONG 0x0 SIZEOF (.data_RAM3)
                0x00000120                        __data_section_table_end = .
                0x00000120                        __bss_section_table = .
                0x00000120        0x4 LONG 0x2000644 ADDR (.bss)
                0x00000124        0x4 LONG 0x3d8 SIZEOF (.bss)
                0x00000128        0x4 LONG 0x2004000 ADDR (.bss_RAM2)
                0x0000012c        0x4 LONG 0x0 SIZEOF (.bss_RAM2)
                0x00000130        0x4 LONG 0x2008000 ADDR (.bss_RAM3)
                0x00000134        0x4 LONG 0x0 SIZEOF (.bss_RAM3)
                0x00000138                        __bss_section_table_end = .
                0x00000138                        __section_table_end = .
 *(.after_vectors*)
 .after_vectors
                0x00000138       0xfc C:\Users\Yuan Quan\ISC\Onboarding\ElecOnboarding24\Firmware\mbed\LPC15x9\libmbed.a(startup_LPC15xx.o)
                0x00000138                ResetISR
 *(.text*)
 .text._Z18checkCANControllerv
                0x00000234       0x10 ./src/main.o
                0x00000234                checkCANController()
 .text._Z9heartbeatv
                0x00000244       0x48 ./src/main.o
                0x00000244                heartbeat()
 .text._Z5setupv
                0x0000028c       0x70 ./src/main.o
                0x0000028c                setup()
 .text.startup.main
                0x000002fc       0x70 ./src/main.o
                0x000002fc                main
 .text.startup._GLOBAL__sub_I_can
                0x0000036c       0x88 ./src/peripherals.o
 .text._ZN4mbed10DigitalOutC2E7PinName
                0x000003f4       0x1a ./src/pins.o
                0x000003f4                mbed::DigitalOut::DigitalOut(PinName)
                0x000003f4                mbed::DigitalOut::DigitalOut(PinName)
 *fill*         0x0000040e        0x2 ff
 .text.startup._GLOBAL__sub_I_led1
                0x00000410       0x34 ./src/pins.o
 .text._ZN3WDTC2Em
                0x00000444       0x4c C:\Users\Yuan Quan\ISC\Onboarding\ElecOnboarding24\Firmware\common\LPC15x9\libcommon.a(WDT.o)
                0x00000444                WDT::WDT(unsigned long)
                0x00000444                WDT::WDT(unsigned long)
 .text._ZN3WDT10setTimeoutEm
                0x00000490       0x40 C:\Users\Yuan Quan\ISC\Onboarding\ElecOnboarding24\Firmware\common\LPC15x9\libcommon.a(WDT.o)
                0x00000490                WDT::setTimeout(unsigned long)
 .text._ZN3WDT6enableEv
                0x000004d0       0x28 C:\Users\Yuan Quan\ISC\Onboarding\ElecOnboarding24\Firmware\common\LPC15x9\libcommon.a(WDT.o)
                0x000004d0                WDT::enable()
 .text._ZN3WDT11causedResetEv
                0x000004f8       0x2c C:\Users\Yuan Quan\ISC\Onboarding\ElecOnboarding24\Firmware\common\LPC15x9\libcommon.a(WDT.o)
                0x000004f8                WDT::causedReset()
 .text._ZN3WDT4feedEv
                0x00000524       0x2c C:\Users\Yuan Quan\ISC\Onboarding\ElecOnboarding24\Firmware\common\LPC15x9\libcommon.a(WDT.o)
                0x00000524                WDT::feed()
 .text._ZN12TimingCommonC2Ev
                0x00000550       0x78 C:\Users\Yuan Quan\ISC\Onboarding\ElecOnboarding24\Firmware\common\LPC15x9\libcommon.a(TimingCommon.o)
                0x00000550                TimingCommon::TimingCommon()
                0x00000550                TimingCommon::TimingCommon()
 .text._ZN12TimingCommonD2Ev
                0x000005c8       0x20 C:\Users\Yuan Quan\ISC\Onboarding\ElecOnboarding24\Firmware\common\LPC15x9\libcommon.a(TimingCommon.o)
                0x000005c8                TimingCommon::~TimingCommon()
                0x000005c8                TimingCommon::~TimingCommon()
 .text._ZN12TimingCommonD0Ev
                0x000005e8       0x1e C:\Users\Yuan Quan\ISC\Onboarding\ElecOnboarding24\Firmware\common\LPC15x9\libcommon.a(TimingCommon.o)
                0x000005e8                TimingCommon::~TimingCommon()
 .text._ZN12TimingCommon22resetCallbackLastTicksEm
                0x00000606       0x42 C:\Users\Yuan Quan\ISC\Onboarding\ElecOnboarding24\Firmware\common\LPC15x9\libcommon.a(TimingCommon.o)
                0x00000606                TimingCommon::resetCallbackLastTicks(unsigned long)
 .text._ZN12TimingCommon5startEPN4mbed5TimerE
                0x00000648       0x40 C:\Users\Yuan Quan\ISC\Onboarding\ElecOnboarding24\Firmware\common\LPC15x9\libcommon.a(TimingCommon.o)
                0x00000648                TimingCommon::start(mbed::Timer*)
 .text._ZN12TimingCommon6onTickEPb
                0x00000688       0xda C:\Users\Yuan Quan\ISC\Onboarding\ElecOnboarding24\Firmware\common\LPC15x9\libcommon.a(TimingCommon.o)
                0x00000688                TimingCommon::onTick(bool*)
 .text._ZN12TimingCommon11addCallbackEmPFvvE
                0x00000762       0x5a C:\Users\Yuan Quan\ISC\Onboarding\ElecOnboarding24\Firmware\common\LPC15x9\libcommon.a(TimingCommon.o)
                0x00000762                TimingCommon::addCallback(unsigned long, void (*)())
 .text._ZN12TimingCommon10differenceEmm
                0x000007bc       0x2a C:\Users\Yuan Quan\ISC\Onboarding\ElecOnboarding24\Firmware\common\LPC15x9\libcommon.a(TimingCommon.o)
                0x000007bc                TimingCommon::difference(unsigned long, unsigned long)
 .text._ZN12TimingCommon13tickThresholdERmm
                0x000007e6       0x44 C:\Users\Yuan Quan\ISC\Onboarding\ElecOnboarding24\Firmware\common\LPC15x9\libcommon.a(TimingCommon.o)
                0x000007e6                TimingCommon::tickThreshold(unsigned long&, unsigned long)
 .text.gpio_write
                0x0000082a       0x3e C:\Users\Yuan Quan\ISC\Onboarding\ElecOnboarding24\Firmware\common\LPC15x9\libcommon.a(hardware_common_mbed.o)
 .text.gpio_read
                0x00000868       0x44 C:\Users\Yuan Quan\ISC\Onboarding\ElecOnboarding24\Firmware\common\LPC15x9\libcommon.a(hardware_common_mbed.o)
 .text._ZN4mbed10DigitalOut5writeEi
                0x000008ac       0x1c C:\Users\Yuan Quan\ISC\Onboarding\ElecOnboarding24\Firmware\common\LPC15x9\libcommon.a(hardware_common_mbed.o)
                0x000008ac                mbed::DigitalOut::write(int)
 .text._ZN4mbed10DigitalOut4readEv
                0x000008c8       0x1a C:\Users\Yuan Quan\ISC\Onboarding\ElecOnboarding24\Firmware\common\LPC15x9\libcommon.a(hardware_common_mbed.o)
                0x000008c8                mbed::DigitalOut::read()
 .text._ZN4mbed10DigitalOutaSEi
                0x000008e2       0x1c C:\Users\Yuan Quan\ISC\Onboarding\ElecOnboarding24\Firmware\common\LPC15x9\libcommon.a(hardware_common_mbed.o)
                0x000008e2                mbed::DigitalOut::operator=(int)
 .text._ZN4mbed10DigitalOutaSERS0_
                0x000008fe       0x24 C:\Users\Yuan Quan\ISC\Onboarding\ElecOnboarding24\Firmware\common\LPC15x9\libcommon.a(hardware_common_mbed.o)
                0x000008fe                mbed::DigitalOut::operator=(mbed::DigitalOut&)
 .text._ZN4mbed10DigitalOutcviEv
                0x00000922       0x18 C:\Users\Yuan Quan\ISC\Onboarding\ElecOnboarding24\Firmware\common\LPC15x9\libcommon.a(hardware_common_mbed.o)
                0x00000922                mbed::DigitalOut::operator int()
 .text._ZN4mbed10CANMessageC2Ev
                0x0000093a       0x46 C:\Users\Yuan Quan\ISC\Onboarding\ElecOnboarding24\Firmware\common\LPC15x9\libcommon.a(hardware_common_mbed.o)
                0x0000093a                mbed::CANMessage::CANMessage()
                0x0000093a                mbed::CANMessage::CANMessage()
 .text._ZN15hardware_commonC2Ev
                0x00000980       0x20 C:\Users\Yuan Quan\ISC\Onboarding\ElecOnboarding24\Firmware\common\LPC15x9\libcommon.a(hardware_common_mbed.o)
                0x00000980                hardware_common::hardware_common()
                0x00000980                hardware_common::hardware_common()
 .text._ZN15hardware_commonD2Ev
                0x000009a0       0x20 C:\Users\Yuan Quan\ISC\Onboarding\ElecOnboarding24\Firmware\common\LPC15x9\libcommon.a(hardware_common_mbed.o)
                0x000009a0                hardware_common::~hardware_common()
                0x000009a0                hardware_common::~hardware_common()
 .text._ZN15hardware_commonD0Ev
                0x000009c0       0x1e C:\Users\Yuan Quan\ISC\Onboarding\ElecOnboarding24\Firmware\common\LPC15x9\libcommon.a(hardware_common_mbed.o)
                0x000009c0                hardware_common::~hardware_common()
 *fill*         0x000009de        0x2 ff
 .text._ZN20hardware_common_mbedC2EPN4mbed5TimerEPNS0_3CANEP3WDT
                0x000009e0       0x58 C:\Users\Yuan Quan\ISC\Onboarding\ElecOnboarding24\Firmware\common\LPC15x9\libcommon.a(hardware_common_mbed.o)
                0x000009e0                hardware_common_mbed::hardware_common_mbed(mbed::Timer*, mbed::CAN*, WDT*)
                0x000009e0                hardware_common_mbed::hardware_common_mbed(mbed::Timer*, mbed::CAN*, WDT*)
 .text._ZN20hardware_common_mbedD2Ev
                0x00000a38       0x44 C:\Users\Yuan Quan\ISC\Onboarding\ElecOnboarding24\Firmware\common\LPC15x9\libcommon.a(hardware_common_mbed.o)
                0x00000a38                hardware_common_mbed::~hardware_common_mbed()
                0x00000a38                hardware_common_mbed::~hardware_common_mbed()
 .text._ZN20hardware_common_mbedD0Ev
                0x00000a7c       0x1e C:\Users\Yuan Quan\ISC\Onboarding\ElecOnboarding24\Firmware\common\LPC15x9\libcommon.a(hardware_common_mbed.o)
                0x00000a7c                hardware_common_mbed::~hardware_common_mbed()
 *fill*         0x00000a9a        0x2 ff
 .text._Z17_handleCANMessagev
                0x00000a9c       0x18 C:\Users\Yuan Quan\ISC\Onboarding\ElecOnboarding24\Firmware\common\LPC15x9\libcommon.a(hardware_common_mbed.o)
                0x00000a9c                _handleCANMessage()
 .text._ZN20hardware_common_mbed8setupCANEv
                0x00000ab4       0x4c C:\Users\Yuan Quan\ISC\Onboarding\ElecOnboarding24\Firmware\common\LPC15x9\libcommon.a(hardware_common_mbed.o)
                0x00000ab4                hardware_common_mbed::setupCAN()
 .text._ZN20hardware_common_mbed17startTimingCommonEP12TimingCommonPb
                0x00000b00       0x3c C:\Users\Yuan Quan\ISC\Onboarding\ElecOnboarding24\Firmware\common\LPC15x9\libcommon.a(hardware_common_mbed.o)
                0x00000b00                hardware_common_mbed::startTimingCommon(TimingCommon*, bool*)
 .text._ZN20hardware_common_mbed14readCANMessageERN4mbed10CANMessageE
                0x00000b3c       0x2a C:\Users\Yuan Quan\ISC\Onboarding\ElecOnboarding24\Firmware\common\LPC15x9\libcommon.a(hardware_common_mbed.o)
                0x00000b3c                hardware_common_mbed::readCANMessage(mbed::CANMessage&)
 .text._ZN20hardware_common_mbed15writeCANMessageEN4mbed10CANMessageE
                0x00000b66       0x3e C:\Users\Yuan Quan\ISC\Onboarding\ElecOnboarding24\Firmware\common\LPC15x9\libcommon.a(hardware_common_mbed.o)
                0x00000b66                hardware_common_mbed::writeCANMessage(mbed::CANMessage)
 .text._ZN20hardware_common_mbed18checkCANControllerEv
                0x00000ba4       0x40 C:\Users\Yuan Quan\ISC\Onboarding\ElecOnboarding24\Firmware\common\LPC15x9\libcommon.a(hardware_common_mbed.o)
                0x00000ba4                hardware_common_mbed::checkCANController()
 .text._ZN20hardware_common_mbed9setupLEDsEPN4mbed10DigitalOutES2_S2_S2_
                0x00000be4       0x64 C:\Users\Yuan Quan\ISC\Onboarding\ElecOnboarding24\Firmware\common\LPC15x9\libcommon.a(hardware_common_mbed.o)
                0x00000be4                hardware_common_mbed::setupLEDs(mbed::DigitalOut*, mbed::DigitalOut*, mbed::DigitalOut*, mbed::DigitalOut*)
 .text._ZN20hardware_common_mbed18toggleHeartbeatLEDEv
                0x00000c48       0x3e C:\Users\Yuan Quan\ISC\Onboarding\ElecOnboarding24\Firmware\common\LPC15x9\libcommon.a(hardware_common_mbed.o)
                0x00000c48                hardware_common_mbed::toggleHeartbeatLED()
 .text._ZN20hardware_common_mbed19toggleReceiveCANLEDEv
                0x00000c86       0x3e C:\Users\Yuan Quan\ISC\Onboarding\ElecOnboarding24\Firmware\common\LPC15x9\libcommon.a(hardware_common_mbed.o)
                0x00000c86                hardware_common_mbed::toggleReceiveCANLED()
 .text._ZN20hardware_common_mbed16toggleSendCANLEDEv
                0x00000cc4       0x3e C:\Users\Yuan Quan\ISC\Onboarding\ElecOnboarding24\Firmware\common\LPC15x9\libcommon.a(hardware_common_mbed.o)
                0x00000cc4                hardware_common_mbed::toggleSendCANLED()
 .text._ZN20hardware_common_mbed17toggleHardwareLEDEv
                0x00000d02       0x3e C:\Users\Yuan Quan\ISC\Onboarding\ElecOnboarding24\Firmware\common\LPC15x9\libcommon.a(hardware_common_mbed.o)
                0x00000d02                hardware_common_mbed::toggleHardwareLED()
 .text._ZN20hardware_common_mbed17toggleHardwareLEDEb
                0x00000d40       0x2e C:\Users\Yuan Quan\ISC\Onboarding\ElecOnboarding24\Firmware\common\LPC15x9\libcommon.a(hardware_common_mbed.o)
                0x00000d40                hardware_common_mbed::toggleHardwareLED(bool)
 .text._ZN20hardware_common_mbed8loopTimeEP12TimingCommonPb
                0x00000d6e       0x28 C:\Users\Yuan Quan\ISC\Onboarding\ElecOnboarding24\Firmware\common\LPC15x9\libcommon.a(hardware_common_mbed.o)
                0x00000d6e                hardware_common_mbed::loopTime(TimingCommon*, bool*)
 .text._ZN13CANRXTXBufferILi32ELi16EEC2ERN4mbed3CANEi
                0x00000d96       0x3a C:\Users\Yuan Quan\ISC\Onboarding\ElecOnboarding24\Firmware\common\LPC15x9\libcommon.a(hardware_common_mbed.o)
                0x00000d96                CANRXTXBuffer<32, 16>::CANRXTXBuffer(mbed::CAN&, int)
                0x00000d96                CANRXTXBuffer<32, 16>::CANRXTXBuffer(mbed::CAN&, int)
 .text._ZN13CANRXTXBufferILi32ELi16EE9handleIrqEv
                0x00000dd0       0xb8 C:\Users\Yuan Quan\ISC\Onboarding\ElecOnboarding24\Firmware\common\LPC15x9\libcommon.a(hardware_common_mbed.o)
                0x00000dd0                CANRXTXBuffer<32, 16>::handleIrq()
 .text._ZN13CANRXTXBufferILi32ELi16EE4readERN4mbed10CANMessageE
                0x00000e88       0x44 C:\Users\Yuan Quan\ISC\Onboarding\ElecOnboarding24\Firmware\common\LPC15x9\libcommon.a(hardware_common_mbed.o)
                0x00000e88                CANRXTXBuffer<32, 16>::read(mbed::CANMessage&)
 .text._ZN13CANRXTXBufferILi32ELi16EE5writeEN4mbed10CANMessageE
                0x00000ecc       0x90 C:\Users\Yuan Quan\ISC\Onboarding\ElecOnboarding24\Firmware\common\LPC15x9\libcommon.a(hardware_common_mbed.o)
                0x00000ecc                CANRXTXBuffer<32, 16>::write(mbed::CANMessage)
 .text._ZN14CircularBufferIN4mbed10CANMessageELi32EEC2Ev
                0x00000f5c       0x38 C:\Users\Yuan Quan\ISC\Onboarding\ElecOnboarding24\Firmware\common\LPC15x9\libcommon.a(hardware_common_mbed.o)
                0x00000f5c                CircularBuffer<mbed::CANMessage, 32>::CircularBuffer()
                0x00000f5c                CircularBuffer<mbed::CANMessage, 32>::CircularBuffer()
 .text._ZN14CircularBufferIN4mbed10CANMessageELi16EEC2Ev
                0x00000f94       0x38 C:\Users\Yuan Quan\ISC\Onboarding\ElecOnboarding24\Firmware\common\LPC15x9\libcommon.a(hardware_common_mbed.o)
                0x00000f94                CircularBuffer<mbed::CANMessage, 16>::CircularBuffer()
                0x00000f94                CircularBuffer<mbed::CANMessage, 16>::CircularBuffer()
 .text._ZNK13CANRXTXBufferILi32ELi16EE6rxFullEv
                0x00000fcc       0x1a C:\Users\Yuan Quan\ISC\Onboarding\ElecOnboarding24\Firmware\common\LPC15x9\libcommon.a(hardware_common_mbed.o)
                0x00000fcc                CANRXTXBuffer<32, 16>::rxFull() const
 .text._ZN14CircularBufferIN4mbed10CANMessageELi32EE5writeES1_
                0x00000fe6       0x52 C:\Users\Yuan Quan\ISC\Onboarding\ElecOnboarding24\Firmware\common\LPC15x9\libcommon.a(hardware_common_mbed.o)
                0x00000fe6                CircularBuffer<mbed::CANMessage, 32>::write(mbed::CANMessage)
 .text._ZNK13CANRXTXBufferILi32ELi16EE7txEmptyEv
                0x00001038       0x1e C:\Users\Yuan Quan\ISC\Onboarding\ElecOnboarding24\Firmware\common\LPC15x9\libcommon.a(hardware_common_mbed.o)
                0x00001038                CANRXTXBuffer<32, 16>::txEmpty() const
 .text._ZN14CircularBufferIN4mbed10CANMessageELi16EE4peekEv
                0x00001056       0x1e C:\Users\Yuan Quan\ISC\Onboarding\ElecOnboarding24\Firmware\common\LPC15x9\libcommon.a(hardware_common_mbed.o)
                0x00001056                CircularBuffer<mbed::CANMessage, 16>::peek()
 .text._ZN14CircularBufferIN4mbed10CANMessageELi16EE7discardEv
                0x00001074       0x2e C:\Users\Yuan Quan\ISC\Onboarding\ElecOnboarding24\Firmware\common\LPC15x9\libcommon.a(hardware_common_mbed.o)
                0x00001074                CircularBuffer<mbed::CANMessage, 16>::discard()
 .text._ZNK13CANRXTXBufferILi32ELi16EE7rxEmptyEv
                0x000010a2       0x1a C:\Users\Yuan Quan\ISC\Onboarding\ElecOnboarding24\Firmware\common\LPC15x9\libcommon.a(hardware_common_mbed.o)
                0x000010a2                CANRXTXBuffer<32, 16>::rxEmpty() const
 .text._ZN14CircularBufferIN4mbed10CANMessageELi32EE4readEv
                0x000010bc       0x48 C:\Users\Yuan Quan\ISC\Onboarding\ElecOnboarding24\Firmware\common\LPC15x9\libcommon.a(hardware_common_mbed.o)
                0x000010bc                CircularBuffer<mbed::CANMessage, 32>::read()
 .text._ZNK13CANRXTXBufferILi32ELi16EE6txFullEv
                0x00001104       0x1e C:\Users\Yuan Quan\ISC\Onboarding\ElecOnboarding24\Firmware\common\LPC15x9\libcommon.a(hardware_common_mbed.o)
                0x00001104                CANRXTXBuffer<32, 16>::txFull() const
 .text._ZN14CircularBufferIN4mbed10CANMessageELi16EE5writeES1_
                0x00001122       0x52 C:\Users\Yuan Quan\ISC\Onboarding\ElecOnboarding24\Firmware\common\LPC15x9\libcommon.a(hardware_common_mbed.o)
                0x00001122                CircularBuffer<mbed::CANMessage, 16>::write(mbed::CANMessage)
 .text._ZNK14CircularBufferIN4mbed10CANMessageELi32EE4fullEv
                0x00001174       0x38 C:\Users\Yuan Quan\ISC\Onboarding\ElecOnboarding24\Firmware\common\LPC15x9\libcommon.a(hardware_common_mbed.o)
                0x00001174                CircularBuffer<mbed::CANMessage, 32>::full() const
 .text._ZNK14CircularBufferIN4mbed10CANMessageELi16EE5emptyEv
                0x000011ac       0x28 C:\Users\Yuan Quan\ISC\Onboarding\ElecOnboarding24\Firmware\common\LPC15x9\libcommon.a(hardware_common_mbed.o)
                0x000011ac                CircularBuffer<mbed::CANMessage, 16>::empty() const
 .text._ZNK14CircularBufferIN4mbed10CANMessageELi32EE5emptyEv
                0x000011d4       0x28 C:\Users\Yuan Quan\ISC\Onboarding\ElecOnboarding24\Firmware\common\LPC15x9\libcommon.a(hardware_common_mbed.o)
                0x000011d4                CircularBuffer<mbed::CANMessage, 32>::empty() const
 .text._ZNK14CircularBufferIN4mbed10CANMessageELi16EE4fullEv
                0x000011fc       0x38 C:\Users\Yuan Quan\ISC\Onboarding\ElecOnboarding24\Firmware\common\LPC15x9\libcommon.a(hardware_common_mbed.o)
                0x000011fc                CircularBuffer<mbed::CANMessage, 16>::full() const
 .text.NMI_Handler
                0x00001234        0x4 C:\Users\Yuan Quan\ISC\Onboarding\ElecOnboarding24\Firmware\mbed\LPC15x9\libmbed.a(startup_LPC15xx.o)
                0x00001234                NMI_Handler
 .text.IntDefaultHandler
                0x00001238        0x4 C:\Users\Yuan Quan\ISC\Onboarding\ElecOnboarding24\Firmware\mbed\LPC15x9\libmbed.a(startup_LPC15xx.o)
                0x00001238                SCT0_IRQHandler
                0x00001238                RIT_IRQHandler
                0x00001238                I2C0_IRQHandler
                0x00001238                ADC0_OVR_IRQHandler
                0x00001238                ADC1_THCMP_IRQHandler
                0x00001238                SCT2_IRQHandler
                0x00001238                MRT_IRQHandler
                0x00001238                UART1_IRQHandler
                0x00001238                RTC_WAKE_IRQHandler
                0x00001238                UART0_IRQHandler
                0x00001238                SPI1_IRQHandler
                0x00001238                PIN_INT6_IRQHandler
                0x00001238                IntDefaultHandler
                0x00001238                PIN_INT4_IRQHandler
                0x00001238                CAN_IRQHandler
                0x00001238                RTC_ALARM_IRQHandler
                0x00001238                ADC1B_IRQHandler
                0x00001238                ADC1_OVR_IRQHandler
                0x00001238                USBWakeup_IRQHandler
                0x00001238                UART2_IRQHandler
                0x00001238                PIN_INT5_IRQHandler
                0x00001238                SCT1_IRQHandler
                0x00001238                PIN_INT2_IRQHandler
                0x00001238                USB_FIQHandler
                0x00001238                SCT3_IRQHandler
                0x00001238                PIN_INT7_IRQHandler
                0x00001238                PIN_INT1_IRQHandler
                0x00001238                USB_IRQHandler
                0x00001238                BOD_IRQHandler
                0x00001238                ADC0B_IRQHandler
                0x00001238                ACMP0_IRQHandler
                0x00001238                WDT_IRQHandler
                0x00001238                PIN_INT0_IRQHandler
                0x00001238                QEI_IRQHandler
                0x00001238                ACMP3_IRQHandler
                0x00001238                GINT0_IRQHandler
                0x00001238                DAC_IRQHandler
                0x00001238                SPI0_IRQHandler
                0x00001238                EEPROM_IRQHandler
                0x00001238                ACMP2_IRQHandler
                0x00001238                ADC1A_IRQHandler
                0x00001238                DMA_IRQHandler
                0x00001238                PIN_INT3_IRQHandler
                0x00001238                ACMP1_IRQHandler
                0x00001238                ADC0A_IRQHandler
                0x00001238                FMC_IRQHandler
                0x00001238                GINT1_IRQHandler
                0x00001238                ADC0_THCMP_IRQHandler
 .text.HardFault_Handler
                0x0000123c        0x4 C:\Users\Yuan Quan\ISC\Onboarding\ElecOnboarding24\Firmware\mbed\LPC15x9\libmbed.a(startup_LPC15xx.o)
                0x0000123c                HardFault_Handler
 .text.MemManage_Handler
                0x00001240        0x4 C:\Users\Yuan Quan\ISC\Onboarding\ElecOnboarding24\Firmware\mbed\LPC15x9\libmbed.a(startup_LPC15xx.o)
                0x00001240                MemManage_Handler
 .text.BusFault_Handler
                0x00001244        0x4 C:\Users\Yuan Quan\ISC\Onboarding\ElecOnboarding24\Firmware\mbed\LPC15x9\libmbed.a(startup_LPC15xx.o)
                0x00001244                BusFault_Handler
 .text.UsageFault_Handler
                0x00001248        0x4 C:\Users\Yuan Quan\ISC\Onboarding\ElecOnboarding24\Firmware\mbed\LPC15x9\libmbed.a(startup_LPC15xx.o)
                0x00001248                UsageFault_Handler
 .text.SVC_Handler
                0x0000124c        0x4 C:\Users\Yuan Quan\ISC\Onboarding\ElecOnboarding24\Firmware\mbed\LPC15x9\libmbed.a(startup_LPC15xx.o)
                0x0000124c                SVC_Handler
 .text.DebugMon_Handler
                0x00001250        0x4 C:\Users\Yuan Quan\ISC\Onboarding\ElecOnboarding24\Firmware\mbed\LPC15x9\libmbed.a(startup_LPC15xx.o)
                0x00001250                DebugMon_Handler
 .text.PendSV_Handler
                0x00001254        0x4 C:\Users\Yuan Quan\ISC\Onboarding\ElecOnboarding24\Firmware\mbed\LPC15x9\libmbed.a(startup_LPC15xx.o)
                0x00001254                PendSV_Handler
 .text.SysTick_Handler
                0x00001258        0x4 C:\Users\Yuan Quan\ISC\Onboarding\ElecOnboarding24\Firmware\mbed\LPC15x9\libmbed.a(startup_LPC15xx.o)
                0x00001258                SysTick_Handler
 .text.__aeabi_atexit
                0x0000125c        0x4 C:\Users\Yuan Quan\ISC\Onboarding\ElecOnboarding24\Firmware\mbed\LPC15x9\libmbed.a(startup_LPC15xx.o)
                0x0000125c                __aeabi_atexit
 .text._Znwj    0x00001260        0x4 C:\Users\Yuan Quan\ISC\Onboarding\ElecOnboarding24\Firmware\mbed\LPC15x9\libmbed.a(startup_LPC15xx.o)
                0x00001260                operator new(unsigned int)
 .text._ZdlPv   0x00001264        0x4 C:\Users\Yuan Quan\ISC\Onboarding\ElecOnboarding24\Firmware\mbed\LPC15x9\libmbed.a(startup_LPC15xx.o)
                0x00001264                operator delete(void*)
 .text.SystemInit
                0x00001268       0xdc C:\Users\Yuan Quan\ISC\Onboarding\ElecOnboarding24\Firmware\mbed\LPC15x9\libmbed.a(system_LPC15xx.o)
                0x00001268                SystemInit
 .text._ZN4mbed3CAN12_irq_handlerEm10CanIrqType
                0x00001344       0x30 C:\Users\Yuan Quan\ISC\Onboarding\ElecOnboarding24\Firmware\mbed\LPC15x9\libmbed.a(CAN.o)
                0x00001344                mbed::CAN::_irq_handler(unsigned long, CanIrqType)
 .text._ZN4mbed3CAND2Ev
                0x00001374       0x20 C:\Users\Yuan Quan\ISC\Onboarding\ElecOnboarding24\Firmware\mbed\LPC15x9\libmbed.a(CAN.o)
                0x00001374                mbed::CAN::~CAN()
                0x00001374                mbed::CAN::~CAN()
 .text._ZN4mbed3CAND0Ev
                0x00001394       0x28 C:\Users\Yuan Quan\ISC\Onboarding\ElecOnboarding24\Firmware\mbed\LPC15x9\libmbed.a(CAN.o)
                0x00001394                mbed::CAN::~CAN()
 .text._ZN4mbed3CANC2E7PinNameS1_
                0x000013bc       0x50 C:\Users\Yuan Quan\ISC\Onboarding\ElecOnboarding24\Firmware\mbed\LPC15x9\libmbed.a(CAN.o)
                0x000013bc                mbed::CAN::CAN(PinName, PinName)
                0x000013bc                mbed::CAN::CAN(PinName, PinName)
 .text._ZN4mbed3CAN9frequencyEi
                0x0000140c        0x8 C:\Users\Yuan Quan\ISC\Onboarding\ElecOnboarding24\Firmware\mbed\LPC15x9\libmbed.a(CAN.o)
                0x0000140c                mbed::CAN::frequency(int)
 .text._ZN4mbed3CAN5writeENS_10CANMessageE
                0x00001414       0x2c C:\Users\Yuan Quan\ISC\Onboarding\ElecOnboarding24\Firmware\mbed\LPC15x9\libmbed.a(CAN.o)
                0x00001414                mbed::CAN::write(mbed::CANMessage)
 .text._ZN4mbed3CAN4readERNS_10CANMessageEi
                0x00001440        0x8 C:\Users\Yuan Quan\ISC\Onboarding\ElecOnboarding24\Firmware\mbed\LPC15x9\libmbed.a(CAN.o)
                0x00001440                mbed::CAN::read(mbed::CANMessage&, int)
 .text._ZN4mbed3CAN8txstatusEv
                0x00001448        0x8 C:\Users\Yuan Quan\ISC\Onboarding\ElecOnboarding24\Firmware\mbed\LPC15x9\libmbed.a(CAN.o)
                0x00001448                mbed::CAN::txstatus()
 .text._ZN4mbed3CAN6attachEPFvvENS0_7IrqTypeE
                0x00001450       0x34 C:\Users\Yuan Quan\ISC\Onboarding\ElecOnboarding24\Firmware\mbed\LPC15x9\libmbed.a(CAN.o)
                0x00001450                mbed::CAN::attach(void (*)(), mbed::CAN::IrqType)
 .text._ZN4mbed5TimerC2Ev
                0x00001484       0x20 C:\Users\Yuan Quan\ISC\Onboarding\ElecOnboarding24\Firmware\mbed\LPC15x9\libmbed.a(Timer.o)
                0x00001484                mbed::Timer::Timer()
                0x00001484                mbed::Timer::Timer()
 .text._ZN4mbed5Timer5startEv
                0x000014a4       0x18 C:\Users\Yuan Quan\ISC\Onboarding\ElecOnboarding24\Firmware\mbed\LPC15x9\libmbed.a(Timer.o)
                0x000014a4                mbed::Timer::start()
 .text._ZN4mbed5Timer7read_usEv
                0x000014bc       0x1c C:\Users\Yuan Quan\ISC\Onboarding\ElecOnboarding24\Firmware\mbed\LPC15x9\libmbed.a(Timer.o)
                0x000014bc                mbed::Timer::read_us()
 .text.mbed_assert_internal
                0x000014d8        0x4 C:\Users\Yuan Quan\ISC\Onboarding\ElecOnboarding24\Firmware\mbed\LPC15x9\libmbed.a(assert.o)
                0x000014d8                mbed_assert_internal
 .text.mbed_die
                0x000014dc       0x14 C:\Users\Yuan Quan\ISC\Onboarding\ElecOnboarding24\Firmware\mbed\LPC15x9\libmbed.a(board.o)
                0x000014dc                mbed_die
 .text.gpio_init_out
                0x000014f0       0x34 C:\Users\Yuan Quan\ISC\Onboarding\ElecOnboarding24\Firmware\mbed\LPC15x9\libmbed.a(gpio.o)
                0x000014f0                gpio_init_out
 .text.ticker_irq_handler
                0x00001524       0x4c C:\Users\Yuan Quan\ISC\Onboarding\ElecOnboarding24\Firmware\mbed\LPC15x9\libmbed.a(ticker_api.o)
                0x00001524                ticker_irq_handler
 .text.ticker_read
                0x00001570        0x8 C:\Users\Yuan Quan\ISC\Onboarding\ElecOnboarding24\Firmware\mbed\LPC15x9\libmbed.a(ticker_api.o)
                0x00001570                ticker_read
 .text.get_us_ticker_data
                0x00001578        0x8 C:\Users\Yuan Quan\ISC\Onboarding\ElecOnboarding24\Firmware\mbed\LPC15x9\libmbed.a(us_ticker_api.o)
                0x00001578                get_us_ticker_data
 .text.us_ticker_irq_handler
                0x00001580        0xc C:\Users\Yuan Quan\ISC\Onboarding\ElecOnboarding24\Firmware\mbed\LPC15x9\libmbed.a(us_ticker_api.o)
                0x00001580                us_ticker_irq_handler
 .text.wait_ms  0x0000158c       0x20 C:\Users\Yuan Quan\ISC\Onboarding\ElecOnboarding24\Firmware\mbed\LPC15x9\libmbed.a(wait_api.o)
                0x0000158c                wait_ms
 .text.can_irq  0x000015ac      0x140 C:\Users\Yuan Quan\ISC\Onboarding\ElecOnboarding24\Firmware\mbed\LPC15x9\libmbed.a(can_api.o)
 .text.can_irq_init
                0x000016ec       0x14 C:\Users\Yuan Quan\ISC\Onboarding\ElecOnboarding24\Firmware\mbed\LPC15x9\libmbed.a(can_api.o)
                0x000016ec                can_irq_init
 .text.can_irq_free
                0x00001700       0x2c C:\Users\Yuan Quan\ISC\Onboarding\ElecOnboarding24\Firmware\mbed\LPC15x9\libmbed.a(can_api.o)
                0x00001700                can_irq_free
 .text.can_irq_set
                0x0000172c       0x70 C:\Users\Yuan Quan\ISC\Onboarding\ElecOnboarding24\Firmware\mbed\LPC15x9\libmbed.a(can_api.o)
                0x0000172c                can_irq_set
 .text.can_free
                0x0000179c       0x1c C:\Users\Yuan Quan\ISC\Onboarding\ElecOnboarding24\Firmware\mbed\LPC15x9\libmbed.a(can_api.o)
                0x0000179c                can_free
 .text.can_frequency
                0x000017b8       0xac C:\Users\Yuan Quan\ISC\Onboarding\ElecOnboarding24\Firmware\mbed\LPC15x9\libmbed.a(can_api.o)
                0x000017b8                can_frequency
 .text.can_init
                0x00001864       0xd8 C:\Users\Yuan Quan\ISC\Onboarding\ElecOnboarding24\Firmware\mbed\LPC15x9\libmbed.a(can_api.o)
                0x00001864                can_init
 .text.can_write
                0x0000193c       0xc4 C:\Users\Yuan Quan\ISC\Onboarding\ElecOnboarding24\Firmware\mbed\LPC15x9\libmbed.a(can_api.o)
                0x0000193c                can_write
 .text.can_read
                0x00001a00       0xfc C:\Users\Yuan Quan\ISC\Onboarding\ElecOnboarding24\Firmware\mbed\LPC15x9\libmbed.a(can_api.o)
                0x00001a00                can_read
 .text.can_tx_status
                0x00001afc       0x1c C:\Users\Yuan Quan\ISC\Onboarding\ElecOnboarding24\Firmware\mbed\LPC15x9\libmbed.a(can_api.o)
                0x00001afc                can_tx_status
 .text.gpio_init
                0x00001b18       0x58 C:\Users\Yuan Quan\ISC\Onboarding\ElecOnboarding24\Firmware\mbed\LPC15x9\libmbed.a(gpio_api.o)
                0x00001b18                gpio_init
 .text.gpio_mode
                0x00001b70        0x8 C:\Users\Yuan Quan\ISC\Onboarding\ElecOnboarding24\Firmware\mbed\LPC15x9\libmbed.a(gpio_api.o)
                0x00001b70                gpio_mode
 .text.gpio_dir
                0x00001b78       0x44 C:\Users\Yuan Quan\ISC\Onboarding\ElecOnboarding24\Firmware\mbed\LPC15x9\libmbed.a(gpio_api.o)
                0x00001b78                gpio_dir
 .text.pin_mode
                0x00001bbc       0x50 C:\Users\Yuan Quan\ISC\Onboarding\ElecOnboarding24\Firmware\mbed\LPC15x9\libmbed.a(pinmap.o)
                0x00001bbc                pin_mode
 .text.us_ticker_init
                0x00001c0c       0x74 C:\Users\Yuan Quan\ISC\Onboarding\ElecOnboarding24\Firmware\mbed\LPC15x9\libmbed.a(us_ticker.o)
                0x00001c0c                us_ticker_init
 .text.us_ticker_read
                0x00001c80       0x94 C:\Users\Yuan Quan\ISC\Onboarding\ElecOnboarding24\Firmware\mbed\LPC15x9\libmbed.a(us_ticker.o)
                0x00001c80                us_ticker_read
 .text.us_ticker_set_interrupt
                0x00001d14       0x24 C:\Users\Yuan Quan\ISC\Onboarding\ElecOnboarding24\Firmware\mbed\LPC15x9\libmbed.a(us_ticker.o)
                0x00001d14                us_ticker_set_interrupt
 .text.us_ticker_disable_interrupt
                0x00001d38       0x10 C:\Users\Yuan Quan\ISC\Onboarding\ElecOnboarding24\Firmware\mbed\LPC15x9\libmbed.a(us_ticker.o)
                0x00001d38                us_ticker_disable_interrupt
 .text.us_ticker_clear_interrupt
                0x00001d48       0x10 C:\Users\Yuan Quan\ISC\Onboarding\ElecOnboarding24\Firmware\mbed\LPC15x9\libmbed.a(us_ticker.o)
                0x00001d48                us_ticker_clear_interrupt
 .text.NVIC_SetVector
                0x00001d58       0x3c C:\Users\Yuan Quan\ISC\Onboarding\ElecOnboarding24\Firmware\mbed\LPC15x9\libmbed.a(cmsis_nvic.o)
                0x00001d58                NVIC_SetVector
 .text          0x00001d94       0x30 e:/uiuc/24fall/mcuxpressoide_11.9.1_2170/ide/plugins/com.nxp.mcuxpresso.tools.win32_11.9.1.202402080819/tools/bin/../lib/gcc/arm-none-eabi/12.3.1/thumb/v7-m/nofp\libgcc.a(_aeabi_uldivmod.o)
                0x00001d94                __aeabi_uldivmod
 .text.__udivmoddi4
                0x00001dc4      0x2b8 e:/uiuc/24fall/mcuxpressoide_11.9.1_2170/ide/plugins/com.nxp.mcuxpresso.tools.win32_11.9.1.202402080819/tools/bin/../lib/gcc/arm-none-eabi/12.3.1/thumb/v7-m/nofp\libgcc.a(_udivmoddi4.o)
                0x00001dc4                __udivmoddi4
 .text          0x0000207c        0x4 e:/uiuc/24fall/mcuxpressoide_11.9.1_2170/ide/plugins/com.nxp.mcuxpresso.tools.win32_11.9.1.202402080819/tools/bin/../lib/gcc/arm-none-eabi/12.3.1/thumb/v7-m/nofp\libgcc.a(_dvmd_tls.o)
                0x0000207c                __aeabi_idiv0
                0x0000207c                __aeabi_ldiv0
 .text.malloc   0x00002080       0x10 e:/uiuc/24fall/mcuxpressoide_11.9.1_2170/ide/plugins/com.nxp.mcuxpresso.tools.win32_11.9.1.202402080819/tools/bin/../lib/gcc/arm-none-eabi/12.3.1/thumb/v7-m/nofp\libc.a(libc_a-malloc.o)
                0x00002080                malloc
 .text.free     0x00002090       0x10 e:/uiuc/24fall/mcuxpressoide_11.9.1_2170/ide/plugins/com.nxp.mcuxpresso.tools.win32_11.9.1.202402080819/tools/bin/../lib/gcc/arm-none-eabi/12.3.1/thumb/v7-m/nofp\libc.a(libc_a-malloc.o)
                0x00002090                free
 .text._malloc_r
                0x000020a0      0x570 e:/uiuc/24fall/mcuxpressoide_11.9.1_2170/ide/plugins/com.nxp.mcuxpresso.tools.win32_11.9.1.202402080819/tools/bin/../lib/gcc/arm-none-eabi/12.3.1/thumb/v7-m/nofp\libc.a(libc_a-mallocr.o)
                0x000020a0                _malloc_r
 .text.__malloc_lock
                0x00002610        0xc e:/uiuc/24fall/mcuxpressoide_11.9.1_2170/ide/plugins/com.nxp.mcuxpresso.tools.win32_11.9.1.202402080819/tools/bin/../lib/gcc/arm-none-eabi/12.3.1/thumb/v7-m/nofp\libc.a(libc_a-mlock.o)
                0x00002610                __malloc_lock
 .text.__malloc_unlock
                0x0000261c        0xc e:/uiuc/24fall/mcuxpressoide_11.9.1_2170/ide/plugins/com.nxp.mcuxpresso.tools.win32_11.9.1.202402080819/tools/bin/../lib/gcc/arm-none-eabi/12.3.1/thumb/v7-m/nofp\libc.a(libc_a-mlock.o)
                0x0000261c                __malloc_unlock
 .text.memset   0x00002628       0xa0 e:/uiuc/24fall/mcuxpressoide_11.9.1_2170/ide/plugins/com.nxp.mcuxpresso.tools.win32_11.9.1.202402080819/tools/bin/../lib/gcc/arm-none-eabi/12.3.1/thumb/v7-m/nofp\libc.a(libc_a-memset.o)
                0x00002628                memset
 .text._sbrk_r  0x000026c8       0x24 e:/uiuc/24fall/mcuxpressoide_11.9.1_2170/ide/plugins/com.nxp.mcuxpresso.tools.win32_11.9.1.202402080819/tools/bin/../lib/gcc/arm-none-eabi/12.3.1/thumb/v7-m/nofp\libc.a(libc_a-sbrkr.o)
                0x000026c8                _sbrk_r
 .text.__libc_init_array
                0x000026ec       0x50 e:/uiuc/24fall/mcuxpressoide_11.9.1_2170/ide/plugins/com.nxp.mcuxpresso.tools.win32_11.9.1.202402080819/tools/bin/../lib/gcc/arm-none-eabi/12.3.1/thumb/v7-m/nofp\libc.a(libc_a-init.o)
                0x000026ec                __libc_init_array
 .text.__retarget_lock_acquire_recursive
                0x0000273c        0x4 e:/uiuc/24fall/mcuxpressoide_11.9.1_2170/ide/plugins/com.nxp.mcuxpresso.tools.win32_11.9.1.202402080819/tools/bin/../lib/gcc/arm-none-eabi/12.3.1/thumb/v7-m/nofp\libc.a(libc_a-lock.o)
                0x0000273c                __retarget_lock_acquire_recursive
 .text.__retarget_lock_release_recursive
                0x00002740        0x4 e:/uiuc/24fall/mcuxpressoide_11.9.1_2170/ide/plugins/com.nxp.mcuxpresso.tools.win32_11.9.1.202402080819/tools/bin/../lib/gcc/arm-none-eabi/12.3.1/thumb/v7-m/nofp\libc.a(libc_a-lock.o)
                0x00002740                __retarget_lock_release_recursive
 .text.sysconf  0x00002744       0x1c e:/uiuc/24fall/mcuxpressoide_11.9.1_2170/ide/plugins/com.nxp.mcuxpresso.tools.win32_11.9.1.202402080819/tools/bin/../lib/gcc/arm-none-eabi/12.3.1/thumb/v7-m/nofp\libc.a(libc_a-sysconf.o)
                0x00002744                sysconf
 .text          0x00002760       0xec e:/uiuc/24fall/mcuxpressoide_11.9.1_2170/ide/plugins/com.nxp.mcuxpresso.tools.win32_11.9.1.202402080819/tools/bin/../lib/gcc/arm-none-eabi/12.3.1/thumb/v7-m/nofp\libc.a(libc_a-memcpy.o)
                0x00002760                memcpy
 .text._malloc_trim_r
                0x0000284c       0xb8 e:/uiuc/24fall/mcuxpressoide_11.9.1_2170/ide/plugins/com.nxp.mcuxpresso.tools.win32_11.9.1.202402080819/tools/bin/../lib/gcc/arm-none-eabi/12.3.1/thumb/v7-m/nofp\libc.a(libc_a-freer.o)
                0x0000284c                _malloc_trim_r
 .text._free_r  0x00002904      0x1fc e:/uiuc/24fall/mcuxpressoide_11.9.1_2170/ide/plugins/com.nxp.mcuxpresso.tools.win32_11.9.1.202402080819/tools/bin/../lib/gcc/arm-none-eabi/12.3.1/thumb/v7-m/nofp\libc.a(libc_a-freer.o)
                0x00002904                _free_r
 .text.__errno  0x00002b00        0xc e:/uiuc/24fall/mcuxpressoide_11.9.1_2170/ide/plugins/com.nxp.mcuxpresso.tools.win32_11.9.1.202402080819/tools/bin/../lib/gcc/arm-none-eabi/12.3.1/thumb/v7-m/nofp\libc.a(libc_a-errno.o)
                0x00002b00                __errno
 .text._sbrk    0x00002b0c       0x3c e:/uiuc/24fall/mcuxpressoide_11.9.1_2170/ide/plugins/com.nxp.mcuxpresso.tools.win32_11.9.1.202402080819/tools/bin/../lib/gcc/arm-none-eabi/12.3.1/../../../../arm-none-eabi/lib/thumb/v7-m/nofp\libcr_newlib_nohost.a(_cr_sbrk.o)
                0x00002b0c                _sbrk
 .text.__check_heap_overflow
                0x00002b48       0x18 e:/uiuc/24fall/mcuxpressoide_11.9.1_2170/ide/plugins/com.nxp.mcuxpresso.tools.win32_11.9.1.202402080819/tools/bin/../lib/gcc/arm-none-eabi/12.3.1/../../../../arm-none-eabi/lib/thumb/v7-m/nofp\libcr_newlib_nohost.a(_cr_check_heap.o)
                0x00002b48                __check_heap_overflow
 .text.register_tm_clones
                0x00002b60       0x24 e:/uiuc/24fall/mcuxpressoide_11.9.1_2170/ide/plugins/com.nxp.mcuxpresso.tools.win32_11.9.1.202402080819/tools/bin/../lib/gcc/arm-none-eabi/12.3.1/thumb/v7-m/nofp\crtbegin.o
 .text.frame_dummy
                0x00002b84       0x24 e:/uiuc/24fall/mcuxpressoide_11.9.1_2170/ide/plugins/com.nxp.mcuxpresso.tools.win32_11.9.1.202402080819/tools/bin/../lib/gcc/arm-none-eabi/12.3.1/thumb/v7-m/nofp\crtbegin.o
 *(.rodata .rodata.*)
 .rodata.common
                0x00002ba8        0x4 ./src/peripherals.o
                0x00002ba8                common
 .rodata._ZTV12TimingCommon
                0x00002bac       0x10 C:\Users\Yuan Quan\ISC\Onboarding\ElecOnboarding24\Firmware\common\LPC15x9\libcommon.a(TimingCommon.o)
                0x00002bac                vtable for TimingCommon
 .rodata.gpio_read.str1.4
                0x00002bbc       0x9c C:\Users\Yuan Quan\ISC\Onboarding\ElecOnboarding24\Firmware\common\LPC15x9\libcommon.a(hardware_common_mbed.o)
 .rodata._ZTV20hardware_common_mbed
                0x00002c58       0x40 C:\Users\Yuan Quan\ISC\Onboarding\ElecOnboarding24\Firmware\common\LPC15x9\libcommon.a(hardware_common_mbed.o)
                0x00002c58                vtable for hardware_common_mbed
 .rodata._ZTV15hardware_common
                0x00002c98       0x40 C:\Users\Yuan Quan\ISC\Onboarding\ElecOnboarding24\Firmware\common\LPC15x9\libcommon.a(hardware_common_mbed.o)
                0x00002c98                vtable for hardware_common
 .rodata._ZTVN4mbed3CANE
                0x00002cd8       0x10 C:\Users\Yuan Quan\ISC\Onboarding\ElecOnboarding24\Firmware\mbed\LPC15x9\libmbed.a(CAN.o)
                0x00002cd8                vtable for mbed::CAN
 .rodata.us_data
                0x00002ce8        0x8 C:\Users\Yuan Quan\ISC\Onboarding\ElecOnboarding24\Firmware\mbed\LPC15x9\libmbed.a(us_ticker_api.o)
 .rodata.us_interface
                0x00002cf0       0x14 C:\Users\Yuan Quan\ISC\Onboarding\ElecOnboarding24\Firmware\mbed\LPC15x9\libmbed.a(us_ticker_api.o)
 .rodata.timing_pts
                0x00002d04       0xb8 C:\Users\Yuan Quan\ISC\Onboarding\ElecOnboarding24\Firmware\mbed\LPC15x9\libmbed.a(can_api.o)
 .rodata.gpio_set.str1.4
                0x00002dbc       0x1f C:\Users\Yuan Quan\ISC\Onboarding\ElecOnboarding24\Firmware\mbed\LPC15x9\libmbed.a(gpio_api.o)
 .rodata.gpio_dir.str1.4
                0x00002ddb       0x18 C:\Users\Yuan Quan\ISC\Onboarding\ElecOnboarding24\Firmware\mbed\LPC15x9\libmbed.a(gpio_api.o)
 *fill*         0x00002ddb        0x1 ff
 .rodata.pin_mode.str1.4
                0x00002ddc        0x9 C:\Users\Yuan Quan\ISC\Onboarding\ElecOnboarding24\Firmware\mbed\LPC15x9\libmbed.a(pinmap.o)
                                 0x1f (size before relaxing)
                0x00002de8                        . = ALIGN (0x4)
 *fill*         0x00002de5        0x3 ff
                0x00002de8                        . = ALIGN (0x4)
 *(.init)
 .init          0x00002de8        0x4 e:/uiuc/24fall/mcuxpressoide_11.9.1_2170/ide/plugins/com.nxp.mcuxpresso.tools.win32_11.9.1.202402080819/tools/bin/../lib/gcc/arm-none-eabi/12.3.1/thumb/v7-m/nofp\crti.o
                0x00002de8                _init
 .init          0x00002dec        0x8 e:/uiuc/24fall/mcuxpressoide_11.9.1_2170/ide/plugins/com.nxp.mcuxpresso.tools.win32_11.9.1.202402080819/tools/bin/../lib/gcc/arm-none-eabi/12.3.1/thumb/v7-m/nofp\crtn.o
                0x00002df4                        . = ALIGN (0x4)
                0x00002df4                        __preinit_array_start = .
 *(.preinit_array)
                0x00002df4                        __preinit_array_end = .
                0x00002df4                        . = ALIGN (0x4)
                0x00002df4                        __init_array_start = .
 *(SORT_BY_NAME(.init_array.*))
 *(.init_array)
 .init_array    0x00002df4        0x4 ./src/peripherals.o
 .init_array    0x00002df8        0x4 ./src/pins.o
 .init_array    0x00002dfc        0x4 e:/uiuc/24fall/mcuxpressoide_11.9.1_2170/ide/plugins/com.nxp.mcuxpresso.tools.win32_11.9.1.202402080819/tools/bin/../lib/gcc/arm-none-eabi/12.3.1/thumb/v7-m/nofp\crtbegin.o
                0x00002e00                        __init_array_end = .
 *(.fini)
 .fini          0x00002e00        0x4 e:/uiuc/24fall/mcuxpressoide_11.9.1_2170/ide/plugins/com.nxp.mcuxpresso.tools.win32_11.9.1.202402080819/tools/bin/../lib/gcc/arm-none-eabi/12.3.1/thumb/v7-m/nofp\crti.o
                0x00002e00                _fini
 .fini          0x00002e04        0x8 e:/uiuc/24fall/mcuxpressoide_11.9.1_2170/ide/plugins/com.nxp.mcuxpresso.tools.win32_11.9.1.202402080819/tools/bin/../lib/gcc/arm-none-eabi/12.3.1/thumb/v7-m/nofp\crtn.o
                0x00002e0c                        . = ALIGN (0x4)
 *crtbegin.o(.ctors)
 *(EXCLUDE_FILE(*crtend.o) .ctors)
 *(SORT_BY_NAME(.ctors.*))
 *crtend.o(.ctors)
                0x00002e0c                        . = ALIGN (0x4)
 *crtbegin.o(.dtors)
 *(EXCLUDE_FILE(*crtend.o) .dtors)
 *(SORT_BY_NAME(.dtors.*))
 *crtend.o(.dtors)

.glue_7         0x00002e0c        0x0
 .glue_7        0x00002e0c        0x0 linker stubs

.glue_7t        0x00002e0c        0x0
 .glue_7t       0x00002e0c        0x0 linker stubs

.vfp11_veneer   0x00002e0c        0x0
 .vfp11_veneer  0x00002e0c        0x0 linker stubs

.v4_bx          0x00002e0c        0x0
 .v4_bx         0x00002e0c        0x0 linker stubs

.iplt           0x00002e0c        0x0
 .iplt          0x00002e0c        0x0 ./src/main.o

.ARM.extab
 *(.ARM.extab* .gnu.linkonce.armextab.*)
                0x00002e0c                        __exidx_start = .

.ARM.exidx      0x00002e0c        0x8
 *(.ARM.exidx* .gnu.linkonce.armexidx.*)
 .ARM.exidx.text.__udivmoddi4
                0x00002e0c        0x8 e:/uiuc/24fall/mcuxpressoide_11.9.1_2170/ide/plugins/com.nxp.mcuxpresso.tools.win32_11.9.1.202402080819/tools/bin/../lib/gcc/arm-none-eabi/12.3.1/thumb/v7-m/nofp\libgcc.a(_udivmoddi4.o)
 .ARM.exidx     0x00002e14        0x0 e:/uiuc/24fall/mcuxpressoide_11.9.1_2170/ide/plugins/com.nxp.mcuxpresso.tools.win32_11.9.1.202402080819/tools/bin/../lib/gcc/arm-none-eabi/12.3.1/thumb/v7-m/nofp\libc.a(libc_a-memcpy.o)
                                  0x8 (size before relaxing)
                0x00002e14                        __exidx_end = .
                0x00002e14                        _etext = .

.rel.dyn        0x00002e14        0x0
 .rel.iplt      0x00002e14        0x0 ./src/main.o

.eh_frame       0x00002e14        0x0
 .eh_frame      0x00002e14        0x0 e:/uiuc/24fall/mcuxpressoide_11.9.1_2170/ide/plugins/com.nxp.mcuxpresso.tools.win32_11.9.1.202402080819/tools/bin/../lib/gcc/arm-none-eabi/12.3.1/thumb/v7-m/nofp\crtbegin.o

.data_RAM2      0x02004000        0x0 load address 0x00002e14
 FILL mask 0xff
 *(.ramfunc.$RAM2)
 *(.ramfunc.$Ram1_16)
 *(.data.$RAM2*)
 *(.data.$Ram1_16*)
                0x02004000                        . = ALIGN (0x4)

.data_RAM3      0x02008000        0x0 load address 0x00002e14
 FILL mask 0xff
 *(.ramfunc.$RAM3)
 *(.ramfunc.$Ram2_4)
 *(.data.$RAM3*)
 *(.data.$Ram2_4*)
                0x02008000                        . = ALIGN (0x4)

.uninit_RESERVED
                0x02000100        0x0
 *(.bss.$RESERVED*)
                0x02000100                        . = ALIGN (0x4)
                0x02000100                        _end_uninit_RESERVED = .

.data           0x02000100      0x544 load address 0x00002e14
 FILL mask 0xff
                0x02000100                        _data = .
 *(vtable)
 *(.ramfunc*)
 *(.data*)
 .data.SystemCoreClock
                0x02000100        0x4 C:\Users\Yuan Quan\ISC\Onboarding\ElecOnboarding24\Firmware\mbed\LPC15x9\libmbed.a(system_LPC15xx.o)
                0x02000100                SystemCoreClock
 .data.__malloc_sbrk_base
                0x02000104        0x4 e:/uiuc/24fall/mcuxpressoide_11.9.1_2170/ide/plugins/com.nxp.mcuxpresso.tools.win32_11.9.1.202402080819/tools/bin/../lib/gcc/arm-none-eabi/12.3.1/thumb/v7-m/nofp\libc.a(libc_a-mallocr.o)
                0x02000104                __malloc_sbrk_base
 .data.__malloc_trim_threshold
                0x02000108        0x4 e:/uiuc/24fall/mcuxpressoide_11.9.1_2170/ide/plugins/com.nxp.mcuxpresso.tools.win32_11.9.1.202402080819/tools/bin/../lib/gcc/arm-none-eabi/12.3.1/thumb/v7-m/nofp\libc.a(libc_a-mallocr.o)
                0x02000108                __malloc_trim_threshold
 *fill*         0x0200010c        0x4 ff
 .data.__malloc_av_
                0x02000110      0x408 e:/uiuc/24fall/mcuxpressoide_11.9.1_2170/ide/plugins/com.nxp.mcuxpresso.tools.win32_11.9.1.202402080819/tools/bin/../lib/gcc/arm-none-eabi/12.3.1/thumb/v7-m/nofp\libc.a(libc_a-mallocr.o)
                0x02000110                __malloc_av_
 .data._impure_ptr
                0x02000518        0x4 e:/uiuc/24fall/mcuxpressoide_11.9.1_2170/ide/plugins/com.nxp.mcuxpresso.tools.win32_11.9.1.202402080819/tools/bin/../lib/gcc/arm-none-eabi/12.3.1/thumb/v7-m/nofp\libc.a(libc_a-impure.o)
                0x02000518                _impure_ptr
 *fill*         0x0200051c        0x4 ff
 .data._impure_data
                0x02000520      0x120 e:/uiuc/24fall/mcuxpressoide_11.9.1_2170/ide/plugins/com.nxp.mcuxpresso.tools.win32_11.9.1.202402080819/tools/bin/../lib/gcc/arm-none-eabi/12.3.1/thumb/v7-m/nofp\libc.a(libc_a-impure.o)
                0x02000520                _impure_data
 .data.__dso_handle
                0x02000640        0x4 e:/uiuc/24fall/mcuxpressoide_11.9.1_2170/ide/plugins/com.nxp.mcuxpresso.tools.win32_11.9.1.202402080819/tools/bin/../lib/gcc/arm-none-eabi/12.3.1/thumb/v7-m/nofp\crtbegin.o
                0x02000640                __dso_handle
                0x02000644                        . = ALIGN (0x4)
                0x02000644                        _edata = .

.igot.plt       0x02000644        0x0 load address 0x00003358
 .igot.plt      0x02000644        0x0 ./src/main.o

.tm_clone_table
                0x02000644        0x0 load address 0x00003358
 .tm_clone_table
                0x02000644        0x0 e:/uiuc/24fall/mcuxpressoide_11.9.1_2170/ide/plugins/com.nxp.mcuxpresso.tools.win32_11.9.1.202402080819/tools/bin/../lib/gcc/arm-none-eabi/12.3.1/thumb/v7-m/nofp\crtbegin.o
 .tm_clone_table
                0x02000644        0x0 e:/uiuc/24fall/mcuxpressoide_11.9.1_2170/ide/plugins/com.nxp.mcuxpresso.tools.win32_11.9.1.202402080819/tools/bin/../lib/gcc/arm-none-eabi/12.3.1/thumb/v7-m/nofp\crtend.o

.bss_RAM2       0x02004000        0x0
 *(.bss.$RAM2*)
 *(.bss.$Ram1_16*)
                0x02004000                        . = ALIGN (0x4)

.bss_RAM3       0x02008000        0x0
 *(.bss.$RAM3*)
 *(.bss.$Ram2_4*)
                0x02008000                        . = ALIGN (0x4)

.bss            0x02000644      0x3d8
                0x02000644                        _bss = .
 *(.bss*)
 .bss.common_   0x02000644       0x24 ./src/peripherals.o
                0x02000644                common_
 .bss.wdt       0x02000668        0x1 ./src/peripherals.o
                0x02000668                wdt
 *fill*         0x02000669        0x3 
 .bss.timing    0x0200066c       0xac ./src/peripherals.o
                0x0200066c                timing
 .bss.timer     0x02000718       0x10 ./src/peripherals.o
                0x02000718                timer
 .bss.can       0x02000728       0xe0 ./src/peripherals.o
                0x02000728                can
 .bss.led4      0x02000808       0x18 ./src/pins.o
                0x02000808                led4
 .bss.led3      0x02000820       0x18 ./src/pins.o
                0x02000820                led3
 .bss.led2      0x02000838       0x18 ./src/pins.o
                0x02000838                led2
 .bss.led1      0x02000850       0x18 ./src/pins.o
                0x02000850                led1
 .bss._ZL23_handleCANMessageBuffer
                0x02000868        0x4 C:\Users\Yuan Quan\ISC\Onboarding\ElecOnboarding24\Firmware\common\LPC15x9\libcommon.a(hardware_common_mbed.o)
 .bss.events    0x0200086c        0x8 C:\Users\Yuan Quan\ISC\Onboarding\ElecOnboarding24\Firmware\mbed\LPC15x9\libmbed.a(us_ticker_api.o)
 .bss.rx_interrupts
                0x02000874        0x4 C:\Users\Yuan Quan\ISC\Onboarding\ElecOnboarding24\Firmware\mbed\LPC15x9\libmbed.a(can_api.o)
 .bss.tx_interrupts
                0x02000878        0x4 C:\Users\Yuan Quan\ISC\Onboarding\ElecOnboarding24\Firmware\mbed\LPC15x9\libmbed.a(can_api.o)
 .bss.irq_handler
                0x0200087c        0x4 C:\Users\Yuan Quan\ISC\Onboarding\ElecOnboarding24\Firmware\mbed\LPC15x9\libmbed.a(can_api.o)
 .bss.can_irq_id
                0x02000880        0x4 C:\Users\Yuan Quan\ISC\Onboarding\ElecOnboarding24\Firmware\mbed\LPC15x9\libmbed.a(can_api.o)
 .bss.gpio_enabled
                0x02000884        0x4 C:\Users\Yuan Quan\ISC\Onboarding\ElecOnboarding24\Firmware\mbed\LPC15x9\libmbed.a(gpio_api.o)
 .bss.us_ticker_inited
                0x02000888        0x4 C:\Users\Yuan Quan\ISC\Onboarding\ElecOnboarding24\Firmware\mbed\LPC15x9\libmbed.a(us_ticker.o)
                0x02000888                us_ticker_inited
 .bss.__malloc_current_mallinfo
                0x0200088c       0x28 e:/uiuc/24fall/mcuxpressoide_11.9.1_2170/ide/plugins/com.nxp.mcuxpresso.tools.win32_11.9.1.202402080819/tools/bin/../lib/gcc/arm-none-eabi/12.3.1/thumb/v7-m/nofp\libc.a(libc_a-mallocr.o)
                0x0200088c                __malloc_current_mallinfo
 .bss.__malloc_max_total_mem
                0x020008b4        0x4 e:/uiuc/24fall/mcuxpressoide_11.9.1_2170/ide/plugins/com.nxp.mcuxpresso.tools.win32_11.9.1.202402080819/tools/bin/../lib/gcc/arm-none-eabi/12.3.1/thumb/v7-m/nofp\libc.a(libc_a-mallocr.o)
                0x020008b4                __malloc_max_total_mem
 .bss.__malloc_max_sbrked_mem
                0x020008b8        0x4 e:/uiuc/24fall/mcuxpressoide_11.9.1_2170/ide/plugins/com.nxp.mcuxpresso.tools.win32_11.9.1.202402080819/tools/bin/../lib/gcc/arm-none-eabi/12.3.1/thumb/v7-m/nofp\libc.a(libc_a-mallocr.o)
                0x020008b8                __malloc_max_sbrked_mem
 .bss.__malloc_top_pad
                0x020008bc        0x4 e:/uiuc/24fall/mcuxpressoide_11.9.1_2170/ide/plugins/com.nxp.mcuxpresso.tools.win32_11.9.1.202402080819/tools/bin/../lib/gcc/arm-none-eabi/12.3.1/thumb/v7-m/nofp\libc.a(libc_a-mallocr.o)
                0x020008bc                __malloc_top_pad
 .bss.__lock___malloc_recursive_mutex
                0x020008c0        0x1 e:/uiuc/24fall/mcuxpressoide_11.9.1_2170/ide/plugins/com.nxp.mcuxpresso.tools.win32_11.9.1.202402080819/tools/bin/../lib/gcc/arm-none-eabi/12.3.1/thumb/v7-m/nofp\libc.a(libc_a-lock.o)
                0x020008c0                __lock___malloc_recursive_mutex
 *fill*         0x020008c1        0x3 
 .bss.__sf      0x020008c4      0x138 e:/uiuc/24fall/mcuxpressoide_11.9.1_2170/ide/plugins/com.nxp.mcuxpresso.tools.win32_11.9.1.202402080819/tools/bin/../lib/gcc/arm-none-eabi/12.3.1/thumb/v7-m/nofp\libc.a(libc_a-findfp.o)
                0x020008c4                __sf
 .bss.errno     0x020009fc        0x4 e:/uiuc/24fall/mcuxpressoide_11.9.1_2170/ide/plugins/com.nxp.mcuxpresso.tools.win32_11.9.1.202402080819/tools/bin/../lib/gcc/arm-none-eabi/12.3.1/thumb/v7-m/nofp\libc.a(libc_a-reent.o)
                0x020009fc                errno
 .bss.__end_of_heap
                0x02000a00        0x4 e:/uiuc/24fall/mcuxpressoide_11.9.1_2170/ide/plugins/com.nxp.mcuxpresso.tools.win32_11.9.1.202402080819/tools/bin/../lib/gcc/arm-none-eabi/12.3.1/../../../../arm-none-eabi/lib/thumb/v7-m/nofp\libcr_newlib_nohost.a(_cr_sbrk.o)
                0x02000a00                __end_of_heap
 .bss.object.0  0x02000a04       0x18 e:/uiuc/24fall/mcuxpressoide_11.9.1_2170/ide/plugins/com.nxp.mcuxpresso.tools.win32_11.9.1.202402080819/tools/bin/../lib/gcc/arm-none-eabi/12.3.1/thumb/v7-m/nofp\crtbegin.o
 *(COMMON)
                0x02000a1c                        . = ALIGN (0x4)
                0x02000a1c                        _ebss = .
                [!provide]                        PROVIDE (end = .)
                0x02000a1c                        __end__ = .

.noinit_RAM2    0x02004000        0x0
 *(.noinit.$RAM2*)
 *(.noinit.$Ram1_16*)
                0x02004000                        . = ALIGN (0x4)

.noinit_RAM3    0x02008000        0x0
 *(.noinit.$RAM3*)
 *(.noinit.$Ram2_4*)
                0x02008000                        . = ALIGN (0x4)

.noinit         0x02000a1c        0x0
                0x02000a1c                        _noinit = .
 *(.noinit*)
                0x02000a1c                        . = ALIGN (0x4)
                0x02000a1c                        _end_noinit = .
                0x02000a1c                        PROVIDE (_pvHeapStart = .)
                0x02004000                        PROVIDE (_vStackTop = (__top_Ram0_16 - 0x0))
OUTPUT(project_1.axf elf32-littlearm)
LOAD linker stubs

.debug_info     0x00000000    0x260ac
 .debug_info    0x00000000     0x561d ./src/main.o
 .debug_info    0x0000561d     0x555b ./src/peripherals.o
 .debug_info    0x0000ab78     0x476d ./src/pins.o
 .debug_info    0x0000f2e5      0xa79 C:\Users\Yuan Quan\ISC\Onboarding\ElecOnboarding24\Firmware\common\LPC15x9\libcommon.a(WDT.o)
 .debug_info    0x0000fd5e     0x4919 C:\Users\Yuan Quan\ISC\Onboarding\ElecOnboarding24\Firmware\common\LPC15x9\libcommon.a(TimingCommon.o)
 .debug_info    0x00014677     0x66ca C:\Users\Yuan Quan\ISC\Onboarding\ElecOnboarding24\Firmware\common\LPC15x9\libcommon.a(hardware_common_mbed.o)
 .debug_info    0x0001ad41      0xd74 C:\Users\Yuan Quan\ISC\Onboarding\ElecOnboarding24\Firmware\mbed\LPC15x9\libmbed.a(startup_LPC15xx.o)
 .debug_info    0x0001bab5      0x568 C:\Users\Yuan Quan\ISC\Onboarding\ElecOnboarding24\Firmware\mbed\LPC15x9\libmbed.a(system_LPC15xx.o)
 .debug_info    0x0001c01d     0x29fd C:\Users\Yuan Quan\ISC\Onboarding\ElecOnboarding24\Firmware\mbed\LPC15x9\libmbed.a(CAN.o)
 .debug_info    0x0001ea1a     0x1f82 C:\Users\Yuan Quan\ISC\Onboarding\ElecOnboarding24\Firmware\mbed\LPC15x9\libmbed.a(Timer.o)
 .debug_info    0x0002099c       0xe9 C:\Users\Yuan Quan\ISC\Onboarding\ElecOnboarding24\Firmware\mbed\LPC15x9\libmbed.a(assert.o)
 .debug_info    0x00020a85       0xd8 C:\Users\Yuan Quan\ISC\Onboarding\ElecOnboarding24\Firmware\mbed\LPC15x9\libmbed.a(board.o)
 .debug_info    0x00020b5d      0xd69 C:\Users\Yuan Quan\ISC\Onboarding\ElecOnboarding24\Firmware\mbed\LPC15x9\libmbed.a(gpio.o)
 .debug_info    0x000218c6      0x477 C:\Users\Yuan Quan\ISC\Onboarding\ElecOnboarding24\Firmware\mbed\LPC15x9\libmbed.a(ticker_api.o)
 .debug_info    0x00021d3d      0x2b6 C:\Users\Yuan Quan\ISC\Onboarding\ElecOnboarding24\Firmware\mbed\LPC15x9\libmbed.a(us_ticker_api.o)
 .debug_info    0x00021ff3      0x203 C:\Users\Yuan Quan\ISC\Onboarding\ElecOnboarding24\Firmware\mbed\LPC15x9\libmbed.a(wait_api.o)
 .debug_info    0x000221f6     0x1e3e C:\Users\Yuan Quan\ISC\Onboarding\ElecOnboarding24\Firmware\mbed\LPC15x9\libmbed.a(can_api.o)
 .debug_info    0x00024034      0xbea C:\Users\Yuan Quan\ISC\Onboarding\ElecOnboarding24\Firmware\mbed\LPC15x9\libmbed.a(gpio_api.o)
 .debug_info    0x00024c1e      0x43f C:\Users\Yuan Quan\ISC\Onboarding\ElecOnboarding24\Firmware\mbed\LPC15x9\libmbed.a(pinmap.o)
 .debug_info    0x0002505d      0xa1d C:\Users\Yuan Quan\ISC\Onboarding\ElecOnboarding24\Firmware\mbed\LPC15x9\libmbed.a(us_ticker.o)
 .debug_info    0x00025a7a      0x483 C:\Users\Yuan Quan\ISC\Onboarding\ElecOnboarding24\Firmware\mbed\LPC15x9\libmbed.a(cmsis_nvic.o)
 .debug_info    0x00025efd      0x13e e:/uiuc/24fall/mcuxpressoide_11.9.1_2170/ide/plugins/com.nxp.mcuxpresso.tools.win32_11.9.1.202402080819/tools/bin/../lib/gcc/arm-none-eabi/12.3.1/../../../../arm-none-eabi/lib/thumb/v7-m/nofp\libcr_newlib_nohost.a(_cr_sbrk.o)
 .debug_info    0x0002603b       0x71 e:/uiuc/24fall/mcuxpressoide_11.9.1_2170/ide/plugins/com.nxp.mcuxpresso.tools.win32_11.9.1.202402080819/tools/bin/../lib/gcc/arm-none-eabi/12.3.1/../../../../arm-none-eabi/lib/thumb/v7-m/nofp\libcr_newlib_nohost.a(_cr_check_heap.o)

.debug_abbrev   0x00000000     0x4863
 .debug_abbrev  0x00000000      0x724 ./src/main.o
 .debug_abbrev  0x00000724      0x701 ./src/peripherals.o
 .debug_abbrev  0x00000e25      0x523 ./src/pins.o
 .debug_abbrev  0x00001348      0x267 C:\Users\Yuan Quan\ISC\Onboarding\ElecOnboarding24\Firmware\common\LPC15x9\libcommon.a(WDT.o)
 .debug_abbrev  0x000015af      0x582 C:\Users\Yuan Quan\ISC\Onboarding\ElecOnboarding24\Firmware\common\LPC15x9\libcommon.a(TimingCommon.o)
 .debug_abbrev  0x00001b31      0x751 C:\Users\Yuan Quan\ISC\Onboarding\ElecOnboarding24\Firmware\common\LPC15x9\libcommon.a(hardware_common_mbed.o)
 .debug_abbrev  0x00002282      0x3da C:\Users\Yuan Quan\ISC\Onboarding\ElecOnboarding24\Firmware\mbed\LPC15x9\libmbed.a(startup_LPC15xx.o)
 .debug_abbrev  0x0000265c      0x12c C:\Users\Yuan Quan\ISC\Onboarding\ElecOnboarding24\Firmware\mbed\LPC15x9\libmbed.a(system_LPC15xx.o)
 .debug_abbrev  0x00002788      0x613 C:\Users\Yuan Quan\ISC\Onboarding\ElecOnboarding24\Firmware\mbed\LPC15x9\libmbed.a(CAN.o)
 .debug_abbrev  0x00002d9b      0x443 C:\Users\Yuan Quan\ISC\Onboarding\ElecOnboarding24\Firmware\mbed\LPC15x9\libmbed.a(Timer.o)
 .debug_abbrev  0x000031de       0x8c C:\Users\Yuan Quan\ISC\Onboarding\ElecOnboarding24\Firmware\mbed\LPC15x9\libmbed.a(assert.o)
 .debug_abbrev  0x0000326a       0xae C:\Users\Yuan Quan\ISC\Onboarding\ElecOnboarding24\Firmware\mbed\LPC15x9\libmbed.a(board.o)
 .debug_abbrev  0x00003318      0x23a C:\Users\Yuan Quan\ISC\Onboarding\ElecOnboarding24\Firmware\mbed\LPC15x9\libmbed.a(gpio.o)
 .debug_abbrev  0x00003552      0x20a C:\Users\Yuan Quan\ISC\Onboarding\ElecOnboarding24\Firmware\mbed\LPC15x9\libmbed.a(ticker_api.o)
 .debug_abbrev  0x0000375c      0x14e C:\Users\Yuan Quan\ISC\Onboarding\ElecOnboarding24\Firmware\mbed\LPC15x9\libmbed.a(us_ticker_api.o)
 .debug_abbrev  0x000038aa      0x127 C:\Users\Yuan Quan\ISC\Onboarding\ElecOnboarding24\Firmware\mbed\LPC15x9\libmbed.a(wait_api.o)
 .debug_abbrev  0x000039d1      0x58c C:\Users\Yuan Quan\ISC\Onboarding\ElecOnboarding24\Firmware\mbed\LPC15x9\libmbed.a(can_api.o)
 .debug_abbrev  0x00003f5d      0x271 C:\Users\Yuan Quan\ISC\Onboarding\ElecOnboarding24\Firmware\mbed\LPC15x9\libmbed.a(gpio_api.o)
 .debug_abbrev  0x000041ce      0x153 C:\Users\Yuan Quan\ISC\Onboarding\ElecOnboarding24\Firmware\mbed\LPC15x9\libmbed.a(pinmap.o)
 .debug_abbrev  0x00004321      0x26b C:\Users\Yuan Quan\ISC\Onboarding\ElecOnboarding24\Firmware\mbed\LPC15x9\libmbed.a(us_ticker.o)
 .debug_abbrev  0x0000458c      0x162 C:\Users\Yuan Quan\ISC\Onboarding\ElecOnboarding24\Firmware\mbed\LPC15x9\libmbed.a(cmsis_nvic.o)
 .debug_abbrev  0x000046ee      0x10a e:/uiuc/24fall/mcuxpressoide_11.9.1_2170/ide/plugins/com.nxp.mcuxpresso.tools.win32_11.9.1.202402080819/tools/bin/../lib/gcc/arm-none-eabi/12.3.1/../../../../arm-none-eabi/lib/thumb/v7-m/nofp\libcr_newlib_nohost.a(_cr_sbrk.o)
 .debug_abbrev  0x000047f8       0x6b e:/uiuc/24fall/mcuxpressoide_11.9.1_2170/ide/plugins/com.nxp.mcuxpresso.tools.win32_11.9.1.202402080819/tools/bin/../lib/gcc/arm-none-eabi/12.3.1/../../../../arm-none-eabi/lib/thumb/v7-m/nofp\libcr_newlib_nohost.a(_cr_check_heap.o)

.debug_loc      0x00000000     0x35be
 .debug_loc     0x00000000      0x10a ./src/main.o
 .debug_loc     0x0000010a       0x75 ./src/pins.o
 .debug_loc     0x0000017f      0x756 C:\Users\Yuan Quan\ISC\Onboarding\ElecOnboarding24\Firmware\mbed\LPC15x9\libmbed.a(startup_LPC15xx.o)
 .debug_loc     0x000008d5      0x6b5 C:\Users\Yuan Quan\ISC\Onboarding\ElecOnboarding24\Firmware\mbed\LPC15x9\libmbed.a(CAN.o)
 .debug_loc     0x00000f8a      0x30d C:\Users\Yuan Quan\ISC\Onboarding\ElecOnboarding24\Firmware\mbed\LPC15x9\libmbed.a(Timer.o)
 .debug_loc     0x00001297       0x6f C:\Users\Yuan Quan\ISC\Onboarding\ElecOnboarding24\Firmware\mbed\LPC15x9\libmbed.a(assert.o)
 .debug_loc     0x00001306      0xd08 C:\Users\Yuan Quan\ISC\Onboarding\ElecOnboarding24\Firmware\mbed\LPC15x9\libmbed.a(gpio.o)
 .debug_loc     0x0000200e      0x312 C:\Users\Yuan Quan\ISC\Onboarding\ElecOnboarding24\Firmware\mbed\LPC15x9\libmbed.a(ticker_api.o)
 .debug_loc     0x00002320      0x17a C:\Users\Yuan Quan\ISC\Onboarding\ElecOnboarding24\Firmware\mbed\LPC15x9\libmbed.a(wait_api.o)
 .debug_loc     0x0000249a      0xd91 C:\Users\Yuan Quan\ISC\Onboarding\ElecOnboarding24\Firmware\mbed\LPC15x9\libmbed.a(can_api.o)
 .debug_loc     0x0000322b      0x144 C:\Users\Yuan Quan\ISC\Onboarding\ElecOnboarding24\Firmware\mbed\LPC15x9\libmbed.a(gpio_api.o)
 .debug_loc     0x0000336f       0xab C:\Users\Yuan Quan\ISC\Onboarding\ElecOnboarding24\Firmware\mbed\LPC15x9\libmbed.a(pinmap.o)
 .debug_loc     0x0000341a       0x85 C:\Users\Yuan Quan\ISC\Onboarding\ElecOnboarding24\Firmware\mbed\LPC15x9\libmbed.a(us_ticker.o)
 .debug_loc     0x0000349f       0x81 C:\Users\Yuan Quan\ISC\Onboarding\ElecOnboarding24\Firmware\mbed\LPC15x9\libmbed.a(cmsis_nvic.o)
 .debug_loc     0x00003520       0x5c e:/uiuc/24fall/mcuxpressoide_11.9.1_2170/ide/plugins/com.nxp.mcuxpresso.tools.win32_11.9.1.202402080819/tools/bin/../lib/gcc/arm-none-eabi/12.3.1/../../../../arm-none-eabi/lib/thumb/v7-m/nofp\libcr_newlib_nohost.a(_cr_sbrk.o)
 .debug_loc     0x0000357c       0x42 e:/uiuc/24fall/mcuxpressoide_11.9.1_2170/ide/plugins/com.nxp.mcuxpresso.tools.win32_11.9.1.202402080819/tools/bin/../lib/gcc/arm-none-eabi/12.3.1/../../../../arm-none-eabi/lib/thumb/v7-m/nofp\libcr_newlib_nohost.a(_cr_check_heap.o)

.debug_aranges  0x00000000      0x758
 .debug_aranges
                0x00000000       0x40 ./src/main.o
 .debug_aranges
                0x00000040       0x20 ./src/peripherals.o
 .debug_aranges
                0x00000060       0x28 ./src/pins.o
 .debug_aranges
                0x00000088       0x40 C:\Users\Yuan Quan\ISC\Onboarding\ElecOnboarding24\Firmware\common\LPC15x9\libcommon.a(WDT.o)
 .debug_aranges
                0x000000c8       0x70 C:\Users\Yuan Quan\ISC\Onboarding\ElecOnboarding24\Firmware\common\LPC15x9\libcommon.a(TimingCommon.o)
 .debug_aranges
                0x00000138      0x188 C:\Users\Yuan Quan\ISC\Onboarding\ElecOnboarding24\Firmware\common\LPC15x9\libcommon.a(hardware_common_mbed.o)
 .debug_aranges
                0x000002c0       0xa8 C:\Users\Yuan Quan\ISC\Onboarding\ElecOnboarding24\Firmware\mbed\LPC15x9\libmbed.a(startup_LPC15xx.o)
 .debug_aranges
                0x00000368       0x28 C:\Users\Yuan Quan\ISC\Onboarding\ElecOnboarding24\Firmware\mbed\LPC15x9\libmbed.a(system_LPC15xx.o)
 .debug_aranges
                0x00000390       0x90 C:\Users\Yuan Quan\ISC\Onboarding\ElecOnboarding24\Firmware\mbed\LPC15x9\libmbed.a(CAN.o)
 .debug_aranges
                0x00000420       0x68 C:\Users\Yuan Quan\ISC\Onboarding\ElecOnboarding24\Firmware\mbed\LPC15x9\libmbed.a(Timer.o)
 .debug_aranges
                0x00000488       0x20 C:\Users\Yuan Quan\ISC\Onboarding\ElecOnboarding24\Firmware\mbed\LPC15x9\libmbed.a(assert.o)
 .debug_aranges
                0x000004a8       0x20 C:\Users\Yuan Quan\ISC\Onboarding\ElecOnboarding24\Firmware\mbed\LPC15x9\libmbed.a(board.o)
 .debug_aranges
                0x000004c8       0x40 C:\Users\Yuan Quan\ISC\Onboarding\ElecOnboarding24\Firmware\mbed\LPC15x9\libmbed.a(gpio.o)
 .debug_aranges
                0x00000508       0x48 C:\Users\Yuan Quan\ISC\Onboarding\ElecOnboarding24\Firmware\mbed\LPC15x9\libmbed.a(ticker_api.o)
 .debug_aranges
                0x00000550       0x28 C:\Users\Yuan Quan\ISC\Onboarding\ElecOnboarding24\Firmware\mbed\LPC15x9\libmbed.a(us_ticker_api.o)
 .debug_aranges
                0x00000578       0x30 C:\Users\Yuan Quan\ISC\Onboarding\ElecOnboarding24\Firmware\mbed\LPC15x9\libmbed.a(wait_api.o)
 .debug_aranges
                0x000005a8       0xa8 C:\Users\Yuan Quan\ISC\Onboarding\ElecOnboarding24\Firmware\mbed\LPC15x9\libmbed.a(can_api.o)
 .debug_aranges
                0x00000650       0x38 C:\Users\Yuan Quan\ISC\Onboarding\ElecOnboarding24\Firmware\mbed\LPC15x9\libmbed.a(gpio_api.o)
 .debug_aranges
                0x00000688       0x28 C:\Users\Yuan Quan\ISC\Onboarding\ElecOnboarding24\Firmware\mbed\LPC15x9\libmbed.a(pinmap.o)
 .debug_aranges
                0x000006b0       0x40 C:\Users\Yuan Quan\ISC\Onboarding\ElecOnboarding24\Firmware\mbed\LPC15x9\libmbed.a(us_ticker.o)
 .debug_aranges
                0x000006f0       0x28 C:\Users\Yuan Quan\ISC\Onboarding\ElecOnboarding24\Firmware\mbed\LPC15x9\libmbed.a(cmsis_nvic.o)
 .debug_aranges
                0x00000718       0x20 e:/uiuc/24fall/mcuxpressoide_11.9.1_2170/ide/plugins/com.nxp.mcuxpresso.tools.win32_11.9.1.202402080819/tools/bin/../lib/gcc/arm-none-eabi/12.3.1/../../../../arm-none-eabi/lib/thumb/v7-m/nofp\libcr_newlib_nohost.a(_cr_sbrk.o)
 .debug_aranges
                0x00000738       0x20 e:/uiuc/24fall/mcuxpressoide_11.9.1_2170/ide/plugins/com.nxp.mcuxpresso.tools.win32_11.9.1.202402080819/tools/bin/../lib/gcc/arm-none-eabi/12.3.1/../../../../arm-none-eabi/lib/thumb/v7-m/nofp\libcr_newlib_nohost.a(_cr_check_heap.o)

.debug_ranges   0x00000000      0xb58
 .debug_ranges  0x00000000       0xa0 ./src/main.o
 .debug_ranges  0x000000a0       0x30 ./src/peripherals.o
 .debug_ranges  0x000000d0       0x30 ./src/pins.o
 .debug_ranges  0x00000100       0x30 C:\Users\Yuan Quan\ISC\Onboarding\ElecOnboarding24\Firmware\common\LPC15x9\libcommon.a(WDT.o)
 .debug_ranges  0x00000130       0x60 C:\Users\Yuan Quan\ISC\Onboarding\ElecOnboarding24\Firmware\common\LPC15x9\libcommon.a(TimingCommon.o)
 .debug_ranges  0x00000190      0x178 C:\Users\Yuan Quan\ISC\Onboarding\ElecOnboarding24\Firmware\common\LPC15x9\libcommon.a(hardware_common_mbed.o)
 .debug_ranges  0x00000308       0xe0 C:\Users\Yuan Quan\ISC\Onboarding\ElecOnboarding24\Firmware\mbed\LPC15x9\libmbed.a(startup_LPC15xx.o)
 .debug_ranges  0x000003e8       0x18 C:\Users\Yuan Quan\ISC\Onboarding\ElecOnboarding24\Firmware\mbed\LPC15x9\libmbed.a(system_LPC15xx.o)
 .debug_ranges  0x00000400       0xd0 C:\Users\Yuan Quan\ISC\Onboarding\ElecOnboarding24\Firmware\mbed\LPC15x9\libmbed.a(CAN.o)
 .debug_ranges  0x000004d0      0x100 C:\Users\Yuan Quan\ISC\Onboarding\ElecOnboarding24\Firmware\mbed\LPC15x9\libmbed.a(Timer.o)
 .debug_ranges  0x000005d0       0x10 C:\Users\Yuan Quan\ISC\Onboarding\ElecOnboarding24\Firmware\mbed\LPC15x9\libmbed.a(assert.o)
 .debug_ranges  0x000005e0       0x28 C:\Users\Yuan Quan\ISC\Onboarding\ElecOnboarding24\Firmware\mbed\LPC15x9\libmbed.a(board.o)
 .debug_ranges  0x00000608      0x190 C:\Users\Yuan Quan\ISC\Onboarding\ElecOnboarding24\Firmware\mbed\LPC15x9\libmbed.a(gpio.o)
 .debug_ranges  0x00000798       0xe0 C:\Users\Yuan Quan\ISC\Onboarding\ElecOnboarding24\Firmware\mbed\LPC15x9\libmbed.a(ticker_api.o)
 .debug_ranges  0x00000878       0x18 C:\Users\Yuan Quan\ISC\Onboarding\ElecOnboarding24\Firmware\mbed\LPC15x9\libmbed.a(us_ticker_api.o)
 .debug_ranges  0x00000890       0x68 C:\Users\Yuan Quan\ISC\Onboarding\ElecOnboarding24\Firmware\mbed\LPC15x9\libmbed.a(wait_api.o)
 .debug_ranges  0x000008f8      0x190 C:\Users\Yuan Quan\ISC\Onboarding\ElecOnboarding24\Firmware\mbed\LPC15x9\libmbed.a(can_api.o)
 .debug_ranges  0x00000a88       0x50 C:\Users\Yuan Quan\ISC\Onboarding\ElecOnboarding24\Firmware\mbed\LPC15x9\libmbed.a(gpio_api.o)
 .debug_ranges  0x00000ad8       0x18 C:\Users\Yuan Quan\ISC\Onboarding\ElecOnboarding24\Firmware\mbed\LPC15x9\libmbed.a(pinmap.o)
 .debug_ranges  0x00000af0       0x30 C:\Users\Yuan Quan\ISC\Onboarding\ElecOnboarding24\Firmware\mbed\LPC15x9\libmbed.a(us_ticker.o)
 .debug_ranges  0x00000b20       0x18 C:\Users\Yuan Quan\ISC\Onboarding\ElecOnboarding24\Firmware\mbed\LPC15x9\libmbed.a(cmsis_nvic.o)
 .debug_ranges  0x00000b38       0x10 e:/uiuc/24fall/mcuxpressoide_11.9.1_2170/ide/plugins/com.nxp.mcuxpresso.tools.win32_11.9.1.202402080819/tools/bin/../lib/gcc/arm-none-eabi/12.3.1/../../../../arm-none-eabi/lib/thumb/v7-m/nofp\libcr_newlib_nohost.a(_cr_sbrk.o)
 .debug_ranges  0x00000b48       0x10 e:/uiuc/24fall/mcuxpressoide_11.9.1_2170/ide/plugins/com.nxp.mcuxpresso.tools.win32_11.9.1.202402080819/tools/bin/../lib/gcc/arm-none-eabi/12.3.1/../../../../arm-none-eabi/lib/thumb/v7-m/nofp\libcr_newlib_nohost.a(_cr_check_heap.o)

.debug_macro    0x00000000     0xa546
 .debug_macro   0x00000000      0x5ed ./src/main.o
 .debug_macro   0x000005ed      0xb98 ./src/main.o
 .debug_macro   0x00001185       0x10 ./src/main.o
 .debug_macro   0x00001195       0x10 ./src/main.o
 .debug_macro   0x000011a5       0x94 ./src/main.o
 .debug_macro   0x00001239       0x22 ./src/main.o
 .debug_macro   0x0000125b       0x3a ./src/main.o
 .debug_macro   0x00001295       0x1c ./src/main.o
 .debug_macro   0x000012b1       0x22 ./src/main.o
 .debug_macro   0x000012d3       0x56 ./src/main.o
 .debug_macro   0x00001329       0x51 ./src/main.o
 .debug_macro   0x0000137a      0x103 ./src/main.o
 .debug_macro   0x0000147d       0x6a ./src/main.o
 .debug_macro   0x000014e7      0x1df ./src/main.o
 .debug_macro   0x000016c6       0x2d ./src/main.o
 .debug_macro   0x000016f3      0xa7d ./src/main.o
 .debug_macro   0x00002170      0x1e0 ./src/main.o
 .debug_macro   0x00002350       0x16 ./src/main.o
 .debug_macro   0x00002366       0x16 ./src/main.o
 .debug_macro   0x0000237c       0x10 ./src/main.o
 .debug_macro   0x0000238c       0x28 ./src/main.o
 .debug_macro   0x000023b4      0x1d6 ./src/main.o
 .debug_macro   0x0000258a       0x10 ./src/main.o
 .debug_macro   0x0000259a      0x3df ./src/main.o
 .debug_macro   0x00002979      0x190 ./src/main.o
 .debug_macro   0x00002b09       0x10 ./src/main.o
 .debug_macro   0x00002b19       0x24 ./src/main.o
 .debug_macro   0x00002b3d       0x7b ./src/main.o
 .debug_macro   0x00002bb8       0x3c ./src/main.o
 .debug_macro   0x00002bf4       0x34 ./src/main.o
 .debug_macro   0x00002c28       0x16 ./src/main.o
 .debug_macro   0x00002c3e       0x35 ./src/main.o
 .debug_macro   0x00002c73       0x16 ./src/main.o
 .debug_macro   0x00002c89       0x43 ./src/main.o
 .debug_macro   0x00002ccc       0x34 ./src/main.o
 .debug_macro   0x00002d00       0x10 ./src/main.o
 .debug_macro   0x00002d10       0x58 ./src/main.o
 .debug_macro   0x00002d68      0x1de ./src/main.o
 .debug_macro   0x00002f46      0x38c ./src/main.o
 .debug_macro   0x000032d2       0x22 ./src/main.o
 .debug_macro   0x000032f4       0x1c ./src/main.o
 .debug_macro   0x00003310       0xde ./src/main.o
 .debug_macro   0x000033ee       0x1c ./src/main.o
 .debug_macro   0x0000340a       0x10 ./src/main.o
 .debug_macro   0x0000341a       0x16 ./src/main.o
 .debug_macro   0x00003430       0x16 ./src/main.o
 .debug_macro   0x00003446      0x115 ./src/main.o
 .debug_macro   0x0000355b      0x123 ./src/main.o
 .debug_macro   0x0000367e       0x16 ./src/main.o
 .debug_macro   0x00003694       0x8e ./src/main.o
 .debug_macro   0x00003722       0x18 ./src/main.o
 .debug_macro   0x0000373a       0xe5 ./src/main.o
 .debug_macro   0x0000381f      0x3cd ./src/main.o
 .debug_macro   0x00003bec       0x16 ./src/main.o
 .debug_macro   0x00003c02       0x10 ./src/main.o
 .debug_macro   0x00003c12       0x10 ./src/main.o
 .debug_macro   0x00003c22       0xaa ./src/main.o
 .debug_macro   0x00003ccc       0x2e ./src/main.o
 .debug_macro   0x00003cfa       0x3a ./src/main.o
 .debug_macro   0x00003d34      0x123 ./src/main.o
 .debug_macro   0x00003e57      0x108 ./src/main.o
 .debug_macro   0x00003f5f       0x10 ./src/main.o
 .debug_macro   0x00003f6f       0x7c ./src/main.o
 .debug_macro   0x00003feb       0x10 ./src/main.o
 .debug_macro   0x00003ffb       0x5e ./src/main.o
 .debug_macro   0x00004059       0x2e ./src/main.o
 .debug_macro   0x00004087       0x28 ./src/main.o
 .debug_macro   0x000040af       0x2e ./src/main.o
 .debug_macro   0x000040dd       0x10 ./src/main.o
 .debug_macro   0x000040ed       0x10 ./src/main.o
 .debug_macro   0x000040fd       0x1c ./src/main.o
 .debug_macro   0x00004119      0x5d3 ./src/peripherals.o
 .debug_macro   0x000046ec      0x56a ./src/pins.o
 .debug_macro   0x00004c56       0xf1 C:\Users\Yuan Quan\ISC\Onboarding\ElecOnboarding24\Firmware\common\LPC15x9\libcommon.a(WDT.o)
 .debug_macro   0x00004d47      0xb92 C:\Users\Yuan Quan\ISC\Onboarding\ElecOnboarding24\Firmware\common\LPC15x9\libcommon.a(WDT.o)
 .debug_macro   0x000058d9      0x571 C:\Users\Yuan Quan\ISC\Onboarding\ElecOnboarding24\Firmware\common\LPC15x9\libcommon.a(TimingCommon.o)
 .debug_macro   0x00005e4a      0x5b4 C:\Users\Yuan Quan\ISC\Onboarding\ElecOnboarding24\Firmware\common\LPC15x9\libcommon.a(hardware_common_mbed.o)
 .debug_macro   0x000063fe      0x1ba C:\Users\Yuan Quan\ISC\Onboarding\ElecOnboarding24\Firmware\mbed\LPC15x9\libmbed.a(startup_LPC15xx.o)
 .debug_macro   0x000065b8      0xb92 C:\Users\Yuan Quan\ISC\Onboarding\ElecOnboarding24\Firmware\mbed\LPC15x9\libmbed.a(startup_LPC15xx.o)
 .debug_macro   0x0000714a      0x11c C:\Users\Yuan Quan\ISC\Onboarding\ElecOnboarding24\Firmware\mbed\LPC15x9\libmbed.a(startup_LPC15xx.o)
 .debug_macro   0x00007266       0x9b C:\Users\Yuan Quan\ISC\Onboarding\ElecOnboarding24\Firmware\mbed\LPC15x9\libmbed.a(startup_LPC15xx.o)
 .debug_macro   0x00007301      0x170 C:\Users\Yuan Quan\ISC\Onboarding\ElecOnboarding24\Firmware\mbed\LPC15x9\libmbed.a(system_LPC15xx.o)
 .debug_macro   0x00007471      0xaea C:\Users\Yuan Quan\ISC\Onboarding\ElecOnboarding24\Firmware\mbed\LPC15x9\libmbed.a(system_LPC15xx.o)
 .debug_macro   0x00007f5b      0xa7d C:\Users\Yuan Quan\ISC\Onboarding\ElecOnboarding24\Firmware\mbed\LPC15x9\libmbed.a(system_LPC15xx.o)
 .debug_macro   0x000089d8      0x29e C:\Users\Yuan Quan\ISC\Onboarding\ElecOnboarding24\Firmware\mbed\LPC15x9\libmbed.a(CAN.o)
 .debug_macro   0x00008c76      0x294 C:\Users\Yuan Quan\ISC\Onboarding\ElecOnboarding24\Firmware\mbed\LPC15x9\libmbed.a(Timer.o)
 .debug_macro   0x00008f0a      0x1bb C:\Users\Yuan Quan\ISC\Onboarding\ElecOnboarding24\Firmware\mbed\LPC15x9\libmbed.a(assert.o)
 .debug_macro   0x000090c5       0x34 C:\Users\Yuan Quan\ISC\Onboarding\ElecOnboarding24\Firmware\mbed\LPC15x9\libmbed.a(assert.o)
 .debug_macro   0x000090f9      0x11c C:\Users\Yuan Quan\ISC\Onboarding\ElecOnboarding24\Firmware\mbed\LPC15x9\libmbed.a(assert.o)
 .debug_macro   0x00009215       0x94 C:\Users\Yuan Quan\ISC\Onboarding\ElecOnboarding24\Firmware\mbed\LPC15x9\libmbed.a(assert.o)
 .debug_macro   0x000092a9       0x43 C:\Users\Yuan Quan\ISC\Onboarding\ElecOnboarding24\Firmware\mbed\LPC15x9\libmbed.a(assert.o)
 .debug_macro   0x000092ec      0x369 C:\Users\Yuan Quan\ISC\Onboarding\ElecOnboarding24\Firmware\mbed\LPC15x9\libmbed.a(assert.o)
 .debug_macro   0x00009655      0x11f C:\Users\Yuan Quan\ISC\Onboarding\ElecOnboarding24\Firmware\mbed\LPC15x9\libmbed.a(board.o)
 .debug_macro   0x00009774       0x16 C:\Users\Yuan Quan\ISC\Onboarding\ElecOnboarding24\Firmware\mbed\LPC15x9\libmbed.a(board.o)
 .debug_macro   0x0000978a      0x103 C:\Users\Yuan Quan\ISC\Onboarding\ElecOnboarding24\Firmware\mbed\LPC15x9\libmbed.a(gpio.o)
 .debug_macro   0x0000988d      0x10c C:\Users\Yuan Quan\ISC\Onboarding\ElecOnboarding24\Firmware\mbed\LPC15x9\libmbed.a(ticker_api.o)
 .debug_macro   0x00009999      0x189 C:\Users\Yuan Quan\ISC\Onboarding\ElecOnboarding24\Firmware\mbed\LPC15x9\libmbed.a(ticker_api.o)
 .debug_macro   0x00009b22      0x10c C:\Users\Yuan Quan\ISC\Onboarding\ElecOnboarding24\Firmware\mbed\LPC15x9\libmbed.a(us_ticker_api.o)
 .debug_macro   0x00009c2e      0x116 C:\Users\Yuan Quan\ISC\Onboarding\ElecOnboarding24\Firmware\mbed\LPC15x9\libmbed.a(wait_api.o)
 .debug_macro   0x00009d44      0x2fd C:\Users\Yuan Quan\ISC\Onboarding\ElecOnboarding24\Firmware\mbed\LPC15x9\libmbed.a(can_api.o)
 .debug_macro   0x0000a041       0xec C:\Users\Yuan Quan\ISC\Onboarding\ElecOnboarding24\Firmware\mbed\LPC15x9\libmbed.a(can_api.o)
 .debug_macro   0x0000a12d       0x35 C:\Users\Yuan Quan\ISC\Onboarding\ElecOnboarding24\Firmware\mbed\LPC15x9\libmbed.a(can_api.o)
 .debug_macro   0x0000a162      0x111 C:\Users\Yuan Quan\ISC\Onboarding\ElecOnboarding24\Firmware\mbed\LPC15x9\libmbed.a(gpio_api.o)
 .debug_macro   0x0000a273       0xe2 C:\Users\Yuan Quan\ISC\Onboarding\ElecOnboarding24\Firmware\mbed\LPC15x9\libmbed.a(pinmap.o)
 .debug_macro   0x0000a355       0x10 C:\Users\Yuan Quan\ISC\Onboarding\ElecOnboarding24\Firmware\mbed\LPC15x9\libmbed.a(pinmap.o)
 .debug_macro   0x0000a365      0x11f C:\Users\Yuan Quan\ISC\Onboarding\ElecOnboarding24\Firmware\mbed\LPC15x9\libmbed.a(us_ticker.o)
 .debug_macro   0x0000a484       0xc2 C:\Users\Yuan Quan\ISC\Onboarding\ElecOnboarding24\Firmware\mbed\LPC15x9\libmbed.a(cmsis_nvic.o)

.debug_line     0x00000000     0xdb28
 .debug_line    0x00000000     0x109c ./src/main.o
 .debug_line    0x0000109c      0xf1c ./src/peripherals.o
 .debug_line    0x00001fb8      0xdd9 ./src/pins.o
 .debug_line    0x00002d91      0x6bd C:\Users\Yuan Quan\ISC\Onboarding\ElecOnboarding24\Firmware\common\LPC15x9\libcommon.a(WDT.o)
 .debug_line    0x0000344e      0xfcf C:\Users\Yuan Quan\ISC\Onboarding\ElecOnboarding24\Firmware\common\LPC15x9\libcommon.a(TimingCommon.o)
 .debug_line    0x0000441d     0x1519 C:\Users\Yuan Quan\ISC\Onboarding\ElecOnboarding24\Firmware\common\LPC15x9\libcommon.a(hardware_common_mbed.o)
 .debug_line    0x00005936      0xa3c C:\Users\Yuan Quan\ISC\Onboarding\ElecOnboarding24\Firmware\mbed\LPC15x9\libmbed.a(startup_LPC15xx.o)
 .debug_line    0x00006372      0x570 C:\Users\Yuan Quan\ISC\Onboarding\ElecOnboarding24\Firmware\mbed\LPC15x9\libmbed.a(system_LPC15xx.o)
 .debug_line    0x000068e2      0xb71 C:\Users\Yuan Quan\ISC\Onboarding\ElecOnboarding24\Firmware\mbed\LPC15x9\libmbed.a(CAN.o)
 .debug_line    0x00007453      0xb21 C:\Users\Yuan Quan\ISC\Onboarding\ElecOnboarding24\Firmware\mbed\LPC15x9\libmbed.a(Timer.o)
 .debug_line    0x00007f74      0x603 C:\Users\Yuan Quan\ISC\Onboarding\ElecOnboarding24\Firmware\mbed\LPC15x9\libmbed.a(assert.o)
 .debug_line    0x00008577      0x638 C:\Users\Yuan Quan\ISC\Onboarding\ElecOnboarding24\Firmware\mbed\LPC15x9\libmbed.a(board.o)
 .debug_line    0x00008baf      0x80a C:\Users\Yuan Quan\ISC\Onboarding\ElecOnboarding24\Firmware\mbed\LPC15x9\libmbed.a(gpio.o)
 .debug_line    0x000093b9      0x8a2 C:\Users\Yuan Quan\ISC\Onboarding\ElecOnboarding24\Firmware\mbed\LPC15x9\libmbed.a(ticker_api.o)
 .debug_line    0x00009c5b      0x5fa C:\Users\Yuan Quan\ISC\Onboarding\ElecOnboarding24\Firmware\mbed\LPC15x9\libmbed.a(us_ticker_api.o)
 .debug_line    0x0000a255      0x6ad C:\Users\Yuan Quan\ISC\Onboarding\ElecOnboarding24\Firmware\mbed\LPC15x9\libmbed.a(wait_api.o)
 .debug_line    0x0000a902     0x159c C:\Users\Yuan Quan\ISC\Onboarding\ElecOnboarding24\Firmware\mbed\LPC15x9\libmbed.a(can_api.o)
 .debug_line    0x0000be9e      0x788 C:\Users\Yuan Quan\ISC\Onboarding\ElecOnboarding24\Firmware\mbed\LPC15x9\libmbed.a(gpio_api.o)
 .debug_line    0x0000c626      0x646 C:\Users\Yuan Quan\ISC\Onboarding\ElecOnboarding24\Firmware\mbed\LPC15x9\libmbed.a(pinmap.o)
 .debug_line    0x0000cc6c      0x832 C:\Users\Yuan Quan\ISC\Onboarding\ElecOnboarding24\Firmware\mbed\LPC15x9\libmbed.a(us_ticker.o)
 .debug_line    0x0000d49e      0x45c C:\Users\Yuan Quan\ISC\Onboarding\ElecOnboarding24\Firmware\mbed\LPC15x9\libmbed.a(cmsis_nvic.o)
 .debug_line    0x0000d8fa      0x1cd e:/uiuc/24fall/mcuxpressoide_11.9.1_2170/ide/plugins/com.nxp.mcuxpresso.tools.win32_11.9.1.202402080819/tools/bin/../lib/gcc/arm-none-eabi/12.3.1/../../../../arm-none-eabi/lib/thumb/v7-m/nofp\libcr_newlib_nohost.a(_cr_sbrk.o)
 .debug_line    0x0000dac7       0x61 e:/uiuc/24fall/mcuxpressoide_11.9.1_2170/ide/plugins/com.nxp.mcuxpresso.tools.win32_11.9.1.202402080819/tools/bin/../lib/gcc/arm-none-eabi/12.3.1/../../../../arm-none-eabi/lib/thumb/v7-m/nofp\libcr_newlib_nohost.a(_cr_check_heap.o)

.debug_str      0x00000000    0x14f86
 .debug_str     0x00000000    0x11670 ./src/main.o
                              0x11d0e (size before relaxing)
 .debug_str     0x00011670      0x252 ./src/peripherals.o
                              0x11d64 (size before relaxing)
 .debug_str     0x000118c2       0x7a ./src/pins.o
                              0x1102f (size before relaxing)
 .debug_str     0x0001193c      0x480 C:\Users\Yuan Quan\ISC\Onboarding\ElecOnboarding24\Firmware\common\LPC15x9\libcommon.a(WDT.o)
                               0xabc6 (size before relaxing)
 .debug_str     0x00011dbc      0x202 C:\Users\Yuan Quan\ISC\Onboarding\ElecOnboarding24\Firmware\common\LPC15x9\libcommon.a(TimingCommon.o)
                              0x11110 (size before relaxing)
 .debug_str     0x00011fbe      0xda8 C:\Users\Yuan Quan\ISC\Onboarding\ElecOnboarding24\Firmware\common\LPC15x9\libcommon.a(hardware_common_mbed.o)
                              0x1299f (size before relaxing)
 .debug_str     0x00012d66      0x45a C:\Users\Yuan Quan\ISC\Onboarding\ElecOnboarding24\Firmware\mbed\LPC15x9\libmbed.a(startup_LPC15xx.o)
                               0xd9c8 (size before relaxing)
 .debug_str     0x000131c0      0x5d4 C:\Users\Yuan Quan\ISC\Onboarding\ElecOnboarding24\Firmware\mbed\LPC15x9\libmbed.a(system_LPC15xx.o)
                               0x8f33 (size before relaxing)
 .debug_str     0x00013794      0x4e4 C:\Users\Yuan Quan\ISC\Onboarding\ElecOnboarding24\Firmware\mbed\LPC15x9\libmbed.a(CAN.o)
                               0xee02 (size before relaxing)
 .debug_str     0x00013c78       0x85 C:\Users\Yuan Quan\ISC\Onboarding\ElecOnboarding24\Firmware\mbed\LPC15x9\libmbed.a(Timer.o)
                               0xe727 (size before relaxing)
 .debug_str     0x00013cfd       0xe6 C:\Users\Yuan Quan\ISC\Onboarding\ElecOnboarding24\Firmware\mbed\LPC15x9\libmbed.a(assert.o)
                               0xbc46 (size before relaxing)
 .debug_str     0x00013de3       0x75 C:\Users\Yuan Quan\ISC\Onboarding\ElecOnboarding24\Firmware\mbed\LPC15x9\libmbed.a(board.o)
                               0x8db4 (size before relaxing)
 .debug_str     0x00013e58       0xf7 C:\Users\Yuan Quan\ISC\Onboarding\ElecOnboarding24\Firmware\mbed\LPC15x9\libmbed.a(gpio.o)
                               0x8ea7 (size before relaxing)
 .debug_str     0x00013f4f       0x80 C:\Users\Yuan Quan\ISC\Onboarding\ElecOnboarding24\Firmware\mbed\LPC15x9\libmbed.a(ticker_api.o)
                               0x9087 (size before relaxing)
 .debug_str     0x00013fcf       0xc7 C:\Users\Yuan Quan\ISC\Onboarding\ElecOnboarding24\Firmware\mbed\LPC15x9\libmbed.a(us_ticker_api.o)
                               0x8d71 (size before relaxing)
 .debug_str     0x00014096       0x4b C:\Users\Yuan Quan\ISC\Onboarding\ElecOnboarding24\Firmware\mbed\LPC15x9\libmbed.a(wait_api.o)
                               0x8c22 (size before relaxing)
 .debug_str     0x000140e1      0xa44 C:\Users\Yuan Quan\ISC\Onboarding\ElecOnboarding24\Firmware\mbed\LPC15x9\libmbed.a(can_api.o)
                               0xd25b (size before relaxing)
 .debug_str     0x00014b25       0x9f C:\Users\Yuan Quan\ISC\Onboarding\ElecOnboarding24\Firmware\mbed\LPC15x9\libmbed.a(gpio_api.o)
                               0x9176 (size before relaxing)
 .debug_str     0x00014bc4       0x4e C:\Users\Yuan Quan\ISC\Onboarding\ElecOnboarding24\Firmware\mbed\LPC15x9\libmbed.a(pinmap.o)
                               0x8c1d (size before relaxing)
 .debug_str     0x00014c12       0xc1 C:\Users\Yuan Quan\ISC\Onboarding\ElecOnboarding24\Firmware\mbed\LPC15x9\libmbed.a(us_ticker.o)
                               0x965e (size before relaxing)
 .debug_str     0x00014cd3      0x102 C:\Users\Yuan Quan\ISC\Onboarding\ElecOnboarding24\Firmware\mbed\LPC15x9\libmbed.a(cmsis_nvic.o)
                               0x8ce3 (size before relaxing)
 .debug_str     0x00014dd5      0x18c e:/uiuc/24fall/mcuxpressoide_11.9.1_2170/ide/plugins/com.nxp.mcuxpresso.tools.win32_11.9.1.202402080819/tools/bin/../lib/gcc/arm-none-eabi/12.3.1/../../../../arm-none-eabi/lib/thumb/v7-m/nofp\libcr_newlib_nohost.a(_cr_sbrk.o)
                                0x228 (size before relaxing)
 .debug_str     0x00014f61       0x25 e:/uiuc/24fall/mcuxpressoide_11.9.1_2170/ide/plugins/com.nxp.mcuxpresso.tools.win32_11.9.1.202402080819/tools/bin/../lib/gcc/arm-none-eabi/12.3.1/../../../../arm-none-eabi/lib/thumb/v7-m/nofp\libcr_newlib_nohost.a(_cr_check_heap.o)
                                0x173 (size before relaxing)

.comment        0x00000000       0x45
 .comment       0x00000000       0x45 ./src/main.o
                                 0x46 (size before relaxing)
 .comment       0x00000045       0x46 ./src/peripherals.o
 .comment       0x00000045       0x46 ./src/pins.o
 .comment       0x00000045       0x46 C:\Users\Yuan Quan\ISC\Onboarding\ElecOnboarding24\Firmware\common\LPC15x9\libcommon.a(WDT.o)
 .comment       0x00000045       0x46 C:\Users\Yuan Quan\ISC\Onboarding\ElecOnboarding24\Firmware\common\LPC15x9\libcommon.a(TimingCommon.o)
 .comment       0x00000045       0x46 C:\Users\Yuan Quan\ISC\Onboarding\ElecOnboarding24\Firmware\common\LPC15x9\libcommon.a(hardware_common_mbed.o)
 .comment       0x00000045       0x46 C:\Users\Yuan Quan\ISC\Onboarding\ElecOnboarding24\Firmware\mbed\LPC15x9\libmbed.a(startup_LPC15xx.o)
 .comment       0x00000045       0x46 C:\Users\Yuan Quan\ISC\Onboarding\ElecOnboarding24\Firmware\mbed\LPC15x9\libmbed.a(system_LPC15xx.o)
 .comment       0x00000045       0x46 C:\Users\Yuan Quan\ISC\Onboarding\ElecOnboarding24\Firmware\mbed\LPC15x9\libmbed.a(CAN.o)
 .comment       0x00000045       0x46 C:\Users\Yuan Quan\ISC\Onboarding\ElecOnboarding24\Firmware\mbed\LPC15x9\libmbed.a(Timer.o)
 .comment       0x00000045       0x46 C:\Users\Yuan Quan\ISC\Onboarding\ElecOnboarding24\Firmware\mbed\LPC15x9\libmbed.a(assert.o)
 .comment       0x00000045       0x46 C:\Users\Yuan Quan\ISC\Onboarding\ElecOnboarding24\Firmware\mbed\LPC15x9\libmbed.a(board.o)
 .comment       0x00000045       0x46 C:\Users\Yuan Quan\ISC\Onboarding\ElecOnboarding24\Firmware\mbed\LPC15x9\libmbed.a(gpio.o)
 .comment       0x00000045       0x46 C:\Users\Yuan Quan\ISC\Onboarding\ElecOnboarding24\Firmware\mbed\LPC15x9\libmbed.a(ticker_api.o)
 .comment       0x00000045       0x46 C:\Users\Yuan Quan\ISC\Onboarding\ElecOnboarding24\Firmware\mbed\LPC15x9\libmbed.a(us_ticker_api.o)
 .comment       0x00000045       0x46 C:\Users\Yuan Quan\ISC\Onboarding\ElecOnboarding24\Firmware\mbed\LPC15x9\libmbed.a(wait_api.o)
 .comment       0x00000045       0x46 C:\Users\Yuan Quan\ISC\Onboarding\ElecOnboarding24\Firmware\mbed\LPC15x9\libmbed.a(can_api.o)
 .comment       0x00000045       0x46 C:\Users\Yuan Quan\ISC\Onboarding\ElecOnboarding24\Firmware\mbed\LPC15x9\libmbed.a(gpio_api.o)
 .comment       0x00000045       0x46 C:\Users\Yuan Quan\ISC\Onboarding\ElecOnboarding24\Firmware\mbed\LPC15x9\libmbed.a(pinmap.o)
 .comment       0x00000045       0x46 C:\Users\Yuan Quan\ISC\Onboarding\ElecOnboarding24\Firmware\mbed\LPC15x9\libmbed.a(us_ticker.o)
 .comment       0x00000045       0x46 C:\Users\Yuan Quan\ISC\Onboarding\ElecOnboarding24\Firmware\mbed\LPC15x9\libmbed.a(cmsis_nvic.o)
 .comment       0x00000045       0x46 e:/uiuc/24fall/mcuxpressoide_11.9.1_2170/ide/plugins/com.nxp.mcuxpresso.tools.win32_11.9.1.202402080819/tools/bin/../lib/gcc/arm-none-eabi/12.3.1/../../../../arm-none-eabi/lib/thumb/v7-m/nofp\libcr_newlib_nohost.a(_cr_sbrk.o)