../libraries/mbed/common/CallChain.cpp:10:1:mbed::CallChain::~CallChain()	16	static
../libraries/mbed/common/CallChain.cpp:10:1:virtual mbed::CallChain::~CallChain()	16	static
../libraries/mbed/common/CallChain.cpp:6:1:mbed::CallChain::CallChain(int)	24	static
../libraries/mbed/common/CallChain.cpp:15:20:mbed::FunctionPointer* mbed::CallChain::add(void (*)())	32	static
../libraries/mbed/common/CallChain.cpp:19:20:mbed::FunctionPointer* mbed::CallChain::add_front(void (*)())	32	static
../libraries/mbed/common/CallChain.cpp:23:5:int mbed::CallChain::size() const	0	static
../libraries/mbed/common/CallChain.cpp:27:20:mbed::FunctionPointer* mbed::CallChain::get(int) const	0	static
../libraries/mbed/common/CallChain.cpp:33:5:int mbed::CallChain::find(mbed::pFunctionPointer_t) const	4	static
../libraries/mbed/common/CallChain.cpp:40:6:void mbed::CallChain::clear()	16	static
../libraries/mbed/common/CallChain.cpp:48:6:bool mbed::CallChain::remove(mbed::pFunctionPointer_t)	16	static
../libraries/mbed/common/CallChain.cpp:60:6:void mbed::CallChain::call()	16	static
../libraries/mbed/common/CallChain.cpp:65:6:void mbed::CallChain::_check_size()	24	static
../libraries/mbed/common/CallChain.cpp:75:20:mbed::FunctionPointer* mbed::CallChain::common_add(mbed::pFunctionPointer_t)	32	static
../libraries/mbed/common/CallChain.cpp:82:20:mbed::FunctionPointer* mbed::CallChain::common_add_front(mbed::pFunctionPointer_t)	32	static
