../libraries/mbed/common/CAN.cpp:83:6:static void mbed::CAN::_irq_handler(uint32_t, CanIrqType)	0	static
../libraries/mbed/common/CAN.cpp:29:1:mbed::CAN::~CAN()	16	static
../libraries/mbed/common/CAN.cpp:29:1:virtual mbed::CAN::~CAN()	16	static
../libraries/mbed/common/CAN.cpp:24:1:mbed::CAN::CAN(PinName, PinName)	16	static
../libraries/mbed/common/CAN.cpp:34:5:int mbed::CAN::frequency(int)	0	static
../libraries/mbed/common/CAN.cpp:38:5:int mbed::CAN::write(mbed::CANMessage)	16	static
../libraries/mbed/common/CAN.cpp:42:5:int mbed::CAN::read(mbed::CANMessage&, int)	0	static
../libraries/mbed/common/CAN.cpp:46:6:void mbed::CAN::reset()	0	static
../libraries/mbed/common/CAN.cpp:50:15:mbed::CAN::TxStatus mbed::CAN::txstatus()	0	static
../libraries/mbed/common/CAN.cpp:54:15:unsigned char mbed::CAN::rderror()	0	static
../libraries/mbed/common/CAN.cpp:58:15:unsigned char mbed::CAN::tderror()	0	static
../libraries/mbed/common/CAN.cpp:62:6:void mbed::CAN::monitor(bool)	0	static
../libraries/mbed/common/CAN.cpp:66:5:int mbed::CAN::mode(mbed::CAN::Mode)	0	static
../libraries/mbed/common/CAN.cpp:70:5:int mbed::CAN::filter(unsigned int, unsigned int, CANFormat, int)	0	static
../libraries/mbed/common/CAN.cpp:74:6:void mbed::CAN::attach(void (*)(), mbed::CAN::IrqType)	4	static
