../libraries/mbed/common/FilePath.cpp:20:1:mbed::FilePath::FilePath(const char*)	8	static
../libraries/mbed/common/FilePath.cpp:42:13:const char* mbed::FilePath::fileName()	0	static
../libraries/mbed/common/FilePath.cpp:46:6:bool mbed::FilePath::isFileSystem()	8	static
../libraries/mbed/common/FilePath.cpp:52:17:mbed::FileSystemLike* mbed::FilePath::fileSystem()	8	static
../libraries/mbed/common/FilePath.cpp:59:6:bool mbed::FilePath::isFile()	8	static
../libraries/mbed/common/FilePath.cpp:65:11:mbed::FileLike* mbed::FilePath::file()	8	static
../libraries/mbed/common/FilePath.cpp:72:6:bool mbed::FilePath::exists()	0	static
