../libraries/mbed/common/InterruptIn.cpp:30:1:mbed::InterruptIn::~InterruptIn()	8	static
../libraries/mbed/common/InterruptIn.cpp:30:1:virtual mbed::InterruptIn::~InterruptIn()	8	static
../libraries/mbed/common/InterruptIn.cpp:60:6:static void mbed::InterruptIn::_irq_handler(uint32_t, gpio_irq_event)	0	static
../libraries/mbed/common/InterruptIn.cpp:22:1:mbed::InterruptIn::InterruptIn(PinName)	24	static
../libraries/mbed/common/InterruptIn.cpp:34:5:int mbed::InterruptIn::read()	8	static
../libraries/mbed/common/InterruptIn.cpp:38:6:void mbed::InterruptIn::mode(PinMode)	0	static
../libraries/mbed/common/InterruptIn.cpp:42:6:void mbed::InterruptIn::rise(void (*)())	4	static
../libraries/mbed/common/InterruptIn.cpp:51:6:void mbed::InterruptIn::fall(void (*)())	4	static
../libraries/mbed/common/InterruptIn.cpp:69:6:void mbed::InterruptIn::enable_irq()	0	static
../libraries/mbed/common/InterruptIn.cpp:73:6:void mbed::InterruptIn::disable_irq()	0	static
../libraries/mbed/common/InterruptIn.cpp:78:1:mbed::InterruptIn::operator int()	8	static
