../libraries/mbed/common/Stream.cpp:51:5:virtual int mbed::Stream::close()	0	static
../libraries/mbed/common/Stream.cpp:55:9:virtual ssize_t mbed::Stream::write(const void*, size_t)	24	static
../libraries/mbed/common/Stream.cpp:66:9:virtual ssize_t mbed::Stream::read(void*, size_t)	24	static
../libraries/mbed/common/Stream.cpp:77:7:virtual off_t mbed::Stream::lseek(off_t, int)	0	static
../libraries/mbed/common/Stream.cpp:22:1:mbed::Stream::Stream(const char*)	32	static
../libraries/mbed/common/Stream.cpp:30:1:mbed::Stream::~Stream()	8	static
C:\Users\aarsh\Desktop\isc\ElecOnboarding23\Firmware\mbed\libraries\mbed\api/Stream.h:32:13:virtual void* mbed::Stream::_ZThn4_N4mbed6StreamD1Ev()	8	static
../libraries/mbed/common/Stream.cpp:30:1:virtual mbed::Stream::~Stream()	8	static
C:\Users\aarsh\Desktop\isc\ElecOnboarding23\Firmware\mbed\libraries\mbed\api/Stream.h:32:13:virtual void* mbed::Stream::_ZThn4_N4mbed6StreamD0Ev()	8	static
../libraries/mbed/common/Stream.cpp:34:5:int mbed::Stream::putc(int)	16	static
../libraries/mbed/common/Stream.cpp:38:5:int mbed::Stream::puts(const char*)	16	static
../libraries/mbed/common/Stream.cpp:42:5:int mbed::Stream::getc()	8	static
../libraries/mbed/common/Stream.cpp:46:7:char* mbed::Stream::gets(char*, int)	16	static
../libraries/mbed/common/Stream.cpp:93:5:)	20	static
../libraries/mbed/common/Stream.cpp:102:5:)	20	static
