../libraries/mbed/common/TimerEvent.cpp:33:6:static void mbed::TimerEvent::irq(uint32_t)	0	static
../libraries/mbed/common/TimerEvent.cpp:25:1:mbed::TimerEvent::TimerEvent()	8	static
../libraries/mbed/common/TimerEvent.cpp:29:1:mbed::TimerEvent::TimerEvent(const ticker_data_t*)	16	static
../libraries/mbed/common/TimerEvent.cpp:38:1:mbed::TimerEvent::~TimerEvent()	8	static
../libraries/mbed/common/TimerEvent.cpp:38:1:virtual mbed::TimerEvent::~TimerEvent()	8	static
../libraries/mbed/common/TimerEvent.cpp:43:6:void mbed::TimerEvent::insert(timestamp_t)	0	static
../libraries/mbed/common/TimerEvent.cpp:47:6:void mbed::TimerEvent::remove()	0	static
