../libraries/rtos/rtx/TARGET_CORTEX_M/rt_CMSIS.c:681:18:osThreadExit	4	static
../libraries/rtos/rtx/TARGET_CORTEX_M/rt_CMSIS.c:424:10:svcKernelInitialize	16	static
../libraries/rtos/rtx/TARGET_CORTEX_M/rt_CMSIS.c:438:10:svcKernelStart	24	static
../libraries/rtos/rtx/TARGET_CORTEX_M/rt_CMSIS.c:458:9:svcKernelRunning	0	static
../libraries/rtos/rtx/TARGET_CORTEX_M/rt_CMSIS.c:465:10:osKernelInitialize	16	static
../libraries/rtos/rtx/TARGET_CORTEX_M/rt_CMSIS.c:475:10:osKernelStart	48	static
../libraries/rtos/rtx/TARGET_CORTEX_M/rt_CMSIS.c:507:9:osKernelRunning	8	static
../libraries/rtos/rtx/TARGET_CORTEX_M/rt_CMSIS.c:534:12:svcThreadCreate	24	static
../libraries/rtos/rtx/TARGET_CORTEX_M/rt_CMSIS.c:574:12:svcThreadGetId	8	static
../libraries/rtos/rtx/TARGET_CORTEX_M/rt_CMSIS.c:583:10:svcThreadTerminate	8	static
../libraries/rtos/rtx/TARGET_CORTEX_M/rt_CMSIS.c:598:10:svcThreadYield	8	static
../libraries/rtos/rtx/TARGET_CORTEX_M/rt_CMSIS.c:604:10:svcThreadSetPriority	8	static
../libraries/rtos/rtx/TARGET_CORTEX_M/rt_CMSIS.c:626:12:svcThreadGetPriority	0	static
../libraries/rtos/rtx/TARGET_CORTEX_M/rt_CMSIS.c:639:12:osThreadCreate	8	static
../libraries/rtos/rtx/TARGET_CORTEX_M/rt_CMSIS.c:650:12:osThreadGetId	8	static
../libraries/rtos/rtx/TARGET_CORTEX_M/rt_CMSIS.c:656:10:osThreadTerminate	8	static
../libraries/rtos/rtx/TARGET_CORTEX_M/rt_CMSIS.c:662:10:osThreadYield	8	static
../libraries/rtos/rtx/TARGET_CORTEX_M/rt_CMSIS.c:668:10:osThreadSetPriority	8	static
../libraries/rtos/rtx/TARGET_CORTEX_M/rt_CMSIS.c:674:12:osThreadGetPriority	8	static
../libraries/rtos/rtx/TARGET_CORTEX_M/rt_CMSIS.c:698:10:svcDelay	8	static
../libraries/rtos/rtx/TARGET_CORTEX_M/rt_CMSIS.c:726:10:osDelay	8	static
../libraries/rtos/rtx/TARGET_CORTEX_M/rt_CMSIS.c:732:19:osWait	0	static
../libraries/rtos/rtx/TARGET_CORTEX_M/rt_CMSIS.c:833:11:svcTimerCreate	8	static
../libraries/rtos/rtx/TARGET_CORTEX_M/rt_CMSIS.c:871:10:svcTimerStart	16	static
../libraries/rtos/rtx/TARGET_CORTEX_M/rt_CMSIS.c:901:10:svcTimerStop	0	static
../libraries/rtos/rtx/TARGET_CORTEX_M/rt_CMSIS.c:919:10:svcTimerDelete	0	static
../libraries/rtos/rtx/TARGET_CORTEX_M/rt_CMSIS.c:941:27:svcTimerCall	0	static
../libraries/rtos/rtx/TARGET_CORTEX_M/rt_CMSIS.c:961:6:sysTimerTick	32	static
../libraries/rtos/rtx/TARGET_CORTEX_M/rt_CMSIS.c:985:11:osTimerCreate	16	static
../libraries/rtos/rtx/TARGET_CORTEX_M/rt_CMSIS.c:996:10:osTimerStart	8	static
../libraries/rtos/rtx/TARGET_CORTEX_M/rt_CMSIS.c:1002:10:osTimerStop	8	static
../libraries/rtos/rtx/TARGET_CORTEX_M/rt_CMSIS.c:1008:10:osTimerDelete	8	static
../libraries/rtos/rtx/TARGET_CORTEX_M/rt_CMSIS.c:1015:22:osTimerCall	8	static
../libraries/rtos/rtx/TARGET_CORTEX_M/rt_CMSIS.c:1021:18:osTimerThread	8	static
../libraries/rtos/rtx/TARGET_CORTEX_M/rt_CMSIS.c:1048:9:svcSignalSet	8	static
../libraries/rtos/rtx/TARGET_CORTEX_M/rt_CMSIS.c:1065:9:svcSignalClear	8	static
../libraries/rtos/rtx/TARGET_CORTEX_M/rt_CMSIS.c:1082:9:svcSignalGet	0	static
../libraries/rtos/rtx/TARGET_CORTEX_M/rt_CMSIS.c:1092:24:svcSignalWait	24	static
../libraries/rtos/rtx/TARGET_CORTEX_M/rt_CMSIS.c:1142:9:osSignalSet	16	static
../libraries/rtos/rtx/TARGET_CORTEX_M/rt_CMSIS.c:1151:9:osSignalClear	8	static
../libraries/rtos/rtx/TARGET_CORTEX_M/rt_CMSIS.c:1157:9:osSignalGet	8	static
../libraries/rtos/rtx/TARGET_CORTEX_M/rt_CMSIS.c:1163:19:osSignalWait	12	static
../libraries/rtos/rtx/TARGET_CORTEX_M/rt_CMSIS.c:1185:11:svcMutexCreate	8	static
../libraries/rtos/rtx/TARGET_CORTEX_M/rt_CMSIS.c:1210:10:svcMutexWait	16	static
../libraries/rtos/rtx/TARGET_CORTEX_M/rt_CMSIS.c:1229:10:svcMutexRelease	8	static
../libraries/rtos/rtx/TARGET_CORTEX_M/rt_CMSIS.c:1246:10:svcMutexDelete	8	static
../libraries/rtos/rtx/TARGET_CORTEX_M/rt_CMSIS.c:1263:11:osMutexCreate	16	static
../libraries/rtos/rtx/TARGET_CORTEX_M/rt_CMSIS.c:1274:10:osMutexWait	8	static
../libraries/rtos/rtx/TARGET_CORTEX_M/rt_CMSIS.c:1280:10:osMutexRelease	8	static
../libraries/rtos/rtx/TARGET_CORTEX_M/rt_CMSIS.c:1286:10:osMutexDelete	8	static
../libraries/rtos/rtx/TARGET_CORTEX_M/rt_CMSIS.c:1303:15:svcSemaphoreCreate	16	static
../libraries/rtos/rtx/TARGET_CORTEX_M/rt_CMSIS.c:1333:9:svcSemaphoreWait	8	static
../libraries/rtos/rtx/TARGET_CORTEX_M/rt_CMSIS.c:1350:10:svcSemaphoreRelease	8	static
../libraries/rtos/rtx/TARGET_CORTEX_M/rt_CMSIS.c:1366:10:svcSemaphoreDelete	8	static
../libraries/rtos/rtx/TARGET_CORTEX_M/rt_CMSIS.c:1402:15:osSemaphoreCreate	16	static
../libraries/rtos/rtx/TARGET_CORTEX_M/rt_CMSIS.c:1413:9:osSemaphoreWait	8	static
../libraries/rtos/rtx/TARGET_CORTEX_M/rt_CMSIS.c:1419:10:osSemaphoreRelease	16	static
../libraries/rtos/rtx/TARGET_CORTEX_M/rt_CMSIS.c:1428:10:osSemaphoreDelete	8	static
../libraries/rtos/rtx/TARGET_CORTEX_M/rt_CMSIS.c:1458:10:svcPoolCreate	8	static
../libraries/rtos/rtx/TARGET_CORTEX_M/rt_CMSIS.c:1477:7:sysPoolAlloc	24	static
../libraries/rtos/rtx/TARGET_CORTEX_M/rt_CMSIS.c:1491:10:sysPoolFree	8	static
../libraries/rtos/rtx/TARGET_CORTEX_M/rt_CMSIS.c:1506:10:osPoolCreate	8	static
../libraries/rtos/rtx/TARGET_CORTEX_M/rt_CMSIS.c:1517:7:osPoolAlloc	8	static
../libraries/rtos/rtx/TARGET_CORTEX_M/rt_CMSIS.c:1526:7:osPoolCAlloc	16	static
../libraries/rtos/rtx/TARGET_CORTEX_M/rt_CMSIS.c:1535:10:osPoolFree	16	static
../libraries/rtos/rtx/TARGET_CORTEX_M/rt_CMSIS.c:1554:14:svcMessageCreate	8	static
../libraries/rtos/rtx/TARGET_CORTEX_M/rt_CMSIS.c:1574:10:svcMessagePut	8	static
../libraries/rtos/rtx/TARGET_CORTEX_M/rt_CMSIS.c:1591:24:svcMessageGet	40	static
../libraries/rtos/rtx/TARGET_CORTEX_M/rt_CMSIS.c:1669:14:osMessageCreate	8	static
../libraries/rtos/rtx/TARGET_CORTEX_M/rt_CMSIS.c:1680:10:osMessagePut	24	static
../libraries/rtos/rtx/TARGET_CORTEX_M/rt_CMSIS.c:1689:19:osMessageGet	32	static
../libraries/rtos/rtx/TARGET_CORTEX_M/rt_CMSIS.c:1708:11:svcMailCreate	16	static
../libraries/rtos/rtx/TARGET_CORTEX_M/rt_CMSIS.c:1740:7:sysMailAlloc	24	static
../libraries/rtos/rtx/TARGET_CORTEX_M/rt_CMSIS.c:1777:10:sysMailFree	24	static
../libraries/rtos/rtx/TARGET_CORTEX_M/rt_CMSIS.c:1821:11:osMailCreate	8	static
../libraries/rtos/rtx/TARGET_CORTEX_M/rt_CMSIS.c:1832:7:osMailAlloc	8	static
../libraries/rtos/rtx/TARGET_CORTEX_M/rt_CMSIS.c:1841:7:osMailCAlloc	24	static
../libraries/rtos/rtx/TARGET_CORTEX_M/rt_CMSIS.c:1850:10:osMailFree	16	static
../libraries/rtos/rtx/TARGET_CORTEX_M/rt_CMSIS.c:1859:10:osMailPut	16	static
../libraries/rtos/rtx/TARGET_CORTEX_M/rt_CMSIS.c:1870:19:osMailGet	32	static
