/home/zonedbro/Code/solarcar/firmware/FW-WHEEL/mbed/libraries/mbed/api/CAN.h:46:5:mbed::CANMessage::CANMessage(int, const char*, char, CANType, CANFormat)	24	static
../src/common.cpp:14:1:WheelCommon::WheelCommon(mbed::Timer*, mbed::CAN*, TimingCommon&)	24	static
../src/common.cpp:19:6:void WheelCommon::init()	24	static
../src/common.cpp:35:6:void WheelCommon::start()	24	static
../src/common.cpp:78:6:void WheelCommon::SendOperationMode()	40	static
../src/common.cpp:82:6:void WheelCommon::SetOperationMode(BRIZO_CAN::operationMode)	16	static
../src/common.cpp:87:27:BRIZO_CAN::operationMode WheelCommon::GetOperationMode() const	16	static
../src/common.cpp:91:5:virtual int WheelCommon::writeCANMessage(mbed::CANMessage)	24	static
../src/common.cpp:97:5:int WheelCommon::_sendCANMessage(mbed::CANMessage)	24	static
../src/common.cpp:102:6:bool WheelCommon::_isDebugMessage(int) const	16	static
../src/common.cpp:106:6:void WheelCommon::setConfigParam(BRIZO_CAN::WheelConfig, bool, bool)	16	static
../src/common.cpp:117:6:void WheelCommon::setConfigParams(uint32_t, uint32_t)	32	static
../src/common.cpp:125:6:bool WheelCommon::checkConfigParam(BRIZO_CAN::WheelConfig) const	16	static
../src/common.cpp:129:6:void WheelCommon::setWheelLowPower(bool)	16	static
../src/common.cpp:133:12:const bool WheelCommon::getWheelLowPower()	16	static
../src/common.cpp:137:6:void WheelCommon::_setConfigParam(BRIZO_CAN::WheelConfig, bool)	16	static
/home/zonedbro/Code/solarcar/firmware/FW-WHEEL/common/api/can_struct.h:38:12:mbed::CANMessage makeMessage(int, const DataStruct&) [with DataStruct = BRIZO_CAN::operationMode]	32	static
/home/zonedbro/Code/solarcar/firmware/FW-WHEEL/blinky/inc/common.h:21:7:WheelCommon::~WheelCommon()	16	static
/home/zonedbro/Code/solarcar/firmware/FW-WHEEL/blinky/inc/common.h:21:7:virtual WheelCommon::~WheelCommon()	16	static
