/home/zonedbro/Code/solarcar/firmware/FW-WHEEL/mbed/libraries/mbed/targets/hal/TARGET_NXP/TARGET_LPC176X/gpio_object.h:35:20:void gpio_write(gpio_t*, int)	16	static
/home/zonedbro/Code/solarcar/firmware/FW-WHEEL/mbed/libraries/mbed/api/DigitalOut.h:66:10:void mbed::DigitalOut::write(int)	16	static
/home/zonedbro/Code/solarcar/firmware/FW-WHEEL/mbed/libraries/mbed/api/DigitalOut.h:93:17:mbed::DigitalOut& mbed::DigitalOut::operator=(int)	16	static
../src/PCA9745b.cpp:16:1:PCA9745b<T_uint>::PCA9745b(mbed::DigitalOut&, mbed::DigitalOut&, mbed::DigitalOut&, mbed::SPI&, uint8_t, bool) [with T_uint = long unsigned int]	24	static
../src/PCA9745b.cpp:23:9:uint8_t PCA9745b<T_uint>::init(uint8_t) [with T_uint = long unsigned int]	80	static
../src/PCA9745b.cpp:75:6:void PCA9745b<T_uint>::setBrightness(uint8_t) [with T_uint = long unsigned int]	16	static
../src/PCA9745b.cpp:83:6:void PCA9745b<T_uint>::setDimmingMode(bool) [with T_uint = long unsigned int]	32	static
../src/PCA9745b.cpp:99:9:uint8_t PCA9745b<T_uint>::setOutput(T_uint) [with T_uint = long unsigned int]	16	static
../src/PCA9745b.cpp:108:8:T_uint PCA9745b<T_uint>::checkOpenCkt() [with T_uint = long unsigned int]	16	static
../src/PCA9745b.cpp:113:8:T_uint PCA9745b<T_uint>::checkShortCkt() [with T_uint = long unsigned int]	16	static
../src/PCA9745b.cpp:118:6:void PCA9745b<T_uint>::enable(bool) [with T_uint = long unsigned int]	16	static
../src/PCA9745b.cpp:124:6:void PCA9745b<T_uint>::reset() [with T_uint = long unsigned int]	16	static
../src/PCA9745b.cpp:136:6:void PCA9745b<T_uint>::lowPower(bool) [with T_uint = long unsigned int]	16	static
../src/PCA9745b.cpp:144:6:bool PCA9745b<T_uint>::isLowPower() [with T_uint = long unsigned int]	16	static
../src/PCA9745b.cpp:155:6:void PCA9745b<T_uint>::_setupSPI() [with T_uint = long unsigned int]	16	static
../src/PCA9745b.cpp:161:6:bool PCA9745b<T_uint>::_checkConnection() [with T_uint = long unsigned int]	32	static
../src/PCA9745b.cpp:178:6:void PCA9745b<T_uint>::_init() [with T_uint = long unsigned int]	16	static
../src/PCA9745b.cpp:183:6:void PCA9745b<T_uint>::_init(uint8_t) [with T_uint = long unsigned int]	16	static
../src/PCA9745b.cpp:197:6:void PCA9745b<T_uint>::_resetDevice() [with T_uint = long unsigned int]	16	static
../src/PCA9745b.cpp:205:9:uint8_t PCA9745b<T_uint>::_checkIfErrors() [with T_uint = long unsigned int]	32	static
../src/PCA9745b.cpp:220:8:T_uint PCA9745b<T_uint>::_checkCktErrors(bool) [with T_uint = long unsigned int]	48	static
../src/PCA9745b.cpp:253:6:void PCA9745b<T_uint>::_writePortAll(PCA9745b<T_uint>::_portMap, uint8_t) [with T_uint = long unsigned int]	24	static
../src/PCA9745b.cpp:265:6:void PCA9745b<T_uint>::_writePort(PCA9745b<T_uint>::_portMap, uint8_t, uint8_t) [with T_uint = long unsigned int]	24	static
../src/PCA9745b.cpp:277:8:T_uint PCA9745b<T_uint>::_readPortAll(PCA9745b<T_uint>::_portMap) [with T_uint = long unsigned int]	56	static
../src/PCA9745b.cpp:300:9:uint8_t PCA9745b<T_uint>::_readPort(PCA9745b<T_uint>::_portMap, uint8_t) [with T_uint = long unsigned int]	32	static
../src/PCA9745b.cpp:324:10:uint16_t PCA9745b<T_uint>::_formatData(bool, PCA9745b<T_uint>::_portMap, uint8_t) [with T_uint = long unsigned int]	24	static
../src/PCA9745b.cpp:338:6:void PCA9745b<T_uint>::_writeOutputsAll(T_uint) [with T_uint = long unsigned int]	104	dynamic
