/home/zonedbro/Code/solarcar/firmware/FW-WHEEL/mbed/libraries/mbed/targets/hal/TARGET_NXP/TARGET_LPC176X/gpio_object.h:35:20:void gpio_write(gpio_t*, int)	16	static
/home/zonedbro/Code/solarcar/firmware/FW-WHEEL/mbed/libraries/mbed/api/DigitalOut.h:66:10:void mbed::DigitalOut::write(int)	16	static
/home/zonedbro/Code/solarcar/firmware/FW-WHEEL/mbed/libraries/mbed/api/DigitalOut.h:93:17:mbed::DigitalOut& mbed::DigitalOut::operator=(int)	16	static
../src/US2066.cpp:5:1:US2066::US2066(mbed::SPI&, mbed::DigitalOut&, mbed::DigitalOut&)	24	static
../src/US2066.cpp:10:9:uint8_t US2066::init(uint8_t)	24	static
../src/US2066.cpp:66:6:void US2066::write(char (&)[20], char (&)[20], char (&)[20], char (&)[20])	24	static
../src/US2066.cpp:79:6:void US2066::write(int, char (&)[20])	32	static
../src/US2066.cpp:87:6:void US2066::displayOn(bool)	16	static
../src/US2066.cpp:91:6:void US2066::setContrast(uint8_t)	16	static
../src/US2066.cpp:96:9:uint8_t US2066::_reverseByte(uint8_t)	16	static
../src/US2066.cpp:104:6:void US2066::_sendCommand(uint8_t)	16	static
../src/US2066.cpp:109:6:void US2066::_sendData(uint8_t)	16	static
../src/US2066.cpp:114:6:void US2066::_send(bool, uint8_t)	24	static
../src/US2066.cpp:130:9:uint8_t US2066::_readInfo(bool)	24	static
../src/US2066.cpp:136:9:uint8_t US2066::_read(bool)	24	static
