../libraries/mbed/targets/hal/TARGET_NXP/TARGET_LPC15XX/can_api.c:198:20:can_irq	16	static
../libraries/mbed/targets/hal/TARGET_NXP/TARGET_LPC15XX/can_api.c:97:5:can_mode	0	static
../libraries/mbed/targets/hal/TARGET_NXP/TARGET_LPC15XX/can_api.c:153:5:can_filter	16	static
../libraries/mbed/targets/hal/TARGET_NXP/TARGET_LPC15XX/can_api.c:237:6:can_irq_init	0	static
../libraries/mbed/targets/hal/TARGET_NXP/TARGET_LPC15XX/can_api.c:243:6:can_irq_free	4	static
../libraries/mbed/targets/hal/TARGET_NXP/TARGET_LPC15XX/can_api.c:250:6:can_irq_set	8	static
../libraries/mbed/targets/hal/TARGET_NXP/TARGET_LPC15XX/can_api.c:344:5:can_config_rxmsgobj	12	static
../libraries/mbed/targets/hal/TARGET_NXP/TARGET_LPC15XX/can_api.c:372:5:can_config_txmsgobj	4	static
../libraries/mbed/targets/hal/TARGET_NXP/TARGET_LPC15XX/can_api.c:426:6:can_free	0	static
../libraries/mbed/targets/hal/TARGET_NXP/TARGET_LPC15XX/can_api.c:431:5:can_frequency	8	static
../libraries/mbed/targets/hal/TARGET_NXP/TARGET_LPC15XX/can_api.c:400:6:can_init	16	static
../libraries/mbed/targets/hal/TARGET_NXP/TARGET_LPC15XX/can_api.c:448:5:can_write	4	static
../libraries/mbed/targets/hal/TARGET_NXP/TARGET_LPC15XX/can_api.c:514:5:can_read	8	static
../libraries/mbed/targets/hal/TARGET_NXP/TARGET_LPC15XX/can_api.c:577:12:can_tx_status	0	static
../libraries/mbed/targets/hal/TARGET_NXP/TARGET_LPC15XX/can_api.c:600:6:can_reset	12	static
../libraries/mbed/targets/hal/TARGET_NXP/TARGET_LPC15XX/can_api.c:607:15:can_rderror	0	static
../libraries/mbed/targets/hal/TARGET_NXP/TARGET_LPC15XX/can_api.c:611:15:can_tderror	0	static
../libraries/mbed/targets/hal/TARGET_NXP/TARGET_LPC15XX/can_api.c:615:6:can_monitor	0	static
