../libraries/mbed/targets/hal/TARGET_NXP/TARGET_LPC15XX/serial_api.c:238:6:uart0_irq	0	static
../libraries/mbed/targets/hal/TARGET_NXP/TARGET_LPC15XX/serial_api.c:239:6:uart1_irq	0	static
../libraries/mbed/targets/hal/TARGET_NXP/TARGET_LPC15XX/serial_api.c:240:6:uart2_irq	0	static
../libraries/mbed/targets/hal/TARGET_NXP/TARGET_LPC15XX/serial_api.c:106:6:serial_init	56	static
../libraries/mbed/targets/hal/TARGET_NXP/TARGET_LPC15XX/serial_api.c:160:6:serial_free	8	static
../libraries/mbed/targets/hal/TARGET_NXP/TARGET_LPC15XX/serial_api.c:167:6:serial_baud	8	static
../libraries/mbed/targets/hal/TARGET_NXP/TARGET_LPC15XX/serial_api.c:198:6:serial_format	24	static
../libraries/mbed/targets/hal/TARGET_NXP/TARGET_LPC15XX/serial_api.c:242:6:serial_irq_handler	4	static
../libraries/mbed/targets/hal/TARGET_NXP/TARGET_LPC15XX/serial_api.c:247:6:serial_irq_set	16	static
../libraries/mbed/targets/hal/TARGET_NXP/TARGET_LPC15XX/serial_api.c:274:5:serial_getc	0	static
../libraries/mbed/targets/hal/TARGET_NXP/TARGET_LPC15XX/serial_api.c:279:6:serial_putc	0	static
../libraries/mbed/targets/hal/TARGET_NXP/TARGET_LPC15XX/serial_api.c:284:5:serial_readable	0	static
../libraries/mbed/targets/hal/TARGET_NXP/TARGET_LPC15XX/serial_api.c:288:5:serial_writable	0	static
../libraries/mbed/targets/hal/TARGET_NXP/TARGET_LPC15XX/serial_api.c:292:6:serial_clear	0	static
../libraries/mbed/targets/hal/TARGET_NXP/TARGET_LPC15XX/serial_api.c:296:6:serial_pinout_tx	0	static
../libraries/mbed/targets/hal/TARGET_NXP/TARGET_LPC15XX/serial_api.c:300:6:serial_break_set	0	static
../libraries/mbed/targets/hal/TARGET_NXP/TARGET_LPC15XX/serial_api.c:304:6:serial_break_clear	0	static
../libraries/mbed/targets/hal/TARGET_NXP/TARGET_LPC15XX/serial_api.c:308:6:serial_set_flow_control	20	static
