Archive member included to satisfy reference by file (symbol)

/Users/powersmacbook/Storage/ElecOnboarding24/Firmware/common/LPC15x9/libcommon.a(WDT.o)
                              ./src/peripherals.o (WDT::WDT(unsigned long))
/Users/powersmacbook/Storage/ElecOnboarding24/Firmware/common/LPC15x9/libcommon.a(TimingCommon.o)
                              ./src/peripherals.o (TimingCommon::TimingCommon())
/Users/powersmacbook/Storage/ElecOnboarding24/Firmware/common/LPC15x9/libcommon.a(hardware_common_mbed.o)
                              ./src/peripherals.o (hardware_common_mbed::hardware_common_mbed(mbed::Timer*, mbed::CAN*, WDT*))
/Users/powersmacbook/Storage/ElecOnboarding24/Firmware/mbed/LPC15x9/libmbed.a(startup_LPC15xx.o)
                              (ResetISR)
/Users/powersmacbook/Storage/ElecOnboarding24/Firmware/mbed/LPC15x9/libmbed.a(system_LPC15xx.o)
                              /Users/powersmacbook/Storage/ElecOnboarding24/Firmware/mbed/LPC15x9/libmbed.a(startup_LPC15xx.o) (SystemInit)
/Users/powersmacbook/Storage/ElecOnboarding24/Firmware/mbed/LPC15x9/libmbed.a(CAN.o)
                              ./src/peripherals.o (mbed::CAN::~CAN())
/Users/powersmacbook/Storage/ElecOnboarding24/Firmware/mbed/LPC15x9/libmbed.a(Timer.o)
                              ./src/peripherals.o (mbed::Timer::Timer())
/Users/powersmacbook/Storage/ElecOnboarding24/Firmware/mbed/LPC15x9/libmbed.a(assert.o)
                              ./src/main.o (mbed_assert_internal)
/Users/powersmacbook/Storage/ElecOnboarding24/Firmware/mbed/LPC15x9/libmbed.a(board.o)
                              /Users/powersmacbook/Storage/ElecOnboarding24/Firmware/mbed/LPC15x9/libmbed.a(assert.o) (mbed_die)
/Users/powersmacbook/Storage/ElecOnboarding24/Firmware/mbed/LPC15x9/libmbed.a(gpio.o)
                              ./src/pins.o (gpio_init_out)
/Users/powersmacbook/Storage/ElecOnboarding24/Firmware/mbed/LPC15x9/libmbed.a(ticker_api.o)
                              /Users/powersmacbook/Storage/ElecOnboarding24/Firmware/mbed/LPC15x9/libmbed.a(Timer.o) (ticker_read)
/Users/powersmacbook/Storage/ElecOnboarding24/Firmware/mbed/LPC15x9/libmbed.a(us_ticker_api.o)
                              /Users/powersmacbook/Storage/ElecOnboarding24/Firmware/mbed/LPC15x9/libmbed.a(Timer.o) (get_us_ticker_data)
/Users/powersmacbook/Storage/ElecOnboarding24/Firmware/mbed/LPC15x9/libmbed.a(wait_api.o)
                              /Users/powersmacbook/Storage/ElecOnboarding24/Firmware/mbed/LPC15x9/libmbed.a(board.o) (wait_ms)
/Users/powersmacbook/Storage/ElecOnboarding24/Firmware/mbed/LPC15x9/libmbed.a(can_api.o)
                              /Users/powersmacbook/Storage/ElecOnboarding24/Firmware/mbed/LPC15x9/libmbed.a(CAN.o) (can_mode)
/Users/powersmacbook/Storage/ElecOnboarding24/Firmware/mbed/LPC15x9/libmbed.a(gpio_api.o)
                              /Users/powersmacbook/Storage/ElecOnboarding24/Firmware/mbed/LPC15x9/libmbed.a(gpio.o) (gpio_init)
/Users/powersmacbook/Storage/ElecOnboarding24/Firmware/mbed/LPC15x9/libmbed.a(pinmap.o)
                              /Users/powersmacbook/Storage/ElecOnboarding24/Firmware/mbed/LPC15x9/libmbed.a(gpio_api.o) (pin_mode)
/Users/powersmacbook/Storage/ElecOnboarding24/Firmware/mbed/LPC15x9/libmbed.a(us_ticker.o)
                              /Users/powersmacbook/Storage/ElecOnboarding24/Firmware/mbed/LPC15x9/libmbed.a(us_ticker_api.o) (us_ticker_init)
/Users/powersmacbook/Storage/ElecOnboarding24/Firmware/mbed/LPC15x9/libmbed.a(cmsis_nvic.o)
                              /Users/powersmacbook/Storage/ElecOnboarding24/Firmware/mbed/LPC15x9/libmbed.a(can_api.o) (NVIC_SetVector)
/Applications/MCUXpressoIDE_11.9.1_2170/ide/plugins/com.nxp.mcuxpresso.tools.macosx_11.9.1.202402080819/tools/bin/../lib/gcc/arm-none-eabi/12.3.1/thumb/v7-m/nofp/libgcc.a(_arm_mulsf3.o)
                              /Users/powersmacbook/Storage/ElecOnboarding24/Firmware/mbed/LPC15x9/libmbed.a(wait_api.o) (__aeabi_fmul)
/Applications/MCUXpressoIDE_11.9.1_2170/ide/plugins/com.nxp.mcuxpresso.tools.macosx_11.9.1.202402080819/tools/bin/../lib/gcc/arm-none-eabi/12.3.1/thumb/v7-m/nofp/libgcc.a(_arm_addsubsf3.o)
                              /Users/powersmacbook/Storage/ElecOnboarding24/Firmware/mbed/LPC15x9/libmbed.a(Timer.o) (__aeabi_i2f)
/Applications/MCUXpressoIDE_11.9.1_2170/ide/plugins/com.nxp.mcuxpresso.tools.macosx_11.9.1.202402080819/tools/bin/../lib/gcc/arm-none-eabi/12.3.1/thumb/v7-m/nofp/libgcc.a(_arm_muldivsf3.o)
                              /Users/powersmacbook/Storage/ElecOnboarding24/Firmware/mbed/LPC15x9/libmbed.a(Timer.o) (__aeabi_fdiv)
/Applications/MCUXpressoIDE_11.9.1_2170/ide/plugins/com.nxp.mcuxpresso.tools.macosx_11.9.1.202402080819/tools/bin/../lib/gcc/arm-none-eabi/12.3.1/thumb/v7-m/nofp/libgcc.a(_arm_fixsfsi.o)
                              /Users/powersmacbook/Storage/ElecOnboarding24/Firmware/mbed/LPC15x9/libmbed.a(wait_api.o) (__aeabi_f2iz)
[...]
Memory Configuration

Name             Origin             Length             Attributes
MFlash256        0x00000000         0x00040000         xr
Ram0_16          0x02000100         0x00003f00         xrw
Ram1_16          0x02004000         0x00004000         xrw
Ram2_4           0x02008000         0x00001000         xrw
*default*        0x00000000         0xffffffff

Linker script and memory map

LOAD ./src/main.o
LOAD ./src/peripherals.o
LOAD ./src/pins.o
LOAD /Users/powersmacbook/Storage/ElecOnboarding24/Firmware/common/LPC15x9/libcommon.a
LOAD /Users/powersmacbook/Storage/ElecOnboarding24/Firmware/mbed/LPC15x9/libmbed.a
START GROUP
LOAD /Applications/MCUXpressoIDE_11.9.1_2170/ide/plugins/com.nxp.mcuxpresso.tools.macosx_11.9.1.202402080819/tools/bin/../lib/gcc/arm-none-eabi/12.3.1/thumb/v7-m/nofp/libgcc.a
LOAD /Applications/MCUXpressoIDE_11.9.1_2170/ide/plugins/com.nxp.mcuxpresso.tools.macosx_11.9.1.202402080819/tools/bin/../lib/gcc/arm-none-eabi/12.3.1/../../../../arm-none-eabi/lib/thumb/v7-m/nofp/libc.a
LOAD /Applications/MCUXpressoIDE_11.9.1_2170/ide/plugins/com.nxp.mcuxpresso.tools.macosx_11.9.1.202402080819/tools/bin/../lib/gcc/arm-none-eabi/12.3.1/../../../../arm-none-eabi/lib/thumb/v7-m/nofp/libstdc++.a
LOAD /Applications/MCUXpressoIDE_11.9.1_2170/ide/plugins/com.nxp.mcuxpresso.tools.macosx_11.9.1.202402080819/tools/bin/../lib/gcc/arm-none-eabi/12.3.1/../../../../arm-none-eabi/lib/thumb/v7-m/nofp/libm.a
LOAD /Applications/MCUXpressoIDE_11.9.1_2170/ide/plugins/com.nxp.mcuxpresso.tools.macosx_11.9.1.202402080819/tools/bin/../lib/gcc/arm-none-eabi/12.3.1/../../../../arm-none-eabi/lib/thumb/v7-m/nofp/libcr_newlib_nohost.a
LOAD /Applications/MCUXpressoIDE_11.9.1_2170/ide/plugins/com.nxp.mcuxpresso.tools.macosx_11.9.1.202402080819/tools/bin/../lib/gcc/arm-none-eabi/12.3.1/thumb/v7-m/nofp/crti.o
LOAD /Applications/MCUXpressoIDE_11.9.1_2170/ide/plugins/com.nxp.mcuxpresso.tools.macosx_11.9.1.202402080819/tools/bin/../lib/gcc/arm-none-eabi/12.3.1/thumb/v7-m/nofp/crtn.o
LOAD /Applications/MCUXpressoIDE_11.9.1_2170/ide/plugins/com.nxp.mcuxpresso.tools.macosx_11.9.1.202402080819/tools/bin/../lib/gcc/arm-none-eabi/12.3.1/thumb/v7-m/nofp/crtbegin.o
LOAD /Applications/MCUXpressoIDE_11.9.1_2170/ide/plugins/com.nxp.mcuxpresso.tools.macosx_11.9.1.202402080819/tools/bin/../lib/gcc/arm-none-eabi/12.3.1/thumb/v7-m/nofp/crtend.o
END GROUP
                0x00040000                        __top_MFlash256 = 0x40000
                0x02004000                        __top_Ram0_16 = 0x2004000
                0x02008000                        __top_Ram1_16 = 0x2008000
                0x02009000                        __top_Ram2_4 = 0x2009000

.text           0x00000000     0x2ef0
 FILL mask 0xff
 *(.isr_vector)
 .isr_vector    0x00000000       0xfc /Users/powersmacbook/Storage/ElecOnboarding24/Firmware/mbed/LPC15x9/libmbed.a(startup_LPC15xx.o)
                0x00000000                g_pfnVectors
                0x000000fc                        . = ALIGN (0x4)
                0x000000fc                        __section_table_start = .
                0x000000fc                        __data_section_table = .
                0x000000fc        0x4 LONG 0x2ef8 LOADADDR (.data)
                0x00000100        0x4 LONG 0x2000100 ADDR (.data)
                0x00000104        0x4 LONG 0x544 SIZEOF (.data)
                0x00000108        0x4 LONG 0x2ef8 LOADADDR (.data_RAM2)
                0x0000010c        0x4 LONG 0x2004000 ADDR (.data_RAM2)
                0x00000110        0x4 LONG 0x0 SIZEOF (.data_RAM2)
                0x00000114        0x4 LONG 0x2ef8 LOADADDR (.data_RAM3)
                0x00000118        0x4 LONG 0x2008000 ADDR (.data_RAM3)
                0x0000011c        0x4 LONG 0x0 SIZEOF (.data_RAM3)
                0x00000120                        __data_section_table_end = .
                0x00000120                        __bss_section_table = .
                0x00000120        0x4 LONG 0x2000644 ADDR (.bss)
                0x00000124        0x4 LONG 0x3f0 SIZEOF (.bss)
                0x00000128        0x4 LONG 0x2004000 ADDR (.bss_RAM2)
                0x0000012c        0x4 LONG 0x0 SIZEOF (.bss_RAM2)
                0x00000130        0x4 LONG 0x2008000 ADDR (.bss_RAM3)
                0x00000134        0x4 LONG 0x0 SIZEOF (.bss_RAM3)
                0x00000138                        __bss_section_table_end = .
                0x00000138                        __section_table_end = .
 *(.after_vectors*)
 .after_vectors
                0x00000138       0xfc /Users/powersmacbook/Storage/ElecOnboarding24/Firmware/mbed/LPC15x9/libmbed.a(startup_LPC15xx.o)
                0x00000138                ResetISR
 *(.text*)
 .text._Z18checkCANControllerv
                0x00000234       0x10 ./src/main.o
                0x00000234                checkCANController()
 .text._Z9heartbeatv
                0x00000244       0x48 ./src/main.o
                0x00000244                heartbeat()
 .text._Z5setupv
                0x0000028c       0x70 ./src/main.o
                0x0000028c                setup()
 .text.startup.main
                0x000002fc       0xb4 ./src/main.o
                0x000002fc                main
 .text.startup._GLOBAL__sub_I_can
                0x000003b0       0x88 ./src/peripherals.o
 .text._ZN4mbed10DigitalOutC2E7PinName
                0x00000438       0x1a ./src/pins.o
                0x00000438                mbed::DigitalOut::DigitalOut(PinName)
                0x00000438                mbed::DigitalOut::DigitalOut(PinName)
 *fill*         0x00000452        0x2 ff
 .text.startup._GLOBAL__sub_I_led1
                0x00000454       0x40 ./src/pins.o
 .text._ZN3WDTC2Em
                0x00000494       0x4c /Users/powersmacbook/Storage/ElecOnboarding24/Firmware/common/LPC15x9/libcommon.a(WDT.o)
                0x00000494                WDT::WDT(unsigned long)
                0x00000494                WDT::WDT(unsigned long)
 .text._ZN3WDT10setTimeoutEm
                0x000004e0       0x40 /Users/powersmacbook/Storage/ElecOnboarding24/Firmware/common/LPC15x9/libcommon.a(WDT.o)
                0x000004e0                WDT::setTimeout(unsigned long)
 .text._ZN3WDT6enableEv
                0x00000520       0x28 /Users/powersmacbook/Storage/ElecOnboarding24/Firmware/common/LPC15x9/libcommon.a(WDT.o)
                0x00000520                WDT::enable()
 .text._ZN3WDT11causedResetEv
                0x00000548       0x2c /Users/powersmacbook/Storage/ElecOnboarding24/Firmware/common/LPC15x9/libcommon.a(WDT.o)
                0x00000548                WDT::causedReset()
 .text._ZN3WDT4feedEv
                0x00000574       0x2c /Users/powersmacbook/Storage/ElecOnboarding24/Firmware/common/LPC15x9/libcommon.a(WDT.o)
                0x00000574                WDT::feed()
 .text._ZN12TimingCommonC2Ev
                0x000005a0       0x78 /Users/powersmacbook/Storage/ElecOnboarding24/Firmware/common/LPC15x9/libcommon.a(TimingCommon.o)
                0x000005a0                TimingCommon::TimingCommon()
                0x000005a0                TimingCommon::TimingCommon()
 .text._ZN12TimingCommonD2Ev
                0x00000618       0x20 /Users/powersmacbook/Storage/ElecOnboarding24/Firmware/common/LPC15x9/libcommon.a(TimingCommon.o)
                0x00000618                TimingCommon::~TimingCommon()
                0x00000618                TimingCommon::~TimingCommon()
 .text._ZN12TimingCommonD0Ev
                0x00000638       0x1e /Users/powersmacbook/Storage/ElecOnboarding24/Firmware/common/LPC15x9/libcommon.a(TimingCommon.o)
                0x00000638                TimingCommon::~TimingCommon()
 .text._ZN12TimingCommon22resetCallbackLastTicksEm
                0x00000656       0x42 /Users/powersmacbook/Storage/ElecOnboarding24/Firmware/common/LPC15x9/libcommon.a(TimingCommon.o)
                0x00000656                TimingCommon::resetCallbackLastTicks(unsigned long)
 .text._ZN12TimingCommon5startEPN4mbed5TimerE
                0x00000698       0x40 /Users/powersmacbook/Storage/ElecOnboarding24/Firmware/common/LPC15x9/libcommon.a(TimingCommon.o)
                0x00000698                TimingCommon::start(mbed::Timer*)
 .text._ZN12TimingCommon6onTickEPb
                0x000006d8       0xda /Users/powersmacbook/Storage/ElecOnboarding24/Firmware/common/LPC15x9/libcommon.a(TimingCommon.o)
                0x000006d8                TimingCommon::onTick(bool*)
 .text._ZN12TimingCommon11addCallbackEmPFvvE
                0x000007b2       0x5a /Users/powersmacbook/Storage/ElecOnboarding24/Firmware/common/LPC15x9/libcommon.a(TimingCommon.o)
                0x000007b2                TimingCommon::addCallback(unsigned long, void (*)())
 .text._ZN12TimingCommon10differenceEmm
                0x0000080c       0x2a /Users/powersmacbook/Storage/ElecOnboarding24/Firmware/common/LPC15x9/libcommon.a(TimingCommon.o)
                0x0000080c                TimingCommon::difference(unsigned long, unsigned long)
 .text._ZN12TimingCommon13tickThresholdERmm
                0x00000836       0x44 /Users/powersmacbook/Storage/ElecOnboarding24/Firmware/common/LPC15x9/libcommon.a(TimingCommon.o)
                0x00000836                TimingCommon::tickThreshold(unsigned long&, unsigned long)
 .text.gpio_write
                0x0000087a       0x3e /Users/powersmacbook/Storage/ElecOnboarding24/Firmware/common/LPC15x9/libcommon.a(hardware_common_mbed.o)
 .text.gpio_read
                0x000008b8       0x44 /Users/powersmacbook/Storage/ElecOnboarding24/Firmware/common/LPC15x9/libcommon.a(hardware_common_mbed.o)
 .text._ZN4mbed10DigitalOut5writeEi
                0x000008fc       0x1c /Users/powersmacbook/Storage/ElecOnboarding24/Firmware/common/LPC15x9/libcommon.a(hardware_common_mbed.o)
                0x000008fc                mbed::DigitalOut::write(int)
 .text._ZN4mbed10DigitalOut4readEv
                0x00000918       0x1a /Users/powersmacbook/Storage/ElecOnboarding24/Firmware/common/LPC15x9/libcommon.a(hardware_common_mbed.o)
                0x00000918                mbed::DigitalOut::read()
 .text._ZN4mbed10DigitalOutaSEi
                0x00000932       0x1c /Users/powersmacbook/Storage/ElecOnboarding24/Firmware/common/LPC15x9/libcommon.a(hardware_common_mbed.o)
                0x00000932                mbed::DigitalOut::operator=(int)
 .text._ZN4mbed10DigitalOutaSERS0_
                0x0000094e       0x24 /Users/powersmacbook/Storage/ElecOnboarding24/Firmware/common/LPC15x9/libcommon.a(hardware_common_mbed.o)
                0x0000094e                mbed::DigitalOut::operator=(mbed::DigitalOut&)
 .text._ZN4mbed10DigitalOutcviEv
                0x00000972       0x18 /Users/powersmacbook/Storage/ElecOnboarding24/Firmware/common/LPC15x9/libcommon.a(hardware_common_mbed.o)
                0x00000972                mbed::DigitalOut::operator int()
 .text._ZN4mbed10CANMessageC2Ev
                0x0000098a       0x46 /Users/powersmacbook/Storage/ElecOnboarding24/Firmware/common/LPC15x9/libcommon.a(hardware_common_mbed.o)
                0x0000098a                mbed::CANMessage::CANMessage()
                0x0000098a                mbed::CANMessage::CANMessage()
 .text._ZN15hardware_commonC2Ev
                0x000009d0       0x20 /Users/powersmacbook/Storage/ElecOnboarding24/Firmware/common/LPC15x9/libcommon.a(hardware_common_mbed.o)
                0x000009d0                hardware_common::hardware_common()
                0x000009d0                hardware_common::hardware_common()
 .text._ZN15hardware_commonD2Ev
                0x000009f0       0x20 /Users/powersmacbook/Storage/ElecOnboarding24/Firmware/common/LPC15x9/libcommon.a(hardware_common_mbed.o)
                0x000009f0                hardware_common::~hardware_common()
                0x000009f0                hardware_common::~hardware_common()
 .text._ZN15hardware_commonD0Ev
                0x00000a10       0x1e /Users/powersmacbook/Storage/ElecOnboarding24/Firmware/common/LPC15x9/libcommon.a(hardware_common_mbed.o)
                0x00000a10                hardware_common::~hardware_common()
 *fill*         0x00000a2e        0x2 ff
 .text._ZN20hardware_common_mbedC2EPN4mbed5TimerEPNS0_3CANEP3WDT
                0x00000a30       0x58 /Users/powersmacbook/Storage/ElecOnboarding24/Firmware/common/LPC15x9/libcommon.a(hardware_common_mbed.o)
                0x00000a30                hardware_common_mbed::hardware_common_mbed(mbed::Timer*, mbed::CAN*, WDT*)
                0x00000a30                hardware_common_mbed::hardware_common_mbed(mbed::Timer*, mbed::CAN*, WDT*)
 .text._ZN20hardware_common_mbedD2Ev
                0x00000a88       0x44 /Users/powersmacbook/Storage/ElecOnboarding24/Firmware/common/LPC15x9/libcommon.a(hardware_common_mbed.o)
                0x00000a88                hardware_common_mbed::~hardware_common_mbed()
                0x00000a88                hardware_common_mbed::~hardware_common_mbed()
 .text._ZN20hardware_common_mbedD0Ev
                0x00000acc       0x1e /Users/powersmacbook/Storage/ElecOnboarding24/Firmware/common/LPC15x9/libcommon.a(hardware_common_mbed.o)
                0x00000acc                hardware_common_mbed::~hardware_common_mbed()
 *fill*         0x00000aea        0x2 ff
 .text._Z17_handleCANMessagev
                0x00000aec       0x18 /Users/powersmacbook/Storage/ElecOnboarding24/Firmware/common/LPC15x9/libcommon.a(hardware_common_mbed.o)
                0x00000aec                _handleCANMessage()
 .text._ZN20hardware_common_mbed8setupCANEv
                0x00000b04       0x4c /Users/powersmacbook/Storage/ElecOnboarding24/Firmware/common/LPC15x9/libcommon.a(hardware_common_mbed.o)
                0x00000b04                hardware_common_mbed::setupCAN()
 .text._ZN20hardware_common_mbed17startTimingCommonEP12TimingCommonPb
                0x00000b50       0x3c /Users/powersmacbook/Storage/ElecOnboarding24/Firmware/common/LPC15x9/libcommon.a(hardware_common_mbed.o)
                0x00000b50                hardware_common_mbed::startTimingCommon(TimingCommon*, bool*)
 .text._ZN20hardware_common_mbed14readCANMessageERN4mbed10CANMessageE
                0x00000b8c       0x2a /Users/powersmacbook/Storage/ElecOnboarding24/Firmware/common/LPC15x9/libcommon.a(hardware_common_mbed.o)
                0x00000b8c                hardware_common_mbed::readCANMessage(mbed::CANMessage&)
 .text._ZN20hardware_common_mbed15writeCANMessageEN4mbed10CANMessageE
                0x00000bb6       0x3e /Users/powersmacbook/Storage/ElecOnboarding24/Firmware/common/LPC15x9/libcommon.a(hardware_common_mbed.o)
                0x00000bb6                hardware_common_mbed::writeCANMessage(mbed::CANMessage)
 .text._ZN20hardware_common_mbed18checkCANControllerEv
                0x00000bf4       0x40 /Users/powersmacbook/Storage/ElecOnboarding24/Firmware/common/LPC15x9/libcommon.a(hardware_common_mbed.o)
                0x00000bf4                hardware_common_mbed::checkCANController()
 .text._ZN20hardware_common_mbed9setupLEDsEPN4mbed10DigitalOutES2_S2_S2_
                0x00000c34       0x64 /Users/powersmacbook/Storage/ElecOnboarding24/Firmware/common/LPC15x9/libcommon.a(hardware_common_mbed.o)
                0x00000c34                hardware_common_mbed::setupLEDs(mbed::DigitalOut*, mbed::DigitalOut*, mbed::DigitalOut*, mbed::DigitalOut*)
 .text._ZN20hardware_common_mbed18toggleHeartbeatLEDEv
                0x00000c98       0x3e /Users/powersmacbook/Storage/ElecOnboarding24/Firmware/common/LPC15x9/libcommon.a(hardware_common_mbed.o)
                0x00000c98                hardware_common_mbed::toggleHeartbeatLED()
 .text._ZN20hardware_common_mbed19toggleReceiveCANLEDEv
                0x00000cd6       0x3e /Users/powersmacbook/Storage/ElecOnboarding24/Firmware/common/LPC15x9/libcommon.a(hardware_common_mbed.o)
                0x00000cd6                hardware_common_mbed::toggleReceiveCANLED()
 .text._ZN20hardware_common_mbed16toggleSendCANLEDEv
                0x00000d14       0x3e /Users/powersmacbook/Storage/ElecOnboarding24/Firmware/common/LPC15x9/libcommon.a(hardware_common_mbed.o)
                0x00000d14                hardware_common_mbed::toggleSendCANLED()
 .text._ZN20hardware_common_mbed17toggleHardwareLEDEv
                0x00000d52       0x3e /Users/powersmacbook/Storage/ElecOnboarding24/Firmware/common/LPC15x9/libcommon.a(hardware_common_mbed.o)
                0x00000d52                hardware_common_mbed::toggleHardwareLED()
 .text._ZN20hardware_common_mbed17toggleHardwareLEDEb
                0x00000d90       0x2e /Users/powersmacbook/Storage/ElecOnboarding24/Firmware/common/LPC15x9/libcommon.a(hardware_common_mbed.o)
                0x00000d90                hardware_common_mbed::toggleHardwareLED(bool)
 .text._ZN20hardware_common_mbed8loopTimeEP12TimingCommonPb
                0x00000dbe       0x28 /Users/powersmacbook/Storage/ElecOnboarding24/Firmware/common/LPC15x9/libcommon.a(hardware_common_mbed.o)
                0x00000dbe                hardware_common_mbed::loopTime(TimingCommon*, bool*)
 .text._ZN13CANRXTXBufferILi32ELi16EEC2ERN4mbed3CANEi
                0x00000de6       0x3a /Users/powersmacbook/Storage/ElecOnboarding24/Firmware/common/LPC15x9/libcommon.a(hardware_common_mbed.o)
                0x00000de6                CANRXTXBuffer<32, 16>::CANRXTXBuffer(mbed::CAN&, int)
                0x00000de6                CANRXTXBuffer<32, 16>::CANRXTXBuffer(mbed::CAN&, int)
 .text._ZN13CANRXTXBufferILi32ELi16EE9handleIrqEv
                0x00000e20       0xb8 /Users/powersmacbook/Storage/ElecOnboarding24/Firmware/common/LPC15x9/libcommon.a(hardware_common_mbed.o)
                0x00000e20                CANRXTXBuffer<32, 16>::handleIrq()
 .text._ZN13CANRXTXBufferILi32ELi16EE4readERN4mbed10CANMessageE
                0x00000ed8       0x44 /Users/powersmacbook/Storage/ElecOnboarding24/Firmware/common/LPC15x9/libcommon.a(hardware_common_mbed.o)
                0x00000ed8                CANRXTXBuffer<32, 16>::read(mbed::CANMessage&)
 .text._ZN13CANRXTXBufferILi32ELi16EE5writeEN4mbed10CANMessageE
                0x00000f1c       0x90 /Users/powersmacbook/Storage/ElecOnboarding24/Firmware/common/LPC15x9/libcommon.a(hardware_common_mbed.o)
                0x00000f1c                CANRXTXBuffer<32, 16>::write(mbed::CANMessage)
 .text._ZN14CircularBufferIN4mbed10CANMessageELi32EEC2Ev
                0x00000fac       0x38 /Users/powersmacbook/Storage/ElecOnboarding24/Firmware/common/LPC15x9/libcommon.a(hardware_common_mbed.o)
                0x00000fac                CircularBuffer<mbed::CANMessage, 32>::CircularBuffer()
                0x00000fac                CircularBuffer<mbed::CANMessage, 32>::CircularBuffer()
 .text._ZN14CircularBufferIN4mbed10CANMessageELi16EEC2Ev
                0x00000fe4       0x38 /Users/powersmacbook/Storage/ElecOnboarding24/Firmware/common/LPC15x9/libcommon.a(hardware_common_mbed.o)
                0x00000fe4                CircularBuffer<mbed::CANMessage, 16>::CircularBuffer()
                0x00000fe4                CircularBuffer<mbed::CANMessage, 16>::CircularBuffer()
 .text._ZNK13CANRXTXBufferILi32ELi16EE6rxFullEv
                0x0000101c       0x1a /Users/powersmacbook/Storage/ElecOnboarding24/Firmware/common/LPC15x9/libcommon.a(hardware_common_mbed.o)
                0x0000101c                CANRXTXBuffer<32, 16>::rxFull() const
 .text._ZN14CircularBufferIN4mbed10CANMessageELi32EE5writeES1_
                0x00001036       0x52 /Users/powersmacbook/Storage/ElecOnboarding24/Firmware/common/LPC15x9/libcommon.a(hardware_common_mbed.o)
                0x00001036                CircularBuffer<mbed::CANMessage, 32>::write(mbed::CANMessage)
 .text._ZNK13CANRXTXBufferILi32ELi16EE7txEmptyEv
                0x00001088       0x1e /Users/powersmacbook/Storage/ElecOnboarding24/Firmware/common/LPC15x9/libcommon.a(hardware_common_mbed.o)
                0x00001088                CANRXTXBuffer<32, 16>::txEmpty() const
 .text._ZN14CircularBufferIN4mbed10CANMessageELi16EE4peekEv
                0x000010a6       0x1e /Users/powersmacbook/Storage/ElecOnboarding24/Firmware/common/LPC15x9/libcommon.a(hardware_common_mbed.o)
                0x000010a6                CircularBuffer<mbed::CANMessage, 16>::peek()
 .text._ZN14CircularBufferIN4mbed10CANMessageELi16EE7discardEv
                0x000010c4       0x2e /Users/powersmacbook/Storage/ElecOnboarding24/Firmware/common/LPC15x9/libcommon.a(hardware_common_mbed.o)
                0x000010c4                CircularBuffer<mbed::CANMessage, 16>::discard()
 .text._ZNK13CANRXTXBufferILi32ELi16EE7rxEmptyEv
                0x000010f2       0x1a /Users/powersmacbook/Storage/ElecOnboarding24/Firmware/common/LPC15x9/libcommon.a(hardware_common_mbed.o)
                0x000010f2                CANRXTXBuffer<32, 16>::rxEmpty() const
 .text._ZN14CircularBufferIN4mbed10CANMessageELi32EE4readEv
                0x0000110c       0x48 /Users/powersmacbook/Storage/ElecOnboarding24/Firmware/common/LPC15x9/libcommon.a(hardware_common_mbed.o)
                0x0000110c                CircularBuffer<mbed::CANMessage, 32>::read()
 .text._ZNK13CANRXTXBufferILi32ELi16EE6txFullEv
                0x00001154       0x1e /Users/powersmacbook/Storage/ElecOnboarding24/Firmware/common/LPC15x9/libcommon.a(hardware_common_mbed.o)
                0x00001154                CANRXTXBuffer<32, 16>::txFull() const
 .text._ZN14CircularBufferIN4mbed10CANMessageELi16EE5writeES1_
                0x00001172       0x52 /Users/powersmacbook/Storage/ElecOnboarding24/Firmware/common/LPC15x9/libcommon.a(hardware_common_mbed.o)
                0x00001172                CircularBuffer<mbed::CANMessage, 16>::write(mbed::CANMessage)
 .text._ZNK14CircularBufferIN4mbed10CANMessageELi32EE4fullEv
                0x000011c4       0x38 /Users/powersmacbook/Storage/ElecOnboarding24/Firmware/common/LPC15x9/libcommon.a(hardware_common_mbed.o)
                0x000011c4                CircularBuffer<mbed::CANMessage, 32>::full() const
 .text._ZNK14CircularBufferIN4mbed10CANMessageELi16EE5emptyEv
                0x000011fc       0x28 /Users/powersmacbook/Storage/ElecOnboarding24/Firmware/common/LPC15x9/libcommon.a(hardware_common_mbed.o)
                0x000011fc                CircularBuffer<mbed::CANMessage, 16>::empty() const
 .text._ZNK14CircularBufferIN4mbed10CANMessageELi32EE5emptyEv
                0x00001224       0x28 /Users/powersmacbook/Storage/ElecOnboarding24/Firmware/common/LPC15x9/libcommon.a(hardware_common_mbed.o)
                0x00001224                CircularBuffer<mbed::CANMessage, 32>::empty() const
 .text._ZNK14CircularBufferIN4mbed10CANMessageELi16EE4fullEv
                0x0000124c       0x38 /Users/powersmacbook/Storage/ElecOnboarding24/Firmware/common/LPC15x9/libcommon.a(hardware_common_mbed.o)
                0x0000124c                CircularBuffer<mbed::CANMessage, 16>::full() const
 .text.NMI_Handler
                0x00001284        0x4 /Users/powersmacbook/Storage/ElecOnboarding24/Firmware/mbed/LPC15x9/libmbed.a(startup_LPC15xx.o)
                0x00001284                NMI_Handler
 .text.IntDefaultHandler
                0x00001288        0x4 /Users/powersmacbook/Storage/ElecOnboarding24/Firmware/mbed/LPC15x9/libmbed.a(startup_LPC15xx.o)
                0x00001288                ADC0_THCMP_IRQHandler
                0x00001288                RIT_IRQHandler
                0x00001288                I2C0_IRQHandler
                0x00001288                ADC0_OVR_IRQHandler
                0x00001288                ADC1_THCMP_IRQHandler
                0x00001288                SCT2_IRQHandler
                0x00001288                MRT_IRQHandler
                0x00001288                UART1_IRQHandler
                0x00001288                RTC_WAKE_IRQHandler
                0x00001288                UART0_IRQHandler
                0x00001288                SPI1_IRQHandler
                0x00001288                PIN_INT6_IRQHandler
                0x00001288                IntDefaultHandler
                0x00001288                PIN_INT4_IRQHandler
                0x00001288                CAN_IRQHandler
                0x00001288                RTC_ALARM_IRQHandler
                0x00001288                ADC1B_IRQHandler
                0x00001288                ADC1_OVR_IRQHandler
                0x00001288                USBWakeup_IRQHandler
                0x00001288                UART2_IRQHandler
                0x00001288                PIN_INT5_IRQHandler
                0x00001288                SCT1_IRQHandler
                0x00001288                PIN_INT2_IRQHandler
                0x00001288                USB_FIQHandler
                0x00001288                SCT3_IRQHandler
                0x00001288                PIN_INT7_IRQHandler
                0x00001288                PIN_INT1_IRQHandler
                0x00001288                USB_IRQHandler
                0x00001288                BOD_IRQHandler
                0x00001288                ADC0B_IRQHandler
                0x00001288                ACMP0_IRQHandler
                0x00001288                WDT_IRQHandler
                0x00001288                PIN_INT0_IRQHandler
                0x00001288                QEI_IRQHandler
                0x00001288                ACMP3_IRQHandler
                0x00001288                GINT0_IRQHandler
                0x00001288                DAC_IRQHandler
                0x00001288                SPI0_IRQHandler
                0x00001288                EEPROM_IRQHandler
                0x00001288                ACMP2_IRQHandler
                0x00001288                ADC1A_IRQHandler
                0x00001288                DMA_IRQHandler
                0x00001288                PIN_INT3_IRQHandler
                0x00001288                ACMP1_IRQHandler
                0x00001288                ADC0A_IRQHandler
                0x00001288                FMC_IRQHandler
                0x00001288                GINT1_IRQHandler
                0x00001288                SCT0_IRQHandler
 .text.HardFault_Handler
                0x0000128c        0x4 /Users/powersmacbook/Storage/ElecOnboarding24/Firmware/mbed/LPC15x9/libmbed.a(startup_LPC15xx.o)
                0x0000128c                HardFault_Handler
 .text.MemManage_Handler
                0x00001290        0x4 /Users/powersmacbook/Storage/ElecOnboarding24/Firmware/mbed/LPC15x9/libmbed.a(startup_LPC15xx.o)
                0x00001290                MemManage_Handler
 .text.BusFault_Handler
                0x00001294        0x4 /Users/powersmacbook/Storage/ElecOnboarding24/Firmware/mbed/LPC15x9/libmbed.a(startup_LPC15xx.o)
                0x00001294                BusFault_Handler
 .text.UsageFault_Handler
                0x00001298        0x4 /Users/powersmacbook/Storage/ElecOnboarding24/Firmware/mbed/LPC15x9/libmbed.a(startup_LPC15xx.o)
                0x00001298                UsageFault_Handler
 .text.SVC_Handler
                0x0000129c        0x4 /Users/powersmacbook/Storage/ElecOnboarding24/Firmware/mbed/LPC15x9/libmbed.a(startup_LPC15xx.o)
                0x0000129c                SVC_Handler
 .text.DebugMon_Handler
                0x000012a0        0x4 /Users/powersmacbook/Storage/ElecOnboarding24/Firmware/mbed/LPC15x9/libmbed.a(startup_LPC15xx.o)
                0x000012a0                DebugMon_Handler
 .text.PendSV_Handler
                0x000012a4        0x4 /Users/powersmacbook/Storage/ElecOnboarding24/Firmware/mbed/LPC15x9/libmbed.a(startup_LPC15xx.o)
                0x000012a4                PendSV_Handler
 .text.SysTick_Handler
                0x000012a8        0x4 /Users/powersmacbook/Storage/ElecOnboarding24/Firmware/mbed/LPC15x9/libmbed.a(startup_LPC15xx.o)
                0x000012a8                SysTick_Handler
 .text.__aeabi_atexit
                0x000012ac        0x4 /Users/powersmacbook/Storage/ElecOnboarding24/Firmware/mbed/LPC15x9/libmbed.a(startup_LPC15xx.o)
                0x000012ac                __aeabi_atexit
 .text._Znwj    0x000012b0        0x4 /Users/powersmacbook/Storage/ElecOnboarding24/Firmware/mbed/LPC15x9/libmbed.a(startup_LPC15xx.o)
                0x000012b0                operator new(unsigned int)
 .text._ZdlPv   0x000012b4        0x4 /Users/powersmacbook/Storage/ElecOnboarding24/Firmware/mbed/LPC15x9/libmbed.a(startup_LPC15xx.o)
                0x000012b4                operator delete(void*)
 .text.SystemInit
                0x000012b8       0xdc /Users/powersmacbook/Storage/ElecOnboarding24/Firmware/mbed/LPC15x9/libmbed.a(system_LPC15xx.o)
                0x000012b8                SystemInit
 .text._ZN4mbed3CAN12_irq_handlerEm10CanIrqType
                0x00001394       0x30 /Users/powersmacbook/Storage/ElecOnboarding24/Firmware/mbed/LPC15x9/libmbed.a(CAN.o)
                0x00001394                mbed::CAN::_irq_handler(unsigned long, CanIrqType)
 .text._ZN4mbed3CAND2Ev
                0x000013c4       0x20 /Users/powersmacbook/Storage/ElecOnboarding24/Firmware/mbed/LPC15x9/libmbed.a(CAN.o)
                0x000013c4                mbed::CAN::~CAN()
                0x000013c4                mbed::CAN::~CAN()
 .text._ZN4mbed3CAND0Ev
                0x000013e4       0x28 /Users/powersmacbook/Storage/ElecOnboarding24/Firmware/mbed/LPC15x9/libmbed.a(CAN.o)
                0x000013e4                mbed::CAN::~CAN()
 .text._ZN4mbed3CANC2E7PinNameS1_
                0x0000140c       0x50 /Users/powersmacbook/Storage/ElecOnboarding24/Firmware/mbed/LPC15x9/libmbed.a(CAN.o)
                0x0000140c                mbed::CAN::CAN(PinName, PinName)
                0x0000140c                mbed::CAN::CAN(PinName, PinName)
 .text._ZN4mbed3CAN9frequencyEi
                0x0000145c        0x8 /Users/powersmacbook/Storage/ElecOnboarding24/Firmware/mbed/LPC15x9/libmbed.a(CAN.o)
                0x0000145c                mbed::CAN::frequency(int)
 .text._ZN4mbed3CAN5writeENS_10CANMessageE
                0x00001464       0x2c /Users/powersmacbook/Storage/ElecOnboarding24/Firmware/mbed/LPC15x9/libmbed.a(CAN.o)
                0x00001464                mbed::CAN::write(mbed::CANMessage)
 .text._ZN4mbed3CAN4readERNS_10CANMessageEi
                0x00001490        0x8 /Users/powersmacbook/Storage/ElecOnboarding24/Firmware/mbed/LPC15x9/libmbed.a(CAN.o)
                0x00001490                mbed::CAN::read(mbed::CANMessage&, int)
 .text._ZN4mbed3CAN8txstatusEv
                0x00001498        0x8 /Users/powersmacbook/Storage/ElecOnboarding24/Firmware/mbed/LPC15x9/libmbed.a(CAN.o)
                0x00001498                mbed::CAN::txstatus()
 .text._ZN4mbed3CAN6attachEPFvvENS0_7IrqTypeE
                0x000014a0       0x34 /Users/powersmacbook/Storage/ElecOnboarding24/Firmware/mbed/LPC15x9/libmbed.a(CAN.o)
                0x000014a0                mbed::CAN::attach(void (*)(), mbed::CAN::IrqType)
 .text._ZN4mbed5TimerC2Ev
                0x000014d4       0x20 /Users/powersmacbook/Storage/ElecOnboarding24/Firmware/mbed/LPC15x9/libmbed.a(Timer.o)
                0x000014d4                mbed::Timer::Timer()
                0x000014d4                mbed::Timer::Timer()
 .text._ZN4mbed5Timer5startEv
                0x000014f4       0x18 /Users/powersmacbook/Storage/ElecOnboarding24/Firmware/mbed/LPC15x9/libmbed.a(Timer.o)
                0x000014f4                mbed::Timer::start()
 .text._ZN4mbed5Timer7read_usEv
                0x0000150c       0x1c /Users/powersmacbook/Storage/ElecOnboarding24/Firmware/mbed/LPC15x9/libmbed.a(Timer.o)
                0x0000150c                mbed::Timer::read_us()
 .text.mbed_assert_internal
                0x00001528        0x4 /Users/powersmacbook/Storage/ElecOnboarding24/Firmware/mbed/LPC15x9/libmbed.a(assert.o)
                0x00001528                mbed_assert_internal
 .text.mbed_die
                0x0000152c       0x14 /Users/powersmacbook/Storage/ElecOnboarding24/Firmware/mbed/LPC15x9/libmbed.a(board.o)
                0x0000152c                mbed_die
 .text.gpio_init_out
                0x00001540       0x34 /Users/powersmacbook/Storage/ElecOnboarding24/Firmware/mbed/LPC15x9/libmbed.a(gpio.o)
                0x00001540                gpio_init_out
 .text.ticker_irq_handler
                0x00001574       0x4c /Users/powersmacbook/Storage/ElecOnboarding24/Firmware/mbed/LPC15x9/libmbed.a(ticker_api.o)
                0x00001574                ticker_irq_handler
 .text.ticker_read
                0x000015c0        0x8 /Users/powersmacbook/Storage/ElecOnboarding24/Firmware/mbed/LPC15x9/libmbed.a(ticker_api.o)
                0x000015c0                ticker_read
 .text.get_us_ticker_data
                0x000015c8        0x8 /Users/powersmacbook/Storage/ElecOnboarding24/Firmware/mbed/LPC15x9/libmbed.a(us_ticker_api.o)
                0x000015c8                get_us_ticker_data
 .text.us_ticker_irq_handler
                0x000015d0        0xc /Users/powersmacbook/Storage/ElecOnboarding24/Firmware/mbed/LPC15x9/libmbed.a(us_ticker_api.o)
                0x000015d0                us_ticker_irq_handler
 .text.wait_ms  0x000015dc       0x20 /Users/powersmacbook/Storage/ElecOnboarding24/Firmware/mbed/LPC15x9/libmbed.a(wait_api.o)
                0x000015dc                wait_ms
 .text.can_irq  0x000015fc      0x140 /Users/powersmacbook/Storage/ElecOnboarding24/Firmware/mbed/LPC15x9/libmbed.a(can_api.o)
 .text.can_irq_init
                0x0000173c       0x14 /Users/powersmacbook/Storage/ElecOnboarding24/Firmware/mbed/LPC15x9/libmbed.a(can_api.o)
                0x0000173c                can_irq_init
 .text.can_irq_free
                0x00001750       0x2c /Users/powersmacbook/Storage/ElecOnboarding24/Firmware/mbed/LPC15x9/libmbed.a(can_api.o)
                0x00001750                can_irq_free
 .text.can_irq_set
                0x0000177c       0x70 /Users/powersmacbook/Storage/ElecOnboarding24/Firmware/mbed/LPC15x9/libmbed.a(can_api.o)
                0x0000177c                can_irq_set
 .text.can_free
                0x000017ec       0x1c /Users/powersmacbook/Storage/ElecOnboarding24/Firmware/mbed/LPC15x9/libmbed.a(can_api.o)
                0x000017ec                can_free
 .text.can_frequency
                0x00001808       0xac /Users/powersmacbook/Storage/ElecOnboarding24/Firmware/mbed/LPC15x9/libmbed.a(can_api.o)
                0x00001808                can_frequency
 .text.can_init
                0x000018b4       0xd8 /Users/powersmacbook/Storage/ElecOnboarding24/Firmware/mbed/LPC15x9/libmbed.a(can_api.o)
                0x000018b4                can_init
 .text.can_write
                0x0000198c       0xc4 /Users/powersmacbook/Storage/ElecOnboarding24/Firmware/mbed/LPC15x9/libmbed.a(can_api.o)
                0x0000198c                can_write
 .text.can_read
                0x00001a50       0xfc /Users/powersmacbook/Storage/ElecOnboarding24/Firmware/mbed/LPC15x9/libmbed.a(can_api.o)
                0x00001a50                can_read
 .text.can_tx_status
                0x00001b4c       0x1c /Users/powersmacbook/Storage/ElecOnboarding24/Firmware/mbed/LPC15x9/libmbed.a(can_api.o)
                0x00001b4c                can_tx_status
 .text.gpio_init
                0x00001b68       0x58 /Users/powersmacbook/Storage/ElecOnboarding24/Firmware/mbed/LPC15x9/libmbed.a(gpio_api.o)
                0x00001b68                gpio_init
 .text.gpio_mode
                0x00001bc0        0x8 /Users/powersmacbook/Storage/ElecOnboarding24/Firmware/mbed/LPC15x9/libmbed.a(gpio_api.o)
                0x00001bc0                gpio_mode
 .text.gpio_dir
                0x00001bc8       0x44 /Users/powersmacbook/Storage/ElecOnboarding24/Firmware/mbed/LPC15x9/libmbed.a(gpio_api.o)
                0x00001bc8                gpio_dir
 .text.pin_mode
                0x00001c0c       0x50 /Users/powersmacbook/Storage/ElecOnboarding24/Firmware/mbed/LPC15x9/libmbed.a(pinmap.o)
                0x00001c0c                pin_mode
 .text.us_ticker_init
                0x00001c5c       0x74 /Users/powersmacbook/Storage/ElecOnboarding24/Firmware/mbed/LPC15x9/libmbed.a(us_ticker.o)
                0x00001c5c                us_ticker_init
 .text.us_ticker_read
                0x00001cd0       0x94 /Users/powersmacbook/Storage/ElecOnboarding24/Firmware/mbed/LPC15x9/libmbed.a(us_ticker.o)
                0x00001cd0                us_ticker_read
 .text.us_ticker_set_interrupt
                0x00001d64       0x24 /Users/powersmacbook/Storage/ElecOnboarding24/Firmware/mbed/LPC15x9/libmbed.a(us_ticker.o)
                0x00001d64                us_ticker_set_interrupt
 .text.us_ticker_disable_interrupt
                0x00001d88       0x10 /Users/powersmacbook/Storage/ElecOnboarding24/Firmware/mbed/LPC15x9/libmbed.a(us_ticker.o)
                0x00001d88                us_ticker_disable_interrupt
 .text.us_ticker_clear_interrupt
                0x00001d98       0x10 /Users/powersmacbook/Storage/ElecOnboarding24/Firmware/mbed/LPC15x9/libmbed.a(us_ticker.o)
                0x00001d98                us_ticker_clear_interrupt
 .text.NVIC_SetVector
                0x00001da8       0x3c /Users/powersmacbook/Storage/ElecOnboarding24/Firmware/mbed/LPC15x9/libmbed.a(cmsis_nvic.o)
                0x00001da8                NVIC_SetVector
 .text          0x00001de4       0x30 /Applications/MCUXpressoIDE_11.9.1_2170/ide/plugins/com.nxp.mcuxpresso.tools.macosx_11.9.1.202402080819/tools/bin/../lib/gcc/arm-none-eabi/12.3.1/thumb/v7-m/nofp/libgcc.a(_aeabi_uldivmod.o)
                0x00001de4                __aeabi_uldivmod
 .text.__udivmoddi4
                0x00001e14      0x2b8 /Applications/MCUXpressoIDE_11.9.1_2170/ide/plugins/com.nxp.mcuxpresso.tools.macosx_11.9.1.202402080819/tools/bin/../lib/gcc/arm-none-eabi/12.3.1/thumb/v7-m/nofp/libgcc.a(_udivmoddi4.o)
                0x00001e14                __udivmoddi4
 .text          0x000020cc        0x4 /Applications/MCUXpressoIDE_11.9.1_2170/ide/plugins/com.nxp.mcuxpresso.tools.macosx_11.9.1.202402080819/tools/bin/../lib/gcc/arm-none-eabi/12.3.1/thumb/v7-m/nofp/libgcc.a(_dvmd_tls.o)
                0x000020cc                __aeabi_ldiv0
                0x000020cc                __aeabi_idiv0
 .text.malloc   0x000020d0       0x10 /Applications/MCUXpressoIDE_11.9.1_2170/ide/plugins/com.nxp.mcuxpresso.tools.macosx_11.9.1.202402080819/tools/bin/../lib/gcc/arm-none-eabi/12.3.1/../../../../arm-none-eabi/lib/thumb/v7-m/nofp/libc.a(libc_a-malloc.o)
                0x000020d0                malloc
 .text.free     0x000020e0       0x10 /Applications/MCUXpressoIDE_11.9.1_2170/ide/plugins/com.nxp.mcuxpresso.tools.macosx_11.9.1.202402080819/tools/bin/../lib/gcc/arm-none-eabi/12.3.1/../../../../arm-none-eabi/lib/thumb/v7-m/nofp/libc.a(libc_a-malloc.o)
                0x000020e0                free
 .text._malloc_r
                0x000020f0      0x570 /Applications/MCUXpressoIDE_11.9.1_2170/ide/plugins/com.nxp.mcuxpresso.tools.macosx_11.9.1.202402080819/tools/bin/../lib/gcc/arm-none-eabi/12.3.1/../../../../arm-none-eabi/lib/thumb/v7-m/nofp/libc.a(libc_a-mallocr.o)
                0x000020f0                _malloc_r
 .text.__malloc_lock
                0x00002660        0xc /Applications/MCUXpressoIDE_11.9.1_2170/ide/plugins/com.nxp.mcuxpresso.tools.macosx_11.9.1.202402080819/tools/bin/../lib/gcc/arm-none-eabi/12.3.1/../../../../arm-none-eabi/lib/thumb/v7-m/nofp/libc.a(libc_a-mlock.o)
                0x00002660                __malloc_lock
 .text.__malloc_unlock
                0x0000266c        0xc /Applications/MCUXpressoIDE_11.9.1_2170/ide/plugins/com.nxp.mcuxpresso.tools.macosx_11.9.1.202402080819/tools/bin/../lib/gcc/arm-none-eabi/12.3.1/../../../../arm-none-eabi/lib/thumb/v7-m/nofp/libc.a(libc_a-mlock.o)
                0x0000266c                __malloc_unlock
 .text.memset   0x00002678       0xa0 /Applications/MCUXpressoIDE_11.9.1_2170/ide/plugins/com.nxp.mcuxpresso.tools.macosx_11.9.1.202402080819/tools/bin/../lib/gcc/arm-none-eabi/12.3.1/../../../../arm-none-eabi/lib/thumb/v7-m/nofp/libc.a(libc_a-memset.o)
                0x00002678                memset
 .text._sbrk_r  0x00002718       0x24 /Applications/MCUXpressoIDE_11.9.1_2170/ide/plugins/com.nxp.mcuxpresso.tools.macosx_11.9.1.202402080819/tools/bin/../lib/gcc/arm-none-eabi/12.3.1/../../../../arm-none-eabi/lib/thumb/v7-m/nofp/libc.a(libc_a-sbrkr.o)
                0x00002718                _sbrk_r
 .text.sysconf  0x0000273c       0x1c /Applications/MCUXpressoIDE_11.9.1_2170/ide/plugins/com.nxp.mcuxpresso.tools.macosx_11.9.1.202402080819/tools/bin/../lib/gcc/arm-none-eabi/12.3.1/../../../../arm-none-eabi/lib/thumb/v7-m/nofp/libc.a(libc_a-sysconf.o)
                0x0000273c                sysconf
 .text.__libc_init_array
                0x00002758       0x50 /Applications/MCUXpressoIDE_11.9.1_2170/ide/plugins/com.nxp.mcuxpresso.tools.macosx_11.9.1.202402080819/tools/bin/../lib/gcc/arm-none-eabi/12.3.1/../../../../arm-none-eabi/lib/thumb/v7-m/nofp/libc.a(libc_a-init.o)
                0x00002758                __libc_init_array
 .text.__retarget_lock_acquire_recursive
                0x000027a8        0x4 /Applications/MCUXpressoIDE_11.9.1_2170/ide/plugins/com.nxp.mcuxpresso.tools.macosx_11.9.1.202402080819/tools/bin/../lib/gcc/arm-none-eabi/12.3.1/../../../../arm-none-eabi/lib/thumb/v7-m/nofp/libc.a(libc_a-lock.o)
                0x000027a8                __retarget_lock_acquire_recursive
 .text.__retarget_lock_release_recursive
                0x000027ac        0x4 /Applications/MCUXpressoIDE_11.9.1_2170/ide/plugins/com.nxp.mcuxpresso.tools.macosx_11.9.1.202402080819/tools/bin/../lib/gcc/arm-none-eabi/12.3.1/../../../../arm-none-eabi/lib/thumb/v7-m/nofp/libc.a(libc_a-lock.o)
                0x000027ac                __retarget_lock_release_recursive
 .text          0x000027b0       0xec /Applications/MCUXpressoIDE_11.9.1_2170/ide/plugins/com.nxp.mcuxpresso.tools.macosx_11.9.1.202402080819/tools/bin/../lib/gcc/arm-none-eabi/12.3.1/../../../../arm-none-eabi/lib/thumb/v7-m/nofp/libc.a(libc_a-memcpy.o)
                0x000027b0                memcpy
 .text._malloc_trim_r
                0x0000289c       0xb8 /Applications/MCUXpressoIDE_11.9.1_2170/ide/plugins/com.nxp.mcuxpresso.tools.macosx_11.9.1.202402080819/tools/bin/../lib/gcc/arm-none-eabi/12.3.1/../../../../arm-none-eabi/lib/thumb/v7-m/nofp/libc.a(libc_a-freer.o)
                0x0000289c                _malloc_trim_r
 .text._free_r  0x00002954      0x1fc /Applications/MCUXpressoIDE_11.9.1_2170/ide/plugins/com.nxp.mcuxpresso.tools.macosx_11.9.1.202402080819/tools/bin/../lib/gcc/arm-none-eabi/12.3.1/../../../../arm-none-eabi/lib/thumb/v7-m/nofp/libc.a(libc_a-freer.o)
                0x00002954                _free_r
 .text.__errno  0x00002b50        0xc /Applications/MCUXpressoIDE_11.9.1_2170/ide/plugins/com.nxp.mcuxpresso.tools.macosx_11.9.1.202402080819/tools/bin/../lib/gcc/arm-none-eabi/12.3.1/../../../../arm-none-eabi/lib/thumb/v7-m/nofp/libc.a(libc_a-errno.o)
                0x00002b50                __errno
 .text._sbrk    0x00002b5c       0x3c /Applications/MCUXpressoIDE_11.9.1_2170/ide/plugins/com.nxp.mcuxpresso.tools.macosx_11.9.1.202402080819/tools/bin/../lib/gcc/arm-none-eabi/12.3.1/../../../../arm-none-eabi/lib/thumb/v7-m/nofp/libcr_newlib_nohost.a(_cr_sbrk.o)
                0x00002b5c                _sbrk
 .text.__check_heap_overflow
                0x00002b98       0x18 /Applications/MCUXpressoIDE_11.9.1_2170/ide/plugins/com.nxp.mcuxpresso.tools.macosx_11.9.1.202402080819/tools/bin/../lib/gcc/arm-none-eabi/12.3.1/../../../../arm-none-eabi/lib/thumb/v7-m/nofp/libcr_newlib_nohost.a(_cr_check_heap.o)
                0x00002b98                __check_heap_overflow
 .text.register_tm_clones
                0x00002bb0       0x24 /Applications/MCUXpressoIDE_11.9.1_2170/ide/plugins/com.nxp.mcuxpresso.tools.macosx_11.9.1.202402080819/tools/bin/../lib/gcc/arm-none-eabi/12.3.1/thumb/v7-m/nofp/crtbegin.o
 .text.frame_dummy
                0x00002bd4       0x24 /Applications/MCUXpressoIDE_11.9.1_2170/ide/plugins/com.nxp.mcuxpresso.tools.macosx_11.9.1.202402080819/tools/bin/../lib/gcc/arm-none-eabi/12.3.1/thumb/v7-m/nofp/crtbegin.o
 *(.rodata .rodata.*)
 .rodata.main.str1.1
                0x00002bf8       0x97 ./src/main.o
 *fill*         0x00002c8f        0x1 ff
 .rodata.common
                0x00002c90        0x4 ./src/peripherals.o
                0x00002c90                common
 .rodata._ZTV12TimingCommon
                0x00002c94       0x10 /Users/powersmacbook/Storage/ElecOnboarding24/Firmware/common/LPC15x9/libcommon.a(TimingCommon.o)
                0x00002c94                vtable for TimingCommon
 .rodata.gpio_read.str1.4
                0x00002ca4       0x98 /Users/powersmacbook/Storage/ElecOnboarding24/Firmware/common/LPC15x9/libcommon.a(hardware_common_mbed.o)
 .rodata._ZTV20hardware_common_mbed
                0x00002d3c       0x40 /Users/powersmacbook/Storage/ElecOnboarding24/Firmware/common/LPC15x9/libcommon.a(hardware_common_mbed.o)
                0x00002d3c                vtable for hardware_common_mbed
 .rodata._ZTV15hardware_common
                0x00002d7c       0x40 /Users/powersmacbook/Storage/ElecOnboarding24/Firmware/common/LPC15x9/libcommon.a(hardware_common_mbed.o)
                0x00002d7c                vtable for hardware_common
 .rodata._ZTVN4mbed3CANE
                0x00002dbc       0x10 /Users/powersmacbook/Storage/ElecOnboarding24/Firmware/mbed/LPC15x9/libmbed.a(CAN.o)
                0x00002dbc                vtable for mbed::CAN
 .rodata.us_data
                0x00002dcc        0x8 /Users/powersmacbook/Storage/ElecOnboarding24/Firmware/mbed/LPC15x9/libmbed.a(us_ticker_api.o)
 .rodata.us_interface
                0x00002dd4       0x14 /Users/powersmacbook/Storage/ElecOnboarding24/Firmware/mbed/LPC15x9/libmbed.a(us_ticker_api.o)
 .rodata.timing_pts
                0x00002de8       0xb8 /Users/powersmacbook/Storage/ElecOnboarding24/Firmware/mbed/LPC15x9/libmbed.a(can_api.o)
 .rodata.gpio_set.str1.4
                0x00002ea0       0x1f /Users/powersmacbook/Storage/ElecOnboarding24/Firmware/mbed/LPC15x9/libmbed.a(gpio_api.o)
 .rodata.gpio_dir.str1.4
                0x00002ebf       0x18 /Users/powersmacbook/Storage/ElecOnboarding24/Firmware/mbed/LPC15x9/libmbed.a(gpio_api.o)
 *fill*         0x00002ebf        0x1 ff
 .rodata.pin_mode.str1.4
                0x00002ec0        0x9 /Users/powersmacbook/Storage/ElecOnboarding24/Firmware/mbed/LPC15x9/libmbed.a(pinmap.o)
                                 0x1f (size before relaxing)
                0x00002ecc                        . = ALIGN (0x4)
 *fill*         0x00002ec9        0x3 ff
                0x00002ecc                        . = ALIGN (0x4)
 *(.init)
 .init          0x00002ecc        0x4 /Applications/MCUXpressoIDE_11.9.1_2170/ide/plugins/com.nxp.mcuxpresso.tools.macosx_11.9.1.202402080819/tools/bin/../lib/gcc/arm-none-eabi/12.3.1/thumb/v7-m/nofp/crti.o
                0x00002ecc                _init
 .init          0x00002ed0        0x8 /Applications/MCUXpressoIDE_11.9.1_2170/ide/plugins/com.nxp.mcuxpresso.tools.macosx_11.9.1.202402080819/tools/bin/../lib/gcc/arm-none-eabi/12.3.1/thumb/v7-m/nofp/crtn.o
                0x00002ed8                        . = ALIGN (0x4)
                0x00002ed8                        __preinit_array_start = .
 *(.preinit_array)
                0x00002ed8                        __preinit_array_end = .
                0x00002ed8                        . = ALIGN (0x4)
                0x00002ed8                        __init_array_start = .
 *(SORT_BY_NAME(.init_array.*))
 *(.init_array)
 .init_array    0x00002ed8        0x4 ./src/peripherals.o
 .init_array    0x00002edc        0x4 ./src/pins.o
 .init_array    0x00002ee0        0x4 /Applications/MCUXpressoIDE_11.9.1_2170/ide/plugins/com.nxp.mcuxpresso.tools.macosx_11.9.1.202402080819/tools/bin/../lib/gcc/arm-none-eabi/12.3.1/thumb/v7-m/nofp/crtbegin.o
                0x00002ee4                        __init_array_end = .
 *(.fini)
 .fini          0x00002ee4        0x4 /Applications/MCUXpressoIDE_11.9.1_2170/ide/plugins/com.nxp.mcuxpresso.tools.macosx_11.9.1.202402080819/tools/bin/../lib/gcc/arm-none-eabi/12.3.1/thumb/v7-m/nofp/crti.o
                0x00002ee4                _fini
 .fini          0x00002ee8        0x8 /Applications/MCUXpressoIDE_11.9.1_2170/ide/plugins/com.nxp.mcuxpresso.tools.macosx_11.9.1.202402080819/tools/bin/../lib/gcc/arm-none-eabi/12.3.1/thumb/v7-m/nofp/crtn.o
                0x00002ef0                        . = ALIGN (0x4)
 *crtbegin.o(.ctors)
 *(EXCLUDE_FILE(*crtend.o) .ctors)
 *(SORT_BY_NAME(.ctors.*))
 *crtend.o(.ctors)
                0x00002ef0                        . = ALIGN (0x4)
 *crtbegin.o(.dtors)
 *(EXCLUDE_FILE(*crtend.o) .dtors)
 *(SORT_BY_NAME(.dtors.*))
 *crtend.o(.dtors)

.glue_7         0x00002ef0        0x0
 .glue_7        0x00002ef0        0x0 linker stubs

.glue_7t        0x00002ef0        0x0
 .glue_7t       0x00002ef0        0x0 linker stubs

.vfp11_veneer   0x00002ef0        0x0
 .vfp11_veneer  0x00002ef0        0x0 linker stubs

.v4_bx          0x00002ef0        0x0
 .v4_bx         0x00002ef0        0x0 linker stubs

.iplt           0x00002ef0        0x0
 .iplt          0x00002ef0        0x0 ./src/main.o

.ARM.extab
 *(.ARM.extab* .gnu.linkonce.armextab.*)
                0x00002ef0                        __exidx_start = .

.ARM.exidx      0x00002ef0        0x8
 *(.ARM.exidx* .gnu.linkonce.armexidx.*)
 .ARM.exidx.text.__udivmoddi4
                0x00002ef0        0x8 /Applications/MCUXpressoIDE_11.9.1_2170/ide/plugins/com.nxp.mcuxpresso.tools.macosx_11.9.1.202402080819/tools/bin/../lib/gcc/arm-none-eabi/12.3.1/thumb/v7-m/nofp/libgcc.a(_udivmoddi4.o)
 .ARM.exidx     0x00002ef8        0x0 /Applications/MCUXpressoIDE_11.9.1_2170/ide/plugins/com.nxp.mcuxpresso.tools.macosx_11.9.1.202402080819/tools/bin/../lib/gcc/arm-none-eabi/12.3.1/../../../../arm-none-eabi/lib/thumb/v7-m/nofp/libc.a(libc_a-memcpy.o)
                                  0x8 (size before relaxing)
                0x00002ef8                        __exidx_end = .
                0x00002ef8                        _etext = .

.rel.dyn        0x00002ef8        0x0
 .rel.iplt      0x00002ef8        0x0 ./src/main.o

.eh_frame       0x00002ef8        0x0
 .eh_frame      0x00002ef8        0x0 /Applications/MCUXpressoIDE_11.9.1_2170/ide/plugins/com.nxp.mcuxpresso.tools.macosx_11.9.1.202402080819/tools/bin/../lib/gcc/arm-none-eabi/12.3.1/thumb/v7-m/nofp/crtbegin.o

.data_RAM2      0x02004000        0x0 load address 0x00002ef8
 FILL mask 0xff
 *(.ramfunc.$RAM2)
 *(.ramfunc.$Ram1_16)
 *(.data.$RAM2*)
 *(.data.$Ram1_16*)
                0x02004000                        . = ALIGN (0x4)

.data_RAM3      0x02008000        0x0 load address 0x00002ef8
 FILL mask 0xff
 *(.ramfunc.$RAM3)
 *(.ramfunc.$Ram2_4)
 *(.data.$RAM3*)
 *(.data.$Ram2_4*)
                0x02008000                        . = ALIGN (0x4)

.uninit_RESERVED
                0x02000100        0x0
 *(.bss.$RESERVED*)
                0x02000100                        . = ALIGN (0x4)
                0x02000100                        _end_uninit_RESERVED = .

.data           0x02000100      0x544 load address 0x00002ef8
 FILL mask 0xff
                0x02000100                        _data = .
 *(vtable)
 *(.ramfunc*)
 *(.data*)
 .data.SystemCoreClock
                0x02000100        0x4 /Users/powersmacbook/Storage/ElecOnboarding24/Firmware/mbed/LPC15x9/libmbed.a(system_LPC15xx.o)
                0x02000100                SystemCoreClock
 .data.__malloc_sbrk_base
                0x02000104        0x4 /Applications/MCUXpressoIDE_11.9.1_2170/ide/plugins/com.nxp.mcuxpresso.tools.macosx_11.9.1.202402080819/tools/bin/../lib/gcc/arm-none-eabi/12.3.1/../../../../arm-none-eabi/lib/thumb/v7-m/nofp/libc.a(libc_a-mallocr.o)
                0x02000104                __malloc_sbrk_base
 .data.__malloc_trim_threshold
                0x02000108        0x4 /Applications/MCUXpressoIDE_11.9.1_2170/ide/plugins/com.nxp.mcuxpresso.tools.macosx_11.9.1.202402080819/tools/bin/../lib/gcc/arm-none-eabi/12.3.1/../../../../arm-none-eabi/lib/thumb/v7-m/nofp/libc.a(libc_a-mallocr.o)
                0x02000108                __malloc_trim_threshold
 *fill*         0x0200010c        0x4 ff
 .data.__malloc_av_
                0x02000110      0x408 /Applications/MCUXpressoIDE_11.9.1_2170/ide/plugins/com.nxp.mcuxpresso.tools.macosx_11.9.1.202402080819/tools/bin/../lib/gcc/arm-none-eabi/12.3.1/../../../../arm-none-eabi/lib/thumb/v7-m/nofp/libc.a(libc_a-mallocr.o)
                0x02000110                __malloc_av_
 .data._impure_ptr
                0x02000518        0x4 /Applications/MCUXpressoIDE_11.9.1_2170/ide/plugins/com.nxp.mcuxpresso.tools.macosx_11.9.1.202402080819/tools/bin/../lib/gcc/arm-none-eabi/12.3.1/../../../../arm-none-eabi/lib/thumb/v7-m/nofp/libc.a(libc_a-impure.o)
                0x02000518                _impure_ptr
 *fill*         0x0200051c        0x4 ff
 .data._impure_data
                0x02000520      0x120 /Applications/MCUXpressoIDE_11.9.1_2170/ide/plugins/com.nxp.mcuxpresso.tools.macosx_11.9.1.202402080819/tools/bin/../lib/gcc/arm-none-eabi/12.3.1/../../../../arm-none-eabi/lib/thumb/v7-m/nofp/libc.a(libc_a-impure.o)
                0x02000520                _impure_data
 .data.__dso_handle
                0x02000640        0x4 /Applications/MCUXpressoIDE_11.9.1_2170/ide/plugins/com.nxp.mcuxpresso.tools.macosx_11.9.1.202402080819/tools/bin/../lib/gcc/arm-none-eabi/12.3.1/thumb/v7-m/nofp/crtbegin.o
                0x02000640                __dso_handle
                0x02000644                        . = ALIGN (0x4)
                0x02000644                        _edata = .

.igot.plt       0x02000644        0x0 load address 0x0000343c
 .igot.plt      0x02000644        0x0 ./src/main.o

.tm_clone_table
                0x02000644        0x0 load address 0x0000343c
 .tm_clone_table
                0x02000644        0x0 /Applications/MCUXpressoIDE_11.9.1_2170/ide/plugins/com.nxp.mcuxpresso.tools.macosx_11.9.1.202402080819/tools/bin/../lib/gcc/arm-none-eabi/12.3.1/thumb/v7-m/nofp/crtbegin.o
 .tm_clone_table
                0x02000644        0x0 /Applications/MCUXpressoIDE_11.9.1_2170/ide/plugins/com.nxp.mcuxpresso.tools.macosx_11.9.1.202402080819/tools/bin/../lib/gcc/arm-none-eabi/12.3.1/thumb/v7-m/nofp/crtend.o

.bss_RAM2       0x02004000        0x0
 *(.bss.$RAM2*)
 *(.bss.$Ram1_16*)
                0x02004000                        . = ALIGN (0x4)

.bss_RAM3       0x02008000        0x0
 *(.bss.$RAM3*)
 *(.bss.$Ram2_4*)
                0x02008000                        . = ALIGN (0x4)

.bss            0x02000644      0x3f0
                0x02000644                        _bss = .
 *(.bss*)
 .bss.common_   0x02000644       0x24 ./src/peripherals.o
                0x02000644                common_
 .bss.wdt       0x02000668        0x1 ./src/peripherals.o
                0x02000668                wdt
 *fill*         0x02000669        0x3 
 .bss.timing    0x0200066c       0xac ./src/peripherals.o
                0x0200066c                timing
 .bss.timer     0x02000718       0x10 ./src/peripherals.o
                0x02000718                timer
 .bss.can       0x02000728       0xe0 ./src/peripherals.o
                0x02000728                can
 .bss.led5      0x02000808       0x18 ./src/pins.o
                0x02000808                led5
 .bss.led4      0x02000820       0x18 ./src/pins.o
                0x02000820                led4
 .bss.led3      0x02000838       0x18 ./src/pins.o
                0x02000838                led3
 .bss.led2      0x02000850       0x18 ./src/pins.o
                0x02000850                led2
 .bss.led1      0x02000868       0x18 ./src/pins.o
                0x02000868                led1
 .bss._ZL23_handleCANMessageBuffer
                0x02000880        0x4 /Users/powersmacbook/Storage/ElecOnboarding24/Firmware/common/LPC15x9/libcommon.a(hardware_common_mbed.o)
 .bss.events    0x02000884        0x8 /Users/powersmacbook/Storage/ElecOnboarding24/Firmware/mbed/LPC15x9/libmbed.a(us_ticker_api.o)
 .bss.rx_interrupts
                0x0200088c        0x4 /Users/powersmacbook/Storage/ElecOnboarding24/Firmware/mbed/LPC15x9/libmbed.a(can_api.o)
 .bss.tx_interrupts
                0x02000890        0x4 /Users/powersmacbook/Storage/ElecOnboarding24/Firmware/mbed/LPC15x9/libmbed.a(can_api.o)
 .bss.irq_handler
                0x02000894        0x4 /Users/powersmacbook/Storage/ElecOnboarding24/Firmware/mbed/LPC15x9/libmbed.a(can_api.o)
 .bss.can_irq_id
                0x02000898        0x4 /Users/powersmacbook/Storage/ElecOnboarding24/Firmware/mbed/LPC15x9/libmbed.a(can_api.o)
 .bss.gpio_enabled
                0x0200089c        0x4 /Users/powersmacbook/Storage/ElecOnboarding24/Firmware/mbed/LPC15x9/libmbed.a(gpio_api.o)
 .bss.us_ticker_inited
                0x020008a0        0x4 /Users/powersmacbook/Storage/ElecOnboarding24/Firmware/mbed/LPC15x9/libmbed.a(us_ticker.o)
                0x020008a0                us_ticker_inited
 .bss.__malloc_current_mallinfo
                0x020008a4       0x28 /Applications/MCUXpressoIDE_11.9.1_2170/ide/plugins/com.nxp.mcuxpresso.tools.macosx_11.9.1.202402080819/tools/bin/../lib/gcc/arm-none-eabi/12.3.1/../../../../arm-none-eabi/lib/thumb/v7-m/nofp/libc.a(libc_a-mallocr.o)
                0x020008a4                __malloc_current_mallinfo
 .bss.__malloc_max_total_mem
                0x020008cc        0x4 /Applications/MCUXpressoIDE_11.9.1_2170/ide/plugins/com.nxp.mcuxpresso.tools.macosx_11.9.1.202402080819/tools/bin/../lib/gcc/arm-none-eabi/12.3.1/../../../../arm-none-eabi/lib/thumb/v7-m/nofp/libc.a(libc_a-mallocr.o)
                0x020008cc                __malloc_max_total_mem
 .bss.__malloc_max_sbrked_mem
                0x020008d0        0x4 /Applications/MCUXpressoIDE_11.9.1_2170/ide/plugins/com.nxp.mcuxpresso.tools.macosx_11.9.1.202402080819/tools/bin/../lib/gcc/arm-none-eabi/12.3.1/../../../../arm-none-eabi/lib/thumb/v7-m/nofp/libc.a(libc_a-mallocr.o)
                0x020008d0                __malloc_max_sbrked_mem
 .bss.__malloc_top_pad
                0x020008d4        0x4 /Applications/MCUXpressoIDE_11.9.1_2170/ide/plugins/com.nxp.mcuxpresso.tools.macosx_11.9.1.202402080819/tools/bin/../lib/gcc/arm-none-eabi/12.3.1/../../../../arm-none-eabi/lib/thumb/v7-m/nofp/libc.a(libc_a-mallocr.o)
                0x020008d4                __malloc_top_pad
 .bss.__lock___malloc_recursive_mutex
                0x020008d8        0x1 /Applications/MCUXpressoIDE_11.9.1_2170/ide/plugins/com.nxp.mcuxpresso.tools.macosx_11.9.1.202402080819/tools/bin/../lib/gcc/arm-none-eabi/12.3.1/../../../../arm-none-eabi/lib/thumb/v7-m/nofp/libc.a(libc_a-lock.o)
                0x020008d8                __lock___malloc_recursive_mutex
 *fill*         0x020008d9        0x3 
 .bss.__sf      0x020008dc      0x138 /Applications/MCUXpressoIDE_11.9.1_2170/ide/plugins/com.nxp.mcuxpresso.tools.macosx_11.9.1.202402080819/tools/bin/../lib/gcc/arm-none-eabi/12.3.1/../../../../arm-none-eabi/lib/thumb/v7-m/nofp/libc.a(libc_a-findfp.o)
                0x020008dc                __sf
 .bss.errno     0x02000a14        0x4 /Applications/MCUXpressoIDE_11.9.1_2170/ide/plugins/com.nxp.mcuxpresso.tools.macosx_11.9.1.202402080819/tools/bin/../lib/gcc/arm-none-eabi/12.3.1/../../../../arm-none-eabi/lib/thumb/v7-m/nofp/libc.a(libc_a-reent.o)
                0x02000a14                errno
 .bss.__end_of_heap
                0x02000a18        0x4 /Applications/MCUXpressoIDE_11.9.1_2170/ide/plugins/com.nxp.mcuxpresso.tools.macosx_11.9.1.202402080819/tools/bin/../lib/gcc/arm-none-eabi/12.3.1/../../../../arm-none-eabi/lib/thumb/v7-m/nofp/libcr_newlib_nohost.a(_cr_sbrk.o)
                0x02000a18                __end_of_heap
 .bss.object.0  0x02000a1c       0x18 /Applications/MCUXpressoIDE_11.9.1_2170/ide/plugins/com.nxp.mcuxpresso.tools.macosx_11.9.1.202402080819/tools/bin/../lib/gcc/arm-none-eabi/12.3.1/thumb/v7-m/nofp/crtbegin.o
 *(COMMON)
                0x02000a34                        . = ALIGN (0x4)
                0x02000a34                        _ebss = .
                [!provide]                        PROVIDE (end = .)
                0x02000a34                        __end__ = .

.noinit_RAM2    0x02004000        0x0
 *(.noinit.$RAM2*)
 *(.noinit.$Ram1_16*)
                0x02004000                        . = ALIGN (0x4)

.noinit_RAM3    0x02008000        0x0
 *(.noinit.$RAM3*)
 *(.noinit.$Ram2_4*)
                0x02008000                        . = ALIGN (0x4)

.noinit         0x02000a34        0x0
                0x02000a34                        _noinit = .
 *(.noinit*)
                0x02000a34                        . = ALIGN (0x4)
                0x02000a34                        _end_noinit = .
                0x02000a34                        PROVIDE (_pvHeapStart = .)
                0x02004000                        PROVIDE (_vStackTop = (__top_Ram0_16 - 0x0))
OUTPUT(project_1.axf elf32-littlearm)
LOAD linker stubs

.debug_info     0x00000000    0x2625f
 .debug_info    0x00000000     0x579e ./src/main.o
 .debug_info    0x0000579e     0x555b ./src/peripherals.o
 .debug_info    0x0000acf9     0x479f ./src/pins.o
 .debug_info    0x0000f498      0xa79 /Users/powersmacbook/Storage/ElecOnboarding24/Firmware/common/LPC15x9/libcommon.a(WDT.o)
 .debug_info    0x0000ff11     0x4919 /Users/powersmacbook/Storage/ElecOnboarding24/Firmware/common/LPC15x9/libcommon.a(TimingCommon.o)
 .debug_info    0x0001482a     0x66ca /Users/powersmacbook/Storage/ElecOnboarding24/Firmware/common/LPC15x9/libcommon.a(hardware_common_mbed.o)
 .debug_info    0x0001aef4      0xd74 /Users/powersmacbook/Storage/ElecOnboarding24/Firmware/mbed/LPC15x9/libmbed.a(startup_LPC15xx.o)
 .debug_info    0x0001bc68      0x568 /Users/powersmacbook/Storage/ElecOnboarding24/Firmware/mbed/LPC15x9/libmbed.a(system_LPC15xx.o)
 .debug_info    0x0001c1d0     0x29fd /Users/powersmacbook/Storage/ElecOnboarding24/Firmware/mbed/LPC15x9/libmbed.a(CAN.o)
 .debug_info    0x0001ebcd     0x1f82 /Users/powersmacbook/Storage/ElecOnboarding24/Firmware/mbed/LPC15x9/libmbed.a(Timer.o)
 .debug_info    0x00020b4f       0xe9 /Users/powersmacbook/Storage/ElecOnboarding24/Firmware/mbed/LPC15x9/libmbed.a(assert.o)
 .debug_info    0x00020c38       0xd8 /Users/powersmacbook/Storage/ElecOnboarding24/Firmware/mbed/LPC15x9/libmbed.a(board.o)
 .debug_info    0x00020d10      0xd69 /Users/powersmacbook/Storage/ElecOnboarding24/Firmware/mbed/LPC15x9/libmbed.a(gpio.o)
 .debug_info    0x00021a79      0x477 /Users/powersmacbook/Storage/ElecOnboarding24/Firmware/mbed/LPC15x9/libmbed.a(ticker_api.o)
 .debug_info    0x00021ef0      0x2b6 /Users/powersmacbook/Storage/ElecOnboarding24/Firmware/mbed/LPC15x9/libmbed.a(us_ticker_api.o)
 .debug_info    0x000221a6      0x203 /Users/powersmacbook/Storage/ElecOnboarding24/Firmware/mbed/LPC15x9/libmbed.a(wait_api.o)
 .debug_info    0x000223a9     0x1e3e /Users/powersmacbook/Storage/ElecOnboarding24/Firmware/mbed/LPC15x9/libmbed.a(can_api.o)
 .debug_info    0x000241e7      0xbea /Users/powersmacbook/Storage/ElecOnboarding24/Firmware/mbed/LPC15x9/libmbed.a(gpio_api.o)
 .debug_info    0x00024dd1      0x43f /Users/powersmacbook/Storage/ElecOnboarding24/Firmware/mbed/LPC15x9/libmbed.a(pinmap.o)
 .debug_info    0x00025210      0xa1d /Users/powersmacbook/Storage/ElecOnboarding24/Firmware/mbed/LPC15x9/libmbed.a(us_ticker.o)
 .debug_info    0x00025c2d      0x483 /Users/powersmacbook/Storage/ElecOnboarding24/Firmware/mbed/LPC15x9/libmbed.a(cmsis_nvic.o)
 .debug_info    0x000260b0      0x13e /Applications/MCUXpressoIDE_11.9.1_2170/ide/plugins/com.nxp.mcuxpresso.tools.macosx_11.9.1.202402080819/tools/bin/../lib/gcc/arm-none-eabi/12.3.1/../../../../arm-none-eabi/lib/thumb/v7-m/nofp/libcr_newlib_nohost.a(_cr_sbrk.o)
 .debug_info    0x000261ee       0x71 /Applications/MCUXpressoIDE_11.9.1_2170/ide/plugins/com.nxp.mcuxpresso.tools.macosx_11.9.1.202402080819/tools/bin/../lib/gcc/arm-none-eabi/12.3.1/../../../../arm-none-eabi/lib/thumb/v7-m/nofp/libcr_newlib_nohost.a(_cr_check_heap.o)

.debug_abbrev   0x00000000     0x48a6
 .debug_abbrev  0x00000000      0x767 ./src/main.o
 .debug_abbrev  0x00000767      0x701 ./src/peripherals.o
 .debug_abbrev  0x00000e68      0x523 ./src/pins.o
 .debug_abbrev  0x0000138b      0x267 /Users/powersmacbook/Storage/ElecOnboarding24/Firmware/common/LPC15x9/libcommon.a(WDT.o)
 .debug_abbrev  0x000015f2      0x582 /Users/powersmacbook/Storage/ElecOnboarding24/Firmware/common/LPC15x9/libcommon.a(TimingCommon.o)
 .debug_abbrev  0x00001b74      0x751 /Users/powersmacbook/Storage/ElecOnboarding24/Firmware/common/LPC15x9/libcommon.a(hardware_common_mbed.o)
 .debug_abbrev  0x000022c5      0x3da /Users/powersmacbook/Storage/ElecOnboarding24/Firmware/mbed/LPC15x9/libmbed.a(startup_LPC15xx.o)
 .debug_abbrev  0x0000269f      0x12c /Users/powersmacbook/Storage/ElecOnboarding24/Firmware/mbed/LPC15x9/libmbed.a(system_LPC15xx.o)
 .debug_abbrev  0x000027cb      0x613 /Users/powersmacbook/Storage/ElecOnboarding24/Firmware/mbed/LPC15x9/libmbed.a(CAN.o)
 .debug_abbrev  0x00002dde      0x443 /Users/powersmacbook/Storage/ElecOnboarding24/Firmware/mbed/LPC15x9/libmbed.a(Timer.o)
 .debug_abbrev  0x00003221       0x8c /Users/powersmacbook/Storage/ElecOnboarding24/Firmware/mbed/LPC15x9/libmbed.a(assert.o)
 .debug_abbrev  0x000032ad       0xae /Users/powersmacbook/Storage/ElecOnboarding24/Firmware/mbed/LPC15x9/libmbed.a(board.o)
 .debug_abbrev  0x0000335b      0x23a /Users/powersmacbook/Storage/ElecOnboarding24/Firmware/mbed/LPC15x9/libmbed.a(gpio.o)
 .debug_abbrev  0x00003595      0x20a /Users/powersmacbook/Storage/ElecOnboarding24/Firmware/mbed/LPC15x9/libmbed.a(ticker_api.o)
 .debug_abbrev  0x0000379f      0x14e /Users/powersmacbook/Storage/ElecOnboarding24/Firmware/mbed/LPC15x9/libmbed.a(us_ticker_api.o)
 .debug_abbrev  0x000038ed      0x127 /Users/powersmacbook/Storage/ElecOnboarding24/Firmware/mbed/LPC15x9/libmbed.a(wait_api.o)
 .debug_abbrev  0x00003a14      0x58c /Users/powersmacbook/Storage/ElecOnboarding24/Firmware/mbed/LPC15x9/libmbed.a(can_api.o)
 .debug_abbrev  0x00003fa0      0x271 /Users/powersmacbook/Storage/ElecOnboarding24/Firmware/mbed/LPC15x9/libmbed.a(gpio_api.o)
 .debug_abbrev  0x00004211      0x153 /Users/powersmacbook/Storage/ElecOnboarding24/Firmware/mbed/LPC15x9/libmbed.a(pinmap.o)
 .debug_abbrev  0x00004364      0x26b /Users/powersmacbook/Storage/ElecOnboarding24/Firmware/mbed/LPC15x9/libmbed.a(us_ticker.o)
 .debug_abbrev  0x000045cf      0x162 /Users/powersmacbook/Storage/ElecOnboarding24/Firmware/mbed/LPC15x9/libmbed.a(cmsis_nvic.o)
 .debug_abbrev  0x00004731      0x10a /Applications/MCUXpressoIDE_11.9.1_2170/ide/plugins/com.nxp.mcuxpresso.tools.macosx_11.9.1.202402080819/tools/bin/../lib/gcc/arm-none-eabi/12.3.1/../../../../arm-none-eabi/lib/thumb/v7-m/nofp/libcr_newlib_nohost.a(_cr_sbrk.o)
 .debug_abbrev  0x0000483b       0x6b /Applications/MCUXpressoIDE_11.9.1_2170/ide/plugins/com.nxp.mcuxpresso.tools.macosx_11.9.1.202402080819/tools/bin/../lib/gcc/arm-none-eabi/12.3.1/../../../../arm-none-eabi/lib/thumb/v7-m/nofp/libcr_newlib_nohost.a(_cr_check_heap.o)

.debug_loc      0x00000000     0x364e
 .debug_loc     0x00000000      0x19a ./src/main.o
 .debug_loc     0x0000019a       0x75 ./src/pins.o
 .debug_loc     0x0000020f      0x756 /Users/powersmacbook/Storage/ElecOnboarding24/Firmware/mbed/LPC15x9/libmbed.a(startup_LPC15xx.o)
 .debug_loc     0x00000965      0x6b5 /Users/powersmacbook/Storage/ElecOnboarding24/Firmware/mbed/LPC15x9/libmbed.a(CAN.o)
 .debug_loc     0x0000101a      0x30d /Users/powersmacbook/Storage/ElecOnboarding24/Firmware/mbed/LPC15x9/libmbed.a(Timer.o)
 .debug_loc     0x00001327       0x6f /Users/powersmacbook/Storage/ElecOnboarding24/Firmware/mbed/LPC15x9/libmbed.a(assert.o)
 .debug_loc     0x00001396      0xd08 /Users/powersmacbook/Storage/ElecOnboarding24/Firmware/mbed/LPC15x9/libmbed.a(gpio.o)
 .debug_loc     0x0000209e      0x312 /Users/powersmacbook/Storage/ElecOnboarding24/Firmware/mbed/LPC15x9/libmbed.a(ticker_api.o)
 .debug_loc     0x000023b0      0x17a /Users/powersmacbook/Storage/ElecOnboarding24/Firmware/mbed/LPC15x9/libmbed.a(wait_api.o)
 .debug_loc     0x0000252a      0xd91 /Users/powersmacbook/Storage/ElecOnboarding24/Firmware/mbed/LPC15x9/libmbed.a(can_api.o)
 .debug_loc     0x000032bb      0x144 /Users/powersmacbook/Storage/ElecOnboarding24/Firmware/mbed/LPC15x9/libmbed.a(gpio_api.o)
 .debug_loc     0x000033ff       0xab /Users/powersmacbook/Storage/ElecOnboarding24/Firmware/mbed/LPC15x9/libmbed.a(pinmap.o)
 .debug_loc     0x000034aa       0x85 /Users/powersmacbook/Storage/ElecOnboarding24/Firmware/mbed/LPC15x9/libmbed.a(us_ticker.o)
 .debug_loc     0x0000352f       0x81 /Users/powersmacbook/Storage/ElecOnboarding24/Firmware/mbed/LPC15x9/libmbed.a(cmsis_nvic.o)
 .debug_loc     0x000035b0       0x5c /Applications/MCUXpressoIDE_11.9.1_2170/ide/plugins/com.nxp.mcuxpresso.tools.macosx_11.9.1.202402080819/tools/bin/../lib/gcc/arm-none-eabi/12.3.1/../../../../arm-none-eabi/lib/thumb/v7-m/nofp/libcr_newlib_nohost.a(_cr_sbrk.o)
 .debug_loc     0x0000360c       0x42 /Applications/MCUXpressoIDE_11.9.1_2170/ide/plugins/com.nxp.mcuxpresso.tools.macosx_11.9.1.202402080819/tools/bin/../lib/gcc/arm-none-eabi/12.3.1/../../../../arm-none-eabi/lib/thumb/v7-m/nofp/libcr_newlib_nohost.a(_cr_check_heap.o)

.debug_aranges  0x00000000      0x758
 .debug_aranges
                0x00000000       0x40 ./src/main.o
 .debug_aranges
                0x00000040       0x20 ./src/peripherals.o
 .debug_aranges
                0x00000060       0x28 ./src/pins.o
 .debug_aranges
                0x00000088       0x40 /Users/powersmacbook/Storage/ElecOnboarding24/Firmware/common/LPC15x9/libcommon.a(WDT.o)
 .debug_aranges
                0x000000c8       0x70 /Users/powersmacbook/Storage/ElecOnboarding24/Firmware/common/LPC15x9/libcommon.a(TimingCommon.o)
 .debug_aranges
                0x00000138      0x188 /Users/powersmacbook/Storage/ElecOnboarding24/Firmware/common/LPC15x9/libcommon.a(hardware_common_mbed.o)
 .debug_aranges
                0x000002c0       0xa8 /Users/powersmacbook/Storage/ElecOnboarding24/Firmware/mbed/LPC15x9/libmbed.a(startup_LPC15xx.o)
 .debug_aranges
                0x00000368       0x28 /Users/powersmacbook/Storage/ElecOnboarding24/Firmware/mbed/LPC15x9/libmbed.a(system_LPC15xx.o)
 .debug_aranges
                0x00000390       0x90 /Users/powersmacbook/Storage/ElecOnboarding24/Firmware/mbed/LPC15x9/libmbed.a(CAN.o)
 .debug_aranges
                0x00000420       0x68 /Users/powersmacbook/Storage/ElecOnboarding24/Firmware/mbed/LPC15x9/libmbed.a(Timer.o)
 .debug_aranges
                0x00000488       0x20 /Users/powersmacbook/Storage/ElecOnboarding24/Firmware/mbed/LPC15x9/libmbed.a(assert.o)
 .debug_aranges
                0x000004a8       0x20 /Users/powersmacbook/Storage/ElecOnboarding24/Firmware/mbed/LPC15x9/libmbed.a(board.o)
 .debug_aranges
                0x000004c8       0x40 /Users/powersmacbook/Storage/ElecOnboarding24/Firmware/mbed/LPC15x9/libmbed.a(gpio.o)
 .debug_aranges
                0x00000508       0x48 /Users/powersmacbook/Storage/ElecOnboarding24/Firmware/mbed/LPC15x9/libmbed.a(ticker_api.o)
 .debug_aranges
                0x00000550       0x28 /Users/powersmacbook/Storage/ElecOnboarding24/Firmware/mbed/LPC15x9/libmbed.a(us_ticker_api.o)
 .debug_aranges
                0x00000578       0x30 /Users/powersmacbook/Storage/ElecOnboarding24/Firmware/mbed/LPC15x9/libmbed.a(wait_api.o)
 .debug_aranges
                0x000005a8       0xa8 /Users/powersmacbook/Storage/ElecOnboarding24/Firmware/mbed/LPC15x9/libmbed.a(can_api.o)
 .debug_aranges
                0x00000650       0x38 /Users/powersmacbook/Storage/ElecOnboarding24/Firmware/mbed/LPC15x9/libmbed.a(gpio_api.o)
 .debug_aranges
                0x00000688       0x28 /Users/powersmacbook/Storage/ElecOnboarding24/Firmware/mbed/LPC15x9/libmbed.a(pinmap.o)
 .debug_aranges
                0x000006b0       0x40 /Users/powersmacbook/Storage/ElecOnboarding24/Firmware/mbed/LPC15x9/libmbed.a(us_ticker.o)
 .debug_aranges
                0x000006f0       0x28 /Users/powersmacbook/Storage/ElecOnboarding24/Firmware/mbed/LPC15x9/libmbed.a(cmsis_nvic.o)
 .debug_aranges
                0x00000718       0x20 /Applications/MCUXpressoIDE_11.9.1_2170/ide/plugins/com.nxp.mcuxpresso.tools.macosx_11.9.1.202402080819/tools/bin/../lib/gcc/arm-none-eabi/12.3.1/../../../../arm-none-eabi/lib/thumb/v7-m/nofp/libcr_newlib_nohost.a(_cr_sbrk.o)
 .debug_aranges
                0x00000738       0x20 /Applications/MCUXpressoIDE_11.9.1_2170/ide/plugins/com.nxp.mcuxpresso.tools.macosx_11.9.1.202402080819/tools/bin/../lib/gcc/arm-none-eabi/12.3.1/../../../../arm-none-eabi/lib/thumb/v7-m/nofp/libcr_newlib_nohost.a(_cr_check_heap.o)

.debug_ranges   0x00000000      0xb90
 .debug_ranges  0x00000000       0xd8 ./src/main.o
 .debug_ranges  0x000000d8       0x30 ./src/peripherals.o
 .debug_ranges  0x00000108       0x30 ./src/pins.o
 .debug_ranges  0x00000138       0x30 /Users/powersmacbook/Storage/ElecOnboarding24/Firmware/common/LPC15x9/libcommon.a(WDT.o)
 .debug_ranges  0x00000168       0x60 /Users/powersmacbook/Storage/ElecOnboarding24/Firmware/common/LPC15x9/libcommon.a(TimingCommon.o)
 .debug_ranges  0x000001c8      0x178 /Users/powersmacbook/Storage/ElecOnboarding24/Firmware/common/LPC15x9/libcommon.a(hardware_common_mbed.o)
 .debug_ranges  0x00000340       0xe0 /Users/powersmacbook/Storage/ElecOnboarding24/Firmware/mbed/LPC15x9/libmbed.a(startup_LPC15xx.o)
 .debug_ranges  0x00000420       0x18 /Users/powersmacbook/Storage/ElecOnboarding24/Firmware/mbed/LPC15x9/libmbed.a(system_LPC15xx.o)
 .debug_ranges  0x00000438       0xd0 /Users/powersmacbook/Storage/ElecOnboarding24/Firmware/mbed/LPC15x9/libmbed.a(CAN.o)
 .debug_ranges  0x00000508      0x100 /Users/powersmacbook/Storage/ElecOnboarding24/Firmware/mbed/LPC15x9/libmbed.a(Timer.o)
 .debug_ranges  0x00000608       0x10 /Users/powersmacbook/Storage/ElecOnboarding24/Firmware/mbed/LPC15x9/libmbed.a(assert.o)
 .debug_ranges  0x00000618       0x28 /Users/powersmacbook/Storage/ElecOnboarding24/Firmware/mbed/LPC15x9/libmbed.a(board.o)
 .debug_ranges  0x00000640      0x190 /Users/powersmacbook/Storage/ElecOnboarding24/Firmware/mbed/LPC15x9/libmbed.a(gpio.o)
 .debug_ranges  0x000007d0       0xe0 /Users/powersmacbook/Storage/ElecOnboarding24/Firmware/mbed/LPC15x9/libmbed.a(ticker_api.o)
 .debug_ranges  0x000008b0       0x18 /Users/powersmacbook/Storage/ElecOnboarding24/Firmware/mbed/LPC15x9/libmbed.a(us_ticker_api.o)
 .debug_ranges  0x000008c8       0x68 /Users/powersmacbook/Storage/ElecOnboarding24/Firmware/mbed/LPC15x9/libmbed.a(wait_api.o)
 .debug_ranges  0x00000930      0x190 /Users/powersmacbook/Storage/ElecOnboarding24/Firmware/mbed/LPC15x9/libmbed.a(can_api.o)
 .debug_ranges  0x00000ac0       0x50 /Users/powersmacbook/Storage/ElecOnboarding24/Firmware/mbed/LPC15x9/libmbed.a(gpio_api.o)
 .debug_ranges  0x00000b10       0x18 /Users/powersmacbook/Storage/ElecOnboarding24/Firmware/mbed/LPC15x9/libmbed.a(pinmap.o)
 .debug_ranges  0x00000b28       0x30 /Users/powersmacbook/Storage/ElecOnboarding24/Firmware/mbed/LPC15x9/libmbed.a(us_ticker.o)
 .debug_ranges  0x00000b58       0x18 /Users/powersmacbook/Storage/ElecOnboarding24/Firmware/mbed/LPC15x9/libmbed.a(cmsis_nvic.o)
 .debug_ranges  0x00000b70       0x10 /Applications/MCUXpressoIDE_11.9.1_2170/ide/plugins/com.nxp.mcuxpresso.tools.macosx_11.9.1.202402080819/tools/bin/../lib/gcc/arm-none-eabi/12.3.1/../../../../arm-none-eabi/lib/thumb/v7-m/nofp/libcr_newlib_nohost.a(_cr_sbrk.o)
 .debug_ranges  0x00000b80       0x10 /Applications/MCUXpressoIDE_11.9.1_2170/ide/plugins/com.nxp.mcuxpresso.tools.macosx_11.9.1.202402080819/tools/bin/../lib/gcc/arm-none-eabi/12.3.1/../../../../arm-none-eabi/lib/thumb/v7-m/nofp/libcr_newlib_nohost.a(_cr_check_heap.o)

.debug_macro    0x00000000     0xa54c
 .debug_macro   0x00000000      0x5ed ./src/main.o
 .debug_macro   0x000005ed      0xb98 ./src/main.o
 .debug_macro   0x00001185       0x10 ./src/main.o
 .debug_macro   0x00001195       0x10 ./src/main.o
 .debug_macro   0x000011a5       0x94 ./src/main.o
 .debug_macro   0x00001239       0x22 ./src/main.o
 .debug_macro   0x0000125b       0x3a ./src/main.o
 .debug_macro   0x00001295       0x1c ./src/main.o
 .debug_macro   0x000012b1       0x22 ./src/main.o
 .debug_macro   0x000012d3       0x56 ./src/main.o
 .debug_macro   0x00001329       0x51 ./src/main.o
 .debug_macro   0x0000137a      0x103 ./src/main.o
 .debug_macro   0x0000147d       0x6a ./src/main.o
 .debug_macro   0x000014e7      0x1df ./src/main.o
 .debug_macro   0x000016c6       0x2d ./src/main.o
 .debug_macro   0x000016f3      0xa7d ./src/main.o
 .debug_macro   0x00002170      0x1e0 ./src/main.o
 .debug_macro   0x00002350       0x16 ./src/main.o
 .debug_macro   0x00002366       0x16 ./src/main.o
 .debug_macro   0x0000237c       0x10 ./src/main.o
 .debug_macro   0x0000238c       0x28 ./src/main.o
 .debug_macro   0x000023b4      0x1d6 ./src/main.o
 .debug_macro   0x0000258a       0x10 ./src/main.o
 .debug_macro   0x0000259a      0x3df ./src/main.o
 .debug_macro   0x00002979      0x190 ./src/main.o
 .debug_macro   0x00002b09       0x10 ./src/main.o
 .debug_macro   0x00002b19       0x24 ./src/main.o
 .debug_macro   0x00002b3d       0x7b ./src/main.o
 .debug_macro   0x00002bb8       0x3c ./src/main.o
 .debug_macro   0x00002bf4       0x34 ./src/main.o
 .debug_macro   0x00002c28       0x16 ./src/main.o
 .debug_macro   0x00002c3e       0x35 ./src/main.o
 .debug_macro   0x00002c73       0x16 ./src/main.o
 .debug_macro   0x00002c89       0x43 ./src/main.o
 .debug_macro   0x00002ccc       0x34 ./src/main.o
 .debug_macro   0x00002d00       0x10 ./src/main.o
 .debug_macro   0x00002d10       0x58 ./src/main.o
 .debug_macro   0x00002d68      0x1de ./src/main.o
 .debug_macro   0x00002f46      0x38c ./src/main.o
 .debug_macro   0x000032d2       0x22 ./src/main.o
 .debug_macro   0x000032f4       0x1c ./src/main.o
 .debug_macro   0x00003310       0xde ./src/main.o
 .debug_macro   0x000033ee       0x1c ./src/main.o
 .debug_macro   0x0000340a       0x10 ./src/main.o
 .debug_macro   0x0000341a       0x16 ./src/main.o
 .debug_macro   0x00003430       0x16 ./src/main.o
 .debug_macro   0x00003446      0x115 ./src/main.o
 .debug_macro   0x0000355b      0x123 ./src/main.o
 .debug_macro   0x0000367e       0x16 ./src/main.o
 .debug_macro   0x00003694       0x8e ./src/main.o
 .debug_macro   0x00003722       0x18 ./src/main.o
 .debug_macro   0x0000373a       0xe5 ./src/main.o
 .debug_macro   0x0000381f      0x3cd ./src/main.o
 .debug_macro   0x00003bec       0x16 ./src/main.o
 .debug_macro   0x00003c02       0x10 ./src/main.o
 .debug_macro   0x00003c12       0x10 ./src/main.o
 .debug_macro   0x00003c22       0xaa ./src/main.o
 .debug_macro   0x00003ccc       0x2e ./src/main.o
 .debug_macro   0x00003cfa       0x3a ./src/main.o
 .debug_macro   0x00003d34      0x123 ./src/main.o
 .debug_macro   0x00003e57      0x108 ./src/main.o
 .debug_macro   0x00003f5f       0x10 ./src/main.o
 .debug_macro   0x00003f6f       0x7c ./src/main.o
 .debug_macro   0x00003feb       0x10 ./src/main.o
 .debug_macro   0x00003ffb       0x5e ./src/main.o
 .debug_macro   0x00004059       0x2e ./src/main.o
 .debug_macro   0x00004087       0x28 ./src/main.o
 .debug_macro   0x000040af       0x34 ./src/main.o
 .debug_macro   0x000040e3       0x10 ./src/main.o
 .debug_macro   0x000040f3       0x10 ./src/main.o
 .debug_macro   0x00004103       0x1c ./src/main.o
 .debug_macro   0x0000411f      0x5d3 ./src/peripherals.o
 .debug_macro   0x000046f2      0x56a ./src/pins.o
 .debug_macro   0x00004c5c       0xf1 /Users/powersmacbook/Storage/ElecOnboarding24/Firmware/common/LPC15x9/libcommon.a(WDT.o)
 .debug_macro   0x00004d4d      0xb92 /Users/powersmacbook/Storage/ElecOnboarding24/Firmware/common/LPC15x9/libcommon.a(WDT.o)
 .debug_macro   0x000058df      0x571 /Users/powersmacbook/Storage/ElecOnboarding24/Firmware/common/LPC15x9/libcommon.a(TimingCommon.o)
 .debug_macro   0x00005e50      0x5b4 /Users/powersmacbook/Storage/ElecOnboarding24/Firmware/common/LPC15x9/libcommon.a(hardware_common_mbed.o)
 .debug_macro   0x00006404      0x1ba /Users/powersmacbook/Storage/ElecOnboarding24/Firmware/mbed/LPC15x9/libmbed.a(startup_LPC15xx.o)
 .debug_macro   0x000065be      0xb92 /Users/powersmacbook/Storage/ElecOnboarding24/Firmware/mbed/LPC15x9/libmbed.a(startup_LPC15xx.o)
 .debug_macro   0x00007150      0x11c /Users/powersmacbook/Storage/ElecOnboarding24/Firmware/mbed/LPC15x9/libmbed.a(startup_LPC15xx.o)
 .debug_macro   0x0000726c       0x9b /Users/powersmacbook/Storage/ElecOnboarding24/Firmware/mbed/LPC15x9/libmbed.a(startup_LPC15xx.o)
 .debug_macro   0x00007307      0x170 /Users/powersmacbook/Storage/ElecOnboarding24/Firmware/mbed/LPC15x9/libmbed.a(system_LPC15xx.o)
 .debug_macro   0x00007477      0xaea /Users/powersmacbook/Storage/ElecOnboarding24/Firmware/mbed/LPC15x9/libmbed.a(system_LPC15xx.o)
 .debug_macro   0x00007f61      0xa7d /Users/powersmacbook/Storage/ElecOnboarding24/Firmware/mbed/LPC15x9/libmbed.a(system_LPC15xx.o)
 .debug_macro   0x000089de      0x29e /Users/powersmacbook/Storage/ElecOnboarding24/Firmware/mbed/LPC15x9/libmbed.a(CAN.o)
 .debug_macro   0x00008c7c      0x294 /Users/powersmacbook/Storage/ElecOnboarding24/Firmware/mbed/LPC15x9/libmbed.a(Timer.o)
 .debug_macro   0x00008f10      0x1bb /Users/powersmacbook/Storage/ElecOnboarding24/Firmware/mbed/LPC15x9/libmbed.a(assert.o)
 .debug_macro   0x000090cb       0x34 /Users/powersmacbook/Storage/ElecOnboarding24/Firmware/mbed/LPC15x9/libmbed.a(assert.o)
 .debug_macro   0x000090ff      0x11c /Users/powersmacbook/Storage/ElecOnboarding24/Firmware/mbed/LPC15x9/libmbed.a(assert.o)
 .debug_macro   0x0000921b       0x94 /Users/powersmacbook/Storage/ElecOnboarding24/Firmware/mbed/LPC15x9/libmbed.a(assert.o)
 .debug_macro   0x000092af       0x43 /Users/powersmacbook/Storage/ElecOnboarding24/Firmware/mbed/LPC15x9/libmbed.a(assert.o)
 .debug_macro   0x000092f2      0x369 /Users/powersmacbook/Storage/ElecOnboarding24/Firmware/mbed/LPC15x9/libmbed.a(assert.o)
 .debug_macro   0x0000965b      0x11f /Users/powersmacbook/Storage/ElecOnboarding24/Firmware/mbed/LPC15x9/libmbed.a(board.o)
 .debug_macro   0x0000977a       0x16 /Users/powersmacbook/Storage/ElecOnboarding24/Firmware/mbed/LPC15x9/libmbed.a(board.o)
 .debug_macro   0x00009790      0x103 /Users/powersmacbook/Storage/ElecOnboarding24/Firmware/mbed/LPC15x9/libmbed.a(gpio.o)
 .debug_macro   0x00009893      0x10c /Users/powersmacbook/Storage/ElecOnboarding24/Firmware/mbed/LPC15x9/libmbed.a(ticker_api.o)
 .debug_macro   0x0000999f      0x189 /Users/powersmacbook/Storage/ElecOnboarding24/Firmware/mbed/LPC15x9/libmbed.a(ticker_api.o)
 .debug_macro   0x00009b28      0x10c /Users/powersmacbook/Storage/ElecOnboarding24/Firmware/mbed/LPC15x9/libmbed.a(us_ticker_api.o)
 .debug_macro   0x00009c34      0x116 /Users/powersmacbook/Storage/ElecOnboarding24/Firmware/mbed/LPC15x9/libmbed.a(wait_api.o)
 .debug_macro   0x00009d4a      0x2fd /Users/powersmacbook/Storage/ElecOnboarding24/Firmware/mbed/LPC15x9/libmbed.a(can_api.o)
 .debug_macro   0x0000a047       0xec /Users/powersmacbook/Storage/ElecOnboarding24/Firmware/mbed/LPC15x9/libmbed.a(can_api.o)
 .debug_macro   0x0000a133       0x35 /Users/powersmacbook/Storage/ElecOnboarding24/Firmware/mbed/LPC15x9/libmbed.a(can_api.o)
 .debug_macro   0x0000a168      0x111 /Users/powersmacbook/Storage/ElecOnboarding24/Firmware/mbed/LPC15x9/libmbed.a(gpio_api.o)
 .debug_macro   0x0000a279       0xe2 /Users/powersmacbook/Storage/ElecOnboarding24/Firmware/mbed/LPC15x9/libmbed.a(pinmap.o)
 .debug_macro   0x0000a35b       0x10 /Users/powersmacbook/Storage/ElecOnboarding24/Firmware/mbed/LPC15x9/libmbed.a(pinmap.o)
 .debug_macro   0x0000a36b      0x11f /Users/powersmacbook/Storage/ElecOnboarding24/Firmware/mbed/LPC15x9/libmbed.a(us_ticker.o)
 .debug_macro   0x0000a48a       0xc2 /Users/powersmacbook/Storage/ElecOnboarding24/Firmware/mbed/LPC15x9/libmbed.a(cmsis_nvic.o)

.debug_line     0x00000000     0xd9ad
 .debug_line    0x00000000     0x10f1 ./src/main.o
 .debug_line    0x000010f1      0xef4 ./src/peripherals.o
 .debug_line    0x00001fe5      0xdbc ./src/pins.o
 .debug_line    0x00002da1      0x6ae /Users/powersmacbook/Storage/ElecOnboarding24/Firmware/common/LPC15x9/libcommon.a(WDT.o)
 .debug_line    0x0000344f      0xfb1 /Users/powersmacbook/Storage/ElecOnboarding24/Firmware/common/LPC15x9/libcommon.a(TimingCommon.o)
 .debug_line    0x00004400     0x14f6 /Users/powersmacbook/Storage/ElecOnboarding24/Firmware/common/LPC15x9/libcommon.a(hardware_common_mbed.o)
 .debug_line    0x000058f6      0xa32 /Users/powersmacbook/Storage/ElecOnboarding24/Firmware/mbed/LPC15x9/libmbed.a(startup_LPC15xx.o)
 .debug_line    0x00006328      0x56b /Users/powersmacbook/Storage/ElecOnboarding24/Firmware/mbed/LPC15x9/libmbed.a(system_LPC15xx.o)
 .debug_line    0x00006893      0xb58 /Users/powersmacbook/Storage/ElecOnboarding24/Firmware/mbed/LPC15x9/libmbed.a(CAN.o)
 .debug_line    0x000073eb      0xb08 /Users/powersmacbook/Storage/ElecOnboarding24/Firmware/mbed/LPC15x9/libmbed.a(Timer.o)
 .debug_line    0x00007ef3      0x5ef /Users/powersmacbook/Storage/ElecOnboarding24/Firmware/mbed/LPC15x9/libmbed.a(assert.o)
 .debug_line    0x000084e2      0x61f /Users/powersmacbook/Storage/ElecOnboarding24/Firmware/mbed/LPC15x9/libmbed.a(board.o)
 .debug_line    0x00008b01      0x7f1 /Users/powersmacbook/Storage/ElecOnboarding24/Firmware/mbed/LPC15x9/libmbed.a(gpio.o)
 .debug_line    0x000092f2      0x889 /Users/powersmacbook/Storage/ElecOnboarding24/Firmware/mbed/LPC15x9/libmbed.a(ticker_api.o)
 .debug_line    0x00009b7b      0x5e1 /Users/powersmacbook/Storage/ElecOnboarding24/Firmware/mbed/LPC15x9/libmbed.a(us_ticker_api.o)
 .debug_line    0x0000a15c      0x694 /Users/powersmacbook/Storage/ElecOnboarding24/Firmware/mbed/LPC15x9/libmbed.a(wait_api.o)
 .debug_line    0x0000a7f0     0x1583 /Users/powersmacbook/Storage/ElecOnboarding24/Firmware/mbed/LPC15x9/libmbed.a(can_api.o)
 .debug_line    0x0000bd73      0x76f /Users/powersmacbook/Storage/ElecOnboarding24/Firmware/mbed/LPC15x9/libmbed.a(gpio_api.o)
 .debug_line    0x0000c4e2      0x62d /Users/powersmacbook/Storage/ElecOnboarding24/Firmware/mbed/LPC15x9/libmbed.a(pinmap.o)
 .debug_line    0x0000cb0f      0x819 /Users/powersmacbook/Storage/ElecOnboarding24/Firmware/mbed/LPC15x9/libmbed.a(us_ticker.o)
 .debug_line    0x0000d328      0x457 /Users/powersmacbook/Storage/ElecOnboarding24/Firmware/mbed/LPC15x9/libmbed.a(cmsis_nvic.o)
 .debug_line    0x0000d77f      0x1cd /Applications/MCUXpressoIDE_11.9.1_2170/ide/plugins/com.nxp.mcuxpresso.tools.macosx_11.9.1.202402080819/tools/bin/../lib/gcc/arm-none-eabi/12.3.1/../../../../arm-none-eabi/lib/thumb/v7-m/nofp/libcr_newlib_nohost.a(_cr_sbrk.o)
 .debug_line    0x0000d94c       0x61 /Applications/MCUXpressoIDE_11.9.1_2170/ide/plugins/com.nxp.mcuxpresso.tools.macosx_11.9.1.202402080819/tools/bin/../lib/gcc/arm-none-eabi/12.3.1/../../../../arm-none-eabi/lib/thumb/v7-m/nofp/libcr_newlib_nohost.a(_cr_check_heap.o)

.debug_str      0x00000000    0x14f83
 .debug_str     0x00000000    0x116a1 ./src/main.o
                              0x11d4a (size before relaxing)
 .debug_str     0x000116a1      0x252 ./src/peripherals.o
                              0x11d6b (size before relaxing)
 .debug_str     0x000118f3       0x7a ./src/pins.o
                              0x1103b (size before relaxing)
 .debug_str     0x0001196d      0x47b /Users/powersmacbook/Storage/ElecOnboarding24/Firmware/common/LPC15x9/libcommon.a(WDT.o)
                               0xabc1 (size before relaxing)
 .debug_str     0x00011de8      0x202 /Users/powersmacbook/Storage/ElecOnboarding24/Firmware/common/LPC15x9/libcommon.a(TimingCommon.o)
                              0x1110b (size before relaxing)
 .debug_str     0x00011fea      0xd7e /Users/powersmacbook/Storage/ElecOnboarding24/Firmware/common/LPC15x9/libcommon.a(hardware_common_mbed.o)
                              0x1299a (size before relaxing)
 .debug_str     0x00012d68      0x455 /Users/powersmacbook/Storage/ElecOnboarding24/Firmware/mbed/LPC15x9/libmbed.a(startup_LPC15xx.o)
                               0xd9c3 (size before relaxing)
 .debug_str     0x000131bd      0x5d4 /Users/powersmacbook/Storage/ElecOnboarding24/Firmware/mbed/LPC15x9/libmbed.a(system_LPC15xx.o)
                               0x8f2e (size before relaxing)
 .debug_str     0x00013791      0x4e4 /Users/powersmacbook/Storage/ElecOnboarding24/Firmware/mbed/LPC15x9/libmbed.a(CAN.o)
                               0xedfd (size before relaxing)
 .debug_str     0x00013c75       0x85 /Users/powersmacbook/Storage/ElecOnboarding24/Firmware/mbed/LPC15x9/libmbed.a(Timer.o)
                               0xe722 (size before relaxing)
 .debug_str     0x00013cfa       0xe6 /Users/powersmacbook/Storage/ElecOnboarding24/Firmware/mbed/LPC15x9/libmbed.a(assert.o)
                               0xbc41 (size before relaxing)
 .debug_str     0x00013de0       0x75 /Users/powersmacbook/Storage/ElecOnboarding24/Firmware/mbed/LPC15x9/libmbed.a(board.o)
                               0x8daf (size before relaxing)
 .debug_str     0x00013e55       0xf7 /Users/powersmacbook/Storage/ElecOnboarding24/Firmware/mbed/LPC15x9/libmbed.a(gpio.o)
                               0x8ea2 (size before relaxing)
 .debug_str     0x00013f4c       0x80 /Users/powersmacbook/Storage/ElecOnboarding24/Firmware/mbed/LPC15x9/libmbed.a(ticker_api.o)
                               0x9082 (size before relaxing)
 .debug_str     0x00013fcc       0xc7 /Users/powersmacbook/Storage/ElecOnboarding24/Firmware/mbed/LPC15x9/libmbed.a(us_ticker_api.o)
                               0x8d6c (size before relaxing)
 .debug_str     0x00014093       0x4b /Users/powersmacbook/Storage/ElecOnboarding24/Firmware/mbed/LPC15x9/libmbed.a(wait_api.o)
                               0x8c1d (size before relaxing)
 .debug_str     0x000140de      0xa44 /Users/powersmacbook/Storage/ElecOnboarding24/Firmware/mbed/LPC15x9/libmbed.a(can_api.o)
                               0xd256 (size before relaxing)
 .debug_str     0x00014b22       0x9f /Users/powersmacbook/Storage/ElecOnboarding24/Firmware/mbed/LPC15x9/libmbed.a(gpio_api.o)
                               0x9171 (size before relaxing)
 .debug_str     0x00014bc1       0x4e /Users/powersmacbook/Storage/ElecOnboarding24/Firmware/mbed/LPC15x9/libmbed.a(pinmap.o)
                               0x8c18 (size before relaxing)
 .debug_str     0x00014c0f       0xc1 /Users/powersmacbook/Storage/ElecOnboarding24/Firmware/mbed/LPC15x9/libmbed.a(us_ticker.o)
                               0x9659 (size before relaxing)
 .debug_str     0x00014cd0      0x102 /Users/powersmacbook/Storage/ElecOnboarding24/Firmware/mbed/LPC15x9/libmbed.a(cmsis_nvic.o)
                               0x8cde (size before relaxing)
 .debug_str     0x00014dd2      0x18c /Applications/MCUXpressoIDE_11.9.1_2170/ide/plugins/com.nxp.mcuxpresso.tools.macosx_11.9.1.202402080819/tools/bin/../lib/gcc/arm-none-eabi/12.3.1/../../../../arm-none-eabi/lib/thumb/v7-m/nofp/libcr_newlib_nohost.a(_cr_sbrk.o)
                                0x228 (size before relaxing)
 .debug_str     0x00014f5e       0x25 /Applications/MCUXpressoIDE_11.9.1_2170/ide/plugins/com.nxp.mcuxpresso.tools.macosx_11.9.1.202402080819/tools/bin/../lib/gcc/arm-none-eabi/12.3.1/../../../../arm-none-eabi/lib/thumb/v7-m/nofp/libcr_newlib_nohost.a(_cr_check_heap.o)
                                0x173 (size before relaxing)

.comment        0x00000000       0x45
 .comment       0x00000000       0x45 ./src/main.o
                                 0x46 (size before relaxing)
 .comment       0x00000045       0x46 ./src/peripherals.o
 .comment       0x00000045       0x46 ./src/pins.o
 .comment       0x00000045       0x46 /Users/powersmacbook/Storage/ElecOnboarding24/Firmware/common/LPC15x9/libcommon.a(WDT.o)
 .comment       0x00000045       0x46 /Users/powersmacbook/Storage/ElecOnboarding24/Firmware/common/LPC15x9/libcommon.a(TimingCommon.o)
 .comment       0x00000045       0x46 /Users/powersmacbook/Storage/ElecOnboarding24/Firmware/common/LPC15x9/libcommon.a(hardware_common_mbed.o)
 .comment       0x00000045       0x46 /Users/powersmacbook/Storage/ElecOnboarding24/Firmware/mbed/LPC15x9/libmbed.a(startup_LPC15xx.o)
 .comment       0x00000045       0x46 /Users/powersmacbook/Storage/ElecOnboarding24/Firmware/mbed/LPC15x9/libmbed.a(system_LPC15xx.o)
 .comment       0x00000045       0x46 /Users/powersmacbook/Storage/ElecOnboarding24/Firmware/mbed/LPC15x9/libmbed.a(CAN.o)
 .comment       0x00000045       0x46 /Users/powersmacbook/Storage/ElecOnboarding24/Firmware/mbed/LPC15x9/libmbed.a(Timer.o)
 .comment       0x00000045       0x46 /Users/powersmacbook/Storage/ElecOnboarding24/Firmware/mbed/LPC15x9/libmbed.a(assert.o)
 .comment       0x00000045       0x46 /Users/powersmacbook/Storage/ElecOnboarding24/Firmware/mbed/LPC15x9/libmbed.a(board.o)
 .comment       0x00000045       0x46 /Users/powersmacbook/Storage/ElecOnboarding24/Firmware/mbed/LPC15x9/libmbed.a(gpio.o)
 .comment       0x00000045       0x46 /Users/powersmacbook/Storage/ElecOnboarding24/Firmware/mbed/LPC15x9/libmbed.a(ticker_api.o)
 .comment       0x00000045       0x46 /Users/powersmacbook/Storage/ElecOnboarding24/Firmware/mbed/LPC15x9/libmbed.a(us_ticker_api.o)
 .comment       0x00000045       0x46 /Users/powersmacbook/Storage/ElecOnboarding24/Firmware/mbed/LPC15x9/libmbed.a(wait_api.o)
 .comment       0x00000045       0x46 /Users/powersmacbook/Storage/ElecOnboarding24/Firmware/mbed/LPC15x9/libmbed.a(can_api.o)
 .comment       0x00000045       0x46 /Users/powersmacbook/Storage/ElecOnboarding24/Firmware/mbed/LPC15x9/libmbed.a(gpio_api.o)
 .comment       0x00000045       0x46 /Users/powersmacbook/Storage/ElecOnboarding24/Firmware/mbed/LPC15x9/libmbed.a(pinmap.o)
 .comment       0x00000045       0x46 /Users/powersmacbook/Storage/ElecOnboarding24/Firmware/mbed/LPC15x9/libmbed.a(us_ticker.o)
 .comment       0x00000045       0x46 /Users/powersmacbook/Storage/ElecOnboarding24/Firmware/mbed/LPC15x9/libmbed.a(cmsis_nvic.o)
 .comment       0x00000045       0x46 /Applications/MCUXpressoIDE_11.9.1_2170/ide/plugins/com.nxp.mcuxpresso.tools.macosx_11.9.1.202402080819/tools/bin/../lib/gcc/arm-none-eabi/12.3.1/../../../../arm-none-eabi/lib/thumb/v7-m/nofp/libcr_newlib_nohost.a(_cr_sbrk.o)
 .comment       0x00000045       0x46 /Applications/MCUXpressoIDE_11.9.1_2170/ide/plugins/com.nxp.mcuxpresso.tools.macosx_11.9.1.202402080819/tools/bin/../lib/gcc/arm-none-eabi/12.3.1/../../../../arm-none-eabi/lib/thumb/v7-m/nofp/libcr_newlib_nohost.a(_cr_check_heap.o)

.ARM.attributes
                0x00000000       0x2b
 .ARM.attributes
                0x00000000       0x2d ./src/main.o
 .ARM.attributes
                0x0000002d       0x2d ./src/peripherals.o
 .ARM.attributes
                0x0000005a       0x2d ./src/pins.o
 .ARM.attributes